*[name]tree[x]52[z]0[height]3.1[diam]3.1
*[name]finish[x]44[z]1[height]6.0[diam]9.0
*[name]finish[x]45[z]1[height]6.0[diam]9.0
*[name]finish[x]44[z]2[height]6.0[diam]9.0
*[name]finish[x]45[z]2[height]6.0[diam]9.0
*[name]tree[x]54[z]3[height]1.9[diam]1.7
*[name]tree[x]56[z]3[height]3.3[diam]2.4
*[name]tree[x]58[z]6[height]2.3[diam]1.7
*[name]tree[x]57[z]8[height]2.7[diam]2.5
*[name]tree[x]58[z]10[height]3.1[diam]2.4
*[name]tree[x]60[z]11[height]2.5[diam]2.2
*[name]tree[x]61[z]15[height]3.3[diam]2.6
*[name]tree[x]64[z]15[height]2.5[diam]2.1
*[name]tree[x]62[z]18[height]1.9[diam]1.4
*[name]tree[x]64[z]19[height]2.1[diam]2.0
*[name]tree[x]67[z]21[height]3.2[diam]2.6
*[name]tree[x]65[z]23[height]2.1[diam]1.9
*[name]tree[x]66[z]25[height]3.1[diam]2.8
*[name]tree[x]68[z]25[height]3.0[diam]2.4
*[name]tree[x]69[z]28[height]3.0[diam]2.6
*[name]tree[x]67[z]29[height]2.3[diam]2.1
*[name]tree[x]67[z]30[height]1.8[diam]1.4
*[name]tree[x]69[z]31[height]3.2[diam]2.6
*[name]tree[x]69[z]32[height]2.3[diam]1.9
*[name]tree[x]67[z]33[height]1.9[diam]1.4
*[name]tree[x]49[z]34[height]2.7[diam]2.3
*[name]tree[x]69[z]36[height]2.8[diam]2.3
*[name]tree[x]67[z]37[height]3.2[diam]2.3
*[name]tree[x]51[z]39[height]3.2[diam]3.1
*[name]tree[x]68[z]40[height]1.8[diam]1.3
*[name]tree[x]70[z]40[height]3.1[diam]2.9
*[name]tree[x]67[z]41[height]2.3[diam]2.2
*[name]tree[x]69[z]45[height]2.8[diam]2.0
*[name]tree[x]67[z]46[height]2.8[diam]2.2
*[name]tree[x]68[z]48[height]2.3[diam]1.9
*[name]tree[x]70[z]50[height]3.1[diam]2.8
*[name]tree[x]68[z]52[height]1.9[diam]1.8
*[name]tree[x]69[z]53[height]3.1[diam]3.0
*[name]tree[x]66[z]54[height]2.0[diam]1.5
*[name]tree[x]50[z]57[height]2.1[diam]1.6
*[name]tree[x]66[z]57[height]2.0[diam]1.8
*[name]tree[x]68[z]57[height]3.0[diam]2.7
*[name]tree[x]68[z]60[height]2.0[diam]1.7
*[name]tree[x]66[z]61[height]3.0[diam]3.0
*[name]tree[x]65[z]65[height]2.5[diam]2.3
*[name]tree[x]68[z]65[height]3.5[diam]2.6
*[name]tree[x]67[z]68[height]2.8[diam]2.2
*[name]tree[x]65[z]69[height]1.9[diam]1.5
*[name]tree[x]64[z]73[height]2.3[diam]2.1
*[name]tree[x]46[z]75[height]2.6[diam]2.3
*[name]tree[x]64[z]76[height]3.4[diam]2.7
*[name]tree[x]63[z]77[height]2.1[diam]1.5
*[name]tree[x]65[z]79[height]1.9[diam]1.9
*[name]tree[x]62[z]81[height]3.3[diam]2.5
*[name]tree[x]61[z]84[height]3.5[diam]2.6
*[name]tree[x]64[z]84[height]2.5[diam]1.9
*[name]tree[x]62[z]86[height]3.1[diam]2.3
*[name]tree[x]64[z]87[height]3.2[diam]3.1
*[name]tree[x]61[z]88[height]2.8[diam]2.5
*[name]tree[x]63[z]90[height]3.2[diam]2.3
*[name]tree[x]45[z]91[height]2.3[diam]2.1
*[name]tree[x]61[z]92[height]2.0[diam]2.0
*[name]tree[x]63[z]95[height]1.8[diam]1.4
*[name]tree[x]62[z]96[height]1.9[diam]1.5
*[name]tree[x]61[z]98[height]3.3[diam]2.9
*[name]tree[x]62[z]101[height]3.4[diam]3.3
*[name]tree[x]61[z]102[height]3.1[diam]2.4
*[name]tree[x]62[z]103[height]3.3[diam]3.1
*[name]tree[x]63[z]105[height]1.9[diam]1.8
*[name]tree[x]61[z]106[height]1.8[diam]1.3
*[name]tree[x]62[z]109[height]3.2[diam]2.6
*[name]tree[x]61[z]110[height]2.1[diam]1.9
*[name]tree[x]62[z]112[height]2.7[diam]1.9
*[name]tree[x]63[z]113[height]2.5[diam]1.9
*[name]tree[x]61[z]114[height]2.8[diam]2.2
*[name]tree[x]62[z]117[height]2.0[diam]1.9
*[name]tree[x]61[z]118[height]1.8[diam]1.5
*[name]tree[x]62[z]119[height]3.1[diam]2.2
*[name]tree[x]61[z]122[height]2.7[diam]2.5
*[name]tree[x]63[z]122[height]2.5[diam]2.1
*[name]tree[x]61[z]124[height]2.3[diam]1.9
*[name]tree[x]61[z]125[height]2.3[diam]1.7
*[name]tree[x]63[z]127[height]2.6[diam]2.0
*[name]tree[x]61[z]128[height]3.4[diam]3.0
*[name]tree[x]62[z]129[height]3.3[diam]3.2
*[name]tree[x]61[z]130[height]2.9[diam]2.7
*[name]tree[x]61[z]132[height]2.4[diam]2.3
*[name]tree[x]70[z]195[height]2.2[diam]2.1
*[name]tree[x]71[z]196[height]3.4[diam]3.0
*[name]tree[x]71[z]197[height]3.5[diam]3.0
*[name]tree[x]71[z]198[height]3.4[diam]2.6
*[name]tree[x]71[z]199[height]2.3[diam]2.3
*[name]tree[x]71[z]200[height]2.5[diam]1.9
*[name]tree[x]71[z]201[height]1.8[diam]1.8
*[name]tree[x]43[z]359[height]3.3[diam]2.7
*[name]tree[x]40[z]360[height]2.5[diam]1.9
*[name]tree[x]44[z]360[height]3.1[diam]2.8
*[name]tree[x]39[z]361[height]2.2[diam]1.7
*[name]tree[x]43[z]361[height]3.2[diam]2.4
*[name]tree[x]45[z]361[height]3.2[diam]2.9
*[name]tree[x]41[z]362[height]1.9[diam]1.6
*[name]tree[x]46[z]362[height]2.4[diam]2.0
*[name]tree[x]44[z]363[height]2.4[diam]2.1
*[name]tree[x]40[z]364[height]2.3[diam]1.8
*[name]tree[x]39[z]365[height]2.2[diam]1.8
*[name]tree[x]41[z]365[height]3.0[diam]2.3
*[name]tree[x]43[z]365[height]2.5[diam]1.8
*[name]tree[x]47[z]365[height]2.0[diam]1.9
*[name]tree[x]42[z]366[height]1.9[diam]1.5
*[name]tree[x]44[z]366[height]3.2[diam]3.2
*[name]tree[x]48[z]366[height]2.8[diam]2.2
*[name]tree[x]45[z]367[height]2.0[diam]1.6
*[name]tree[x]47[z]367[height]3.3[diam]2.7
*[name]tree[x]49[z]367[height]2.8[diam]2.6
*[name]tree[x]46[z]368[height]2.6[diam]2.2
*[name]tree[x]50[z]368[height]2.4[diam]2.1
*[name]tree[x]47[z]369[height]3.4[diam]3.1
*[name]tree[x]51[z]369[height]3.5[diam]2.8
*[name]tree[x]48[z]370[height]2.3[diam]1.8
*[name]tree[x]49[z]371[height]2.6[diam]2.3
*[name]tree[x]50[z]371[height]2.8[diam]2.2
*[name]tree[x]51[z]371[height]3.0[diam]2.2
*[name]tree[x]52[z]372[height]2.2[diam]2.1
*[name]tree[x]54[z]372[height]3.4[diam]2.8
*[name]tree[x]52[z]374[height]1.8[diam]1.7
*[name]tree[x]54[z]374[height]2.3[diam]2.1
*[name]tree[x]53[z]375[height]3.5[diam]2.9
*[name]tree[x]55[z]375[height]3.5[diam]3.4
*[name]tree[x]57[z]375[height]3.1[diam]2.7
*[name]tree[x]54[z]376[height]2.8[diam]2.2
*[name]tree[x]58[z]376[height]1.8[diam]1.8
*[name]tree[x]55[z]377[height]3.2[diam]3.1
*[name]tree[x]57[z]377[height]2.9[diam]2.7
*[name]tree[x]59[z]377[height]2.1[diam]2.0
*[name]tree[x]54[z]378[height]2.0[diam]1.8
*[name]tree[x]57[z]379[height]2.5[diam]2.3
*[name]tree[x]61[z]379[height]3.3[diam]2.5
*[name]tree[x]63[z]379[height]3.1[diam]2.3
*[name]tree[x]54[z]380[height]3.4[diam]3.1
*[name]tree[x]60[z]380[height]2.7[diam]2.6
*[name]tree[x]55[z]381[height]2.5[diam]2.3
*[name]tree[x]61[z]381[height]2.8[diam]2.3
*[name]tree[x]54[z]382[height]2.2[diam]1.9
*[name]tree[x]59[z]382[height]2.2[diam]2.2
*[name]tree[x]62[z]382[height]2.0[diam]1.9
*[name]tree[x]57[z]383[height]2.2[diam]1.7
*[name]tree[x]61[z]383[height]3.1[diam]2.2
*[name]tree[x]63[z]383[height]1.9[diam]1.6
*[name]tree[x]54[z]384[height]3.3[diam]2.6
*[name]tree[x]58[z]385[height]2.3[diam]2.3
*[name]tree[x]62[z]385[height]3.4[diam]3.1
*[name]tree[x]54[z]386[height]3.0[diam]2.8
*[name]tree[x]53[z]387[height]3.3[diam]2.7
*[name]tree[x]55[z]387[height]3.4[diam]3.2
*[name]tree[x]57[z]387[height]1.9[diam]1.6
*[name]tree[x]61[z]387[height]3.1[diam]2.6
*[name]tree[x]63[z]387[height]2.2[diam]1.8
*[name]tree[x]54[z]388[height]3.2[diam]2.8
*[name]tree[x]60[z]388[height]3.3[diam]2.4
*[name]tree[x]62[z]388[height]2.7[diam]1.9
*[name]tree[x]53[z]389[height]3.3[diam]3.0
*[name]tree[x]59[z]389[height]2.1[diam]1.9
*[name]tree[x]54[z]390[height]3.2[diam]2.5
*[name]tree[x]58[z]390[height]3.5[diam]3.2
*[name]tree[x]51[z]391[height]2.7[diam]2.1
*[name]tree[x]53[z]391[height]3.0[diam]2.5
*[name]tree[x]57[z]391[height]3.5[diam]2.9
*[name]tree[x]59[z]391[height]2.2[diam]2.0
*[name]tree[x]48[z]392[height]3.2[diam]2.4
*[name]tree[x]56[z]392[height]2.9[diam]2.8
*[name]tree[x]58[z]392[height]2.8[diam]2.3
*[name]tree[x]49[z]393[height]2.3[diam]2.2
*[name]tree[x]51[z]393[height]3.1[diam]2.3
*[name]tree[x]57[z]393[height]2.4[diam]2.2
*[name]tree[x]48[z]394[height]2.1[diam]2.0
*[name]tree[x]53[z]394[height]2.9[diam]2.1
*[name]tree[x]56[z]394[height]2.9[diam]2.8
*[name]tree[x]45[z]395[height]2.9[diam]2.5
*[name]tree[x]47[z]395[height]2.0[diam]1.8
*[name]tree[x]49[z]395[height]2.0[diam]1.8
*[name]tree[x]44[z]396[height]3.3[diam]3.1
*[name]tree[x]46[z]396[height]1.9[diam]1.8
*[name]tree[x]48[z]396[height]2.1[diam]1.7
*[name]tree[x]56[z]396[height]2.9[diam]2.9
*[name]tree[x]47[z]397[height]2.6[diam]2.1
*[name]tree[x]50[z]397[height]3.3[diam]2.4
*[name]tree[x]52[z]397[height]3.0[diam]2.3
*[name]tree[x]55[z]397[height]3.4[diam]2.9
*[name]tree[x]42[z]398[height]2.3[diam]1.9
*[name]tree[x]44[z]398[height]1.8[diam]1.6
*[name]tree[x]48[z]398[height]2.2[diam]2.0
*[name]tree[x]54[z]398[height]2.7[diam]2.6
*[name]tree[x]41[z]399[height]2.8[diam]2.1
*[name]tree[x]43[z]399[height]2.3[diam]2.1
*[name]tree[x]45[z]399[height]3.2[diam]2.7
*[name]tree[x]50[z]399[height]2.4[diam]2.2
*[name]tree[x]44[z]400[height]2.3[diam]2.0
*[name]tree[x]46[z]400[height]2.7[diam]2.3
*[name]tree[x]48[z]400[height]3.1[diam]2.4
*[name]tree[x]45[z]401[height]2.7[diam]2.1
*[name]tree[x]47[z]401[height]2.7[diam]2.2
*[name]tree[x]49[z]401[height]2.3[diam]1.7
*[name]tree[x]52[z]401[height]2.7[diam]2.1
*[name]tree[x]55[z]401[height]2.8[diam]2.7
*[name]tree[x]46[z]402[height]2.8[diam]2.5
*[name]tree[x]48[z]402[height]2.4[diam]2.2
*[name]tree[x]54[z]402[height]2.4[diam]2.3
*[name]tree[x]47[z]403[height]2.9[diam]2.9
*[name]tree[x]49[z]403[height]1.9[diam]1.9
*[name]tree[x]53[z]403[height]2.9[diam]2.8
*[name]tree[x]55[z]403[height]2.6[diam]2.6
*[name]tree[x]48[z]404[height]2.8[diam]2.6
*[name]tree[x]50[z]404[height]2.5[diam]1.9
*[name]tree[x]54[z]404[height]2.3[diam]1.8
*[name]tree[x]51[z]405[height]2.4[diam]2.2
*[name]tree[x]53[z]405[height]2.4[diam]2.3
*[name]tree[x]55[z]405[height]2.1[diam]1.9
*[name]tree[x]50[z]406[height]1.8[diam]1.7
*[name]tree[x]54[z]406[height]3.3[diam]3.0
*[name]tree[x]51[z]407[height]2.7[diam]2.3
*[name]tree[x]52[z]408[height]2.2[diam]2.1
*[name]tree[x]53[z]408[height]2.2[diam]2.0
*[name]tree[x]54[z]408[height]3.1[diam]3.0
*[name]tree[x]54[z]410[height]2.7[diam]2.6
*[name]tree[x]53[z]411[height]3.4[diam]2.5
*[name]tree[x]55[z]411[height]3.1[diam]2.6
*[name]tree[x]54[z]412[height]2.0[diam]1.6
*[name]tree[x]53[z]413[height]2.0[diam]1.8
*[name]tree[x]55[z]413[height]2.6[diam]2.2
*[name]tree[x]57[z]413[height]3.0[diam]2.9
*[name]tree[x]56[z]414[height]2.2[diam]1.6
*[name]tree[x]55[z]415[height]2.9[diam]2.4
*[name]tree[x]57[z]415[height]3.1[diam]2.8
*[name]tree[x]53[z]417[height]2.0[diam]1.8
*[name]tree[x]57[z]417[height]2.3[diam]2.1
*[name]tree[x]59[z]417[height]1.9[diam]1.7
*[name]tree[x]52[z]418[height]2.7[diam]2.2
*[name]tree[x]55[z]418[height]2.1[diam]1.6
*[name]tree[x]53[z]419[height]2.2[diam]2.0
*[name]tree[x]59[z]419[height]2.0[diam]1.5
*[name]tree[x]61[z]419[height]3.2[diam]3.1
*[name]tree[x]52[z]420[height]2.7[diam]2.7
*[name]tree[x]54[z]420[height]2.2[diam]2.0
*[name]tree[x]57[z]420[height]2.6[diam]2.4
*[name]tree[x]60[z]420[height]2.1[diam]1.6
*[name]tree[x]53[z]421[height]2.7[diam]2.3
*[name]tree[x]59[z]421[height]2.2[diam]1.7
*[name]tree[x]61[z]421[height]3.3[diam]3.2
*[name]tree[x]52[z]422[height]3.3[diam]3.3
*[name]tree[x]55[z]422[height]2.9[diam]2.2
*[name]tree[x]56[z]422[height]2.9[diam]2.6
*[name]tree[x]60[z]422[height]3.1[diam]2.4
*[name]tree[x]51[z]423[height]1.9[diam]1.9
*[name]tree[x]59[z]423[height]2.5[diam]2.0
*[name]tree[x]52[z]424[height]2.9[diam]2.5
*[name]tree[x]56[z]424[height]2.7[diam]2.3
*[name]tree[x]58[z]424[height]2.5[diam]1.9
*[name]tree[x]60[z]424[height]2.4[diam]2.2
*[name]tree[x]51[z]425[height]3.1[diam]3.0
*[name]tree[x]53[z]425[height]2.5[diam]2.5
*[name]tree[x]54[z]425[height]3.5[diam]3.5
*[name]tree[x]59[z]425[height]2.4[diam]1.9
*[name]tree[x]50[z]426[height]2.1[diam]1.6
*[name]tree[x]52[z]426[height]2.2[diam]1.6
*[name]tree[x]58[z]426[height]2.1[diam]2.0
*[name]tree[x]51[z]427[height]2.2[diam]2.1
*[name]tree[x]57[z]427[height]2.8[diam]2.0
*[name]tree[x]59[z]427[height]3.4[diam]3.1
*[name]tree[x]50[z]428[height]3.5[diam]2.8
*[name]tree[x]55[z]428[height]3.5[diam]3.1
*[name]tree[x]56[z]428[height]3.4[diam]2.9
*[name]tree[x]58[z]428[height]1.9[diam]1.5
*[name]tree[x]51[z]429[height]2.8[diam]2.3
*[name]tree[x]53[z]429[height]1.8[diam]1.5
*[name]tree[x]57[z]429[height]2.2[diam]1.9
*[name]tree[x]48[z]430[height]2.3[diam]1.8
*[name]tree[x]50[z]430[height]2.4[diam]2.2
*[name]tree[x]47[z]431[height]2.6[diam]2.3
*[name]tree[x]49[z]431[height]3.4[diam]3.1
*[name]tree[x]52[z]431[height]2.9[diam]2.1
*[name]tree[x]55[z]431[height]2.7[diam]2.6
*[name]tree[x]57[z]431[height]3.4[diam]2.5
*[name]tree[x]54[z]432[height]3.4[diam]3.3
*[name]tree[x]56[z]432[height]3.1[diam]3.0
*[name]tree[x]48[z]433[height]2.2[diam]2.0
*[name]tree[x]53[z]433[height]2.7[diam]2.0
*[name]tree[x]55[z]433[height]2.2[diam]1.9
*[name]tree[x]54[z]434[height]2.6[diam]2.4
*[name]tree[x]45[z]435[height]1.8[diam]1.5
*[name]tree[x]47[z]435[height]2.1[diam]1.7
*[name]tree[x]49[z]435[height]3.3[diam]2.9
*[name]tree[x]51[z]435[height]2.7[diam]2.1
*[name]tree[x]53[z]435[height]2.1[diam]1.5
*[name]tree[x]44[z]436[height]3.2[diam]2.4
*[name]tree[x]46[z]436[height]3.0[diam]2.5
*[name]tree[x]54[z]436[height]2.1[diam]1.7
*[name]tree[x]43[z]437[height]2.4[diam]1.8
*[name]tree[x]45[z]437[height]2.4[diam]1.9
*[name]tree[x]53[z]437[height]3.5[diam]2.6
*[name]tree[x]44[z]438[height]2.1[diam]1.6
*[name]tree[x]48[z]438[height]3.2[diam]2.9
*[name]tree[x]50[z]438[height]2.3[diam]1.7
*[name]tree[x]43[z]439[height]2.2[diam]2.1
*[name]tree[x]46[z]439[height]3.3[diam]2.6
*[name]tree[x]51[z]439[height]2.2[diam]1.6
*[name]tree[x]42[z]440[height]2.7[diam]2.0
*[name]tree[x]44[z]440[height]2.7[diam]2.0
*[name]tree[x]47[z]440[height]2.5[diam]2.3
*[name]tree[x]50[z]440[height]1.9[diam]1.5
*[name]tree[x]45[z]441[height]3.3[diam]3.1
*[name]tree[x]51[z]441[height]3.0[diam]2.2
*[name]tree[x]48[z]442[height]1.8[diam]1.3
*[name]tree[x]50[z]442[height]2.1[diam]1.7
*[name]tree[x]45[z]443[height]2.3[diam]1.7
*[name]tree[x]47[z]443[height]2.6[diam]2.2
*[name]tree[x]49[z]443[height]2.4[diam]1.9
*[name]tree[x]48[z]444[height]2.0[diam]1.8
*[name]tree[x]49[z]445[height]2.4[diam]2.0
*[name]tree[x]48[z]446[height]2.6[diam]2.0
*[name]tree[x]39[z]564[height]2.8[diam]2.6
*[name]tree[x]38[z]565[height]2.3[diam]1.7
*[name]tree[x]44[z]565[height]3.3[diam]3.1
*[name]tree[x]46[z]565[height]2.1[diam]1.7
*[name]tree[x]45[z]566[height]2.8[diam]2.2
*[name]tree[x]44[z]577[height]2.6[diam]2.2
*[name]tree[x]41[z]578[height]1.8[diam]1.4
*[name]tree[x]39[z]579[height]2.7[diam]2.0
*[name]tree[x]43[z]582[height]2.1[diam]1.9
*[name]tree[x]41[z]583[height]2.6[diam]2.2
*[name]tree[x]43[z]584[height]3.3[diam]3.3
*[name]tree[x]40[z]586[height]3.4[diam]2.7
*[name]tree[x]41[z]587[height]2.2[diam]1.6
*[name]tree[x]43[z]588[height]3.4[diam]3.1
*[name]tree[x]43[z]590[height]2.5[diam]2.0
*[name]tree[x]40[z]591[height]3.3[diam]3.3
*[name]tree[x]41[z]592[height]2.0[diam]1.5
*[name]tree[x]43[z]593[height]2.0[diam]2.0
*[name]tree[x]40[z]595[height]1.8[diam]1.4
*[name]tree[x]42[z]597[height]2.2[diam]1.9
*[name]tree[x]55[z]762[height]2.8[diam]2.5
*[name]tree[x]49[z]785[height]1.9[diam]1.7
*[name]tree[x]51[z]785[height]3.3[diam]2.9
*[name]tree[x]48[z]786[height]2.9[diam]2.2
*[name]tree[x]52[z]786[height]2.3[diam]1.7
*[name]tree[x]49[z]787[height]2.7[diam]2.1
*[name]tree[x]53[z]787[height]1.9[diam]1.6
*[name]tree[x]52[z]788[height]2.5[diam]2.0
*[name]tree[x]54[z]788[height]2.7[diam]2.2
*[name]tree[x]53[z]789[height]3.5[diam]3.4
*[name]tree[x]55[z]789[height]3.1[diam]3.0
*[name]tree[x]57[z]789[height]3.3[diam]3.2
*[name]tree[x]54[z]790[height]1.8[diam]1.3
*[name]tree[x]58[z]790[height]3.3[diam]2.4
*[name]tree[x]53[z]791[height]2.4[diam]1.7
*[name]tree[x]55[z]791[height]2.9[diam]2.8
*[name]tree[x]57[z]791[height]3.1[diam]2.9
*[name]tree[x]54[z]792[height]2.7[diam]2.4
*[name]tree[x]60[z]792[height]2.3[diam]1.8
*[name]tree[x]57[z]793[height]3.1[diam]2.7
*[name]tree[x]59[z]793[height]2.3[diam]1.8
*[name]tree[x]61[z]793[height]3.1[diam]2.6
*[name]tree[x]58[z]794[height]3.1[diam]2.4
*[name]tree[x]57[z]795[height]3.1[diam]2.4
*[name]tree[x]59[z]795[height]2.7[diam]2.5
*[name]tree[x]61[z]795[height]2.1[diam]1.7
*[name]tree[x]63[z]795[height]2.8[diam]2.0
*[name]tree[x]60[z]796[height]2.1[diam]1.9
*[name]tree[x]61[z]797[height]1.9[diam]1.4
*[name]tree[x]66[z]798[height]2.8[diam]2.4
*[name]tree[x]63[z]799[height]2.0[diam]1.6
*[name]tree[x]67[z]799[height]2.4[diam]2.3
*[name]tree[x]64[z]800[height]3.5[diam]3.3
*[name]tree[x]65[z]801[height]2.8[diam]2.2
*[name]tree[x]64[z]802[height]1.9[diam]1.5
*[name]tree[x]66[z]802[height]3.3[diam]2.7
*[name]tree[x]67[z]803[height]2.8[diam]2.5
*[name]tree[x]66[z]804[height]3.1[diam]2.5
*[name]tree[x]68[z]804[height]3.3[diam]2.8
*[name]tree[x]70[z]804[height]2.8[diam]2.3
*[name]tree[x]71[z]805[height]2.1[diam]2.0
*[name]tree[x]68[z]806[height]3.1[diam]2.9
*[name]tree[x]71[z]807[height]3.2[diam]3.1
*[name]tree[x]76[z]809[height]2.4[diam]2.3
*[name]tree[x]38[z]810[height]3.5[diam]3.5
*[name]tree[x]40[z]810[height]2.3[diam]1.8
*[name]tree[x]42[z]810[height]2.2[diam]2.0
*[name]tree[x]77[z]810[height]1.8[diam]1.4
*[name]tree[x]37[z]811[height]2.7[diam]2.4
*[name]tree[x]45[z]811[height]2.6[diam]2.3
*[name]tree[x]78[z]811[height]3.3[diam]2.7
*[name]tree[x]46[z]812[height]3.5[diam]2.9
*[name]tree[x]77[z]812[height]3.5[diam]3.3
*[name]tree[x]78[z]813[height]3.1[diam]3.0
*[name]tree[x]33[z]815[height]2.2[diam]1.8
*[name]tree[x]78[z]815[height]2.2[diam]1.9
*[name]tree[x]33[z]817[height]2.0[diam]2.0
*[name]tree[x]82[z]817[height]2.2[diam]2.1
*[name]tree[x]86[z]818[height]3.4[diam]3.0
*[name]tree[x]32[z]820[height]3.2[diam]3.1
*[name]tree[x]80[z]821[height]2.8[diam]2.1
*[name]tree[x]32[z]824[height]1.8[diam]1.7
*[name]tree[x]92[z]825[height]3.2[diam]2.4
*[name]tree[x]32[z]826[height]3.5[diam]2.9
*[name]tree[x]86[z]827[height]2.9[diam]2.4
*[name]tree[x]32[z]828[height]3.5[diam]3.0
*[name]tree[x]84[z]832[height]3.2[diam]3.1
*[name]tree[x]96[z]832[height]3.5[diam]3.3
*[name]tree[x]92[z]839[height]3.0[diam]2.8
*[name]tree[x]83[z]844[height]2.9[diam]2.8
*[name]tree[x]88[z]853[height]2.0[diam]1.9
*[name]tree[x]89[z]863[height]2.5[diam]2.0
*[name]tree[x]81[z]871[height]3.3[diam]2.9
*[name]tree[x]81[z]883[height]2.1[diam]2.0
*[name]tree[x]89[z]889[height]2.2[diam]1.6
*[name]tree[x]93[z]896[height]2.9[diam]2.8
*[name]tree[x]54[z]898[height]2.1[diam]1.9
*[name]tree[x]55[z]899[height]2.9[diam]2.9
*[name]tree[x]86[z]899[height]3.1[diam]2.8
*[name]tree[x]56[z]900[height]2.4[diam]2.0
*[name]tree[x]90[z]908[height]1.9[diam]1.6
*[name]tree[x]85[z]915[height]3.4[diam]3.2
*[name]tree[x]45[z]921[height]2.4[diam]2.3
*[name]tree[x]91[z]921[height]2.9[diam]2.1
*[name]tree[x]83[z]923[height]2.9[diam]2.3
*[name]tree[x]43[z]927[height]1.8[diam]1.7
*[name]tree[x]44[z]928[height]2.0[diam]1.7
*[name]tree[x]75[z]928[height]1.8[diam]1.8
*[name]tree[x]43[z]929[height]2.0[diam]1.5
*[name]tree[x]76[z]932[height]3.1[diam]2.5
*[name]tree[x]74[z]935[height]2.1[diam]1.8
*[name]tree[x]76[z]937[height]2.2[diam]1.8
*[name]tree[x]73[z]938[height]2.0[diam]1.9
*[name]tree[x]71[z]940[height]2.4[diam]2.3
*[name]tree[x]71[z]942[height]2.6[diam]2.4
*[name]tree[x]74[z]942[height]2.2[diam]1.9
*[name]tree[x]75[z]945[height]2.0[diam]1.5
*[name]tree[x]72[z]947[height]2.5[diam]2.1
*[name]tree[x]71[z]948[height]1.9[diam]1.4
*[name]tree[x]72[z]949[height]2.7[diam]2.5
*[name]tree[x]74[z]949[height]2.3[diam]2.0
*[name]tree[x]72[z]951[height]2.6[diam]2.2
*[name]tree[x]71[z]952[height]1.8[diam]1.5
*[name]tree[x]73[z]952[height]2.5[diam]1.8
*[name]tree[x]73[z]954[height]3.0[diam]2.2
*[name]tree[x]75[z]954[height]2.7[diam]2.6
*[name]tree[x]72[z]955[height]2.7[diam]2.5
*[name]tree[x]74[z]955[height]2.3[diam]2.0
*[name]tree[x]72[z]957[height]2.8[diam]2.5
*[name]tree[x]75[z]958[height]2.7[diam]1.9
*[name]tree[x]74[z]959[height]2.5[diam]2.3
*[name]tree[x]75[z]960[height]2.8[diam]2.4
*[name]tree[x]55[z]961[height]3.4[diam]3.4
*[name]tree[x]75[z]962[height]3.5[diam]2.5
*[name]tree[x]55[z]963[height]1.8[diam]1.5
*[name]tree[x]74[z]963[height]3.1[diam]2.4
*[name]tree[x]56[z]964[height]1.9[diam]1.5
*[name]tree[x]75[z]964[height]3.0[diam]2.2
*[name]tree[x]55[z]965[height]3.0[diam]2.2
*[name]tree[x]57[z]965[height]2.1[diam]1.8
*[name]tree[x]56[z]966[height]2.2[diam]2.0
*[name]tree[x]58[z]966[height]2.3[diam]2.1
*[name]tree[x]55[z]967[height]2.5[diam]2.3
*[name]tree[x]57[z]967[height]2.5[diam]1.8
*[name]tree[x]57[z]969[height]2.2[diam]2.1
*[name]tree[x]56[z]970[height]1.9[diam]1.7
*[name]tree[x]58[z]970[height]2.9[diam]2.6
*[name]tree[x]57[z]971[height]2.1[diam]1.9
*[name]tree[x]59[z]971[height]2.9[diam]2.2
*[name]tree[x]56[z]972[height]2.9[diam]2.6
*[name]tree[x]58[z]972[height]3.0[diam]2.5
*[name]tree[x]57[z]973[height]3.4[diam]3.1
*[name]tree[x]55[z]975[height]2.8[diam]2.5
*[name]tree[x]57[z]975[height]3.2[diam]2.6
*[name]tree[x]56[z]976[height]3.0[diam]2.2
*[name]tree[x]52[z]977[height]3.0[diam]2.9
*[name]tree[x]55[z]977[height]3.0[diam]2.2
*[name]tree[x]53[z]979[height]3.0[diam]2.3
*[name]tree[x]53[z]981[height]2.8[diam]2.1
*[name]tree[x]53[z]983[height]2.1[diam]2.0
*[name]tree[x]53[z]985[height]3.5[diam]2.7
*[name]tree[x]66[z]1073[height]2.7[diam]2.4
*[name]tree[x]66[z]1075[height]3.3[diam]3.1
*[name]tree[x]66[z]1077[height]2.2[diam]1.9
*[name]tree[x]32[z]1508[height]3.3[diam]3.2
*[name]tree[x]31[z]1509[height]2.0[diam]1.8
*[name]tree[x]33[z]1509[height]2.3[diam]1.7
*[name]tree[x]32[z]1510[height]2.3[diam]2.3
*[name]tree[x]33[z]1511[height]2.9[diam]2.2
*[name]tree[x]32[z]1512[height]2.1[diam]1.7
*[name]tree[x]34[z]1512[height]2.0[diam]2.0
*[name]tree[x]34[z]1514[height]2.3[diam]2.3
*[name]tree[x]36[z]1514[height]3.3[diam]2.4
*[name]tree[x]35[z]1515[height]1.9[diam]1.6
*[name]tree[x]36[z]1516[height]2.0[diam]1.5
*[name]tree[x]35[z]1517[height]2.4[diam]1.8
*[name]tree[x]39[z]1517[height]2.6[diam]2.5
*[name]tree[x]38[z]1520[height]3.1[diam]2.5
*[name]tree[x]41[z]1523[height]2.7[diam]2.0
*[name]tree[x]41[z]1527[height]3.4[diam]2.8
*[name]tree[x]42[z]1532[height]3.4[diam]2.5
*[name]tree[x]43[z]1535[height]3.5[diam]2.7
*[name]tree[x]43[z]1537[height]1.9[diam]1.6
*[name]tree[x]43[z]1541[height]2.0[diam]1.8
*[name]tree[x]44[z]1544[height]2.6[diam]2.1
*[name]tree[x]44[z]1546[height]2.0[diam]1.8
*[name]tree[x]45[z]1551[height]2.1[diam]1.8
*[name]tree[x]45[z]1553[height]2.6[diam]1.9
*[name]tree[x]47[z]1591[height]2.6[diam]2.3
