#special texture overrides for the course "doing" for planetpenguinracer

*[name] speed [texture] speed.png [friction] 0.0 [depth] 0.03
	[col] 255 255 0 [sound]ice_sound [part] 0

*[name] road [texture] road.png [friction] 0.5 [depth] 0.03
	[col] 255 0 255 [sound]rock_sound [part] 0

*[name] greenice [texture] greenice.png [friction] 0.22 [depth] 0.03
	[col] 90 90 90 [sound]ice_sound [part] 0

*[name] hardice [texture] hardice.png [friction] 0.22 [depth] 0.03
	[col] 0 0 128 [sound]ice_sound [part] 0

*[name] lavastone [texture] lavastone.png [friction] 0.9 [depth] 0.01
	[col] 160 0 0 [sound]rock_sound [part] 0

*[name] lava [texture] lava.png [friction] 0.9 [depth] 0.01
	[col] 255 121 23 [sound]rock_sound [part] 0

*[name] snowyrock [texture] snowyrock.png [friction] 1.2 [depth] 0.01
	[col] 176 128 128 [sound]rock_sound [part] 0

*[name] sand02 [texture] sand.png [friction] 0.9 [depth] 0.01
	[col] 255 192 0 [sound]snow_sound [part] 0

*[name] redsand [texture] redsand.png [friction] 0.9 [depth] 0.01
	[col] 255 144 0 [sound]snow_sound [part] 0
