*[name]finish[x]11[z]0[height]6.0[diam]9.0
*[name]finish[x]47[z]0[height]6.0[diam]9.0
*[name]finish[x]81[z]0[height]6.0[diam]9.0
*[name]tree[x]32[z]1[height]2.3[diam]1.7
*[name]tree[x]26[z]2[height]2.2[diam]1.6
*[name]tree[x]27[z]2[height]1.8[diam]1.5
*[name]tree[x]34[z]3[height]2.6[diam]1.9
*[name]tree[x]37[z]10[height]3.0[diam]2.8
*[name]tree[x]31[z]11[height]2.8[diam]2.2
*[name]tree[x]35[z]12[height]1.9[diam]1.9
*[name]tree[x]31[z]13[height]2.3[diam]1.8
*[name]tree[x]31[z]14[height]3.1[diam]2.9
*[name]tree[x]36[z]14[height]3.4[diam]2.7
*[name]herring[x]32[z]23[height]1.0[diam]1.0
*[name]herring[x]33[z]23[height]1.0[diam]1.0
*[name]herring[x]63[z]33[height]1.0[diam]1.0
*[name]tree[x]49[z]36[height]2.1[diam]1.9
*[name]tree[x]48[z]40[height]2.6[diam]2.4
*[name]herring[x]69[z]40[height]1.0[diam]1.0
*[name]tree[x]49[z]42[height]1.9[diam]1.6
*[name]tree[x]50[z]42[height]2.3[diam]2.2
*[name]tree[x]28[z]55[height]2.5[diam]2.0
*[name]tree[x]27[z]56[height]2.6[diam]2.4
*[name]tree[x]28[z]56[height]2.2[diam]2.0
*[name]herring[x]69[z]56[height]1.0[diam]1.0
*[name]tree[x]27[z]57[height]3.3[diam]2.6
*[name]tree[x]26[z]58[height]2.0[diam]1.6
*[name]herring[x]20[z]59[height]1.0[diam]1.0
*[name]tree[x]44[z]60[height]2.5[diam]2.3
*[name]tree[x]45[z]60[height]1.9[diam]1.9
*[name]herring[x]71[z]60[height]1.0[diam]1.0
*[name]herring[x]19[z]61[height]1.0[diam]1.0
*[name]tree[x]44[z]61[height]1.8[diam]1.4
*[name]tree[x]12[z]62[height]3.4[diam]2.7
*[name]tree[x]12[z]63[height]2.4[diam]2.2
*[name]herring[x]18[z]63[height]1.0[diam]1.0
*[name]tree[x]12[z]64[height]1.9[diam]1.5
*[name]tree[x]12[z]65[height]3.4[diam]2.7
*[name]tree[x]12[z]68[height]3.5[diam]2.9
*[name]tree[x]25[z]68[height]1.8[diam]1.3
*[name]tree[x]26[z]68[height]3.2[diam]2.6
*[name]tree[x]25[z]69[height]3.4[diam]2.6
*[name]tree[x]12[z]70[height]2.8[diam]2.3
*[name]tree[x]24[z]70[height]3.5[diam]3.3
*[name]herring[x]58[z]71[height]1.0[diam]1.0
*[name]herring[x]35[z]75[height]1.0[diam]1.0
*[name]herring[x]32[z]77[height]1.0[diam]1.0
*[name]herring[x]79[z]77[height]1.0[diam]1.0
*[name]herring[x]65[z]79[height]1.0[diam]1.0
*[name]herring[x]78[z]80[height]1.0[diam]1.0
*[name]herring[x]78[z]83[height]1.0[diam]1.0
*[name]herring[x]25[z]86[height]1.0[diam]1.0
*[name]herring[x]51[z]87[height]1.0[diam]1.0
*[name]herring[x]77[z]91[height]1.0[diam]1.0
*[name]herring[x]25[z]95[height]1.0[diam]1.0
*[name]herring[x]57[z]96[height]1.0[diam]1.0
*[name]herring[x]76[z]96[height]1.0[diam]1.0
*[name]herring[x]10[z]98[height]1.0[diam]1.0
*[name]herring[x]10[z]99[height]1.0[diam]1.0
*[name]herring[x]76[z]103[height]1.0[diam]1.0
*[name]herring[x]30[z]104[height]1.0[diam]1.0
*[name]herring[x]77[z]106[height]1.0[diam]1.0
*[name]herring[x]21[z]107[height]1.0[diam]1.0
*[name]herring[x]44[z]107[height]1.0[diam]1.0
*[name]herring[x]80[z]112[height]1.0[diam]1.0
*[name]herring[x]71[z]114[height]1.0[diam]1.0
*[name]herring[x]80[z]118[height]1.0[diam]1.0
*[name]herring[x]41[z]119[height]1.0[diam]1.0
*[name]herring[x]22[z]121[height]1.0[diam]1.0
*[name]herring[x]79[z]125[height]1.0[diam]1.0
*[name]herring[x]51[z]126[height]1.0[diam]1.0
*[name]herring[x]7[z]132[height]1.0[diam]1.0
*[name]herring[x]77[z]134[height]1.0[diam]1.0
*[name]herring[x]23[z]135[height]1.0[diam]1.0
*[name]herring[x]54[z]135[height]1.0[diam]1.0
*[name]herring[x]20[z]137[height]1.0[diam]1.0
*[name]herring[x]61[z]142[height]1.0[diam]1.0
*[name]herring[x]75[z]142[height]1.0[diam]1.0
*[name]herring[x]38[z]144[height]1.0[diam]1.0
*[name]herring[x]54[z]144[height]1.0[diam]1.0
*[name]herring[x]63[z]144[height]1.0[diam]1.0
*[name]herring[x]20[z]150[height]1.0[diam]1.0
*[name]herring[x]36[z]150[height]1.0[diam]1.0
*[name]herring[x]55[z]153[height]1.0[diam]1.0
*[name]herring[x]78[z]154[height]1.0[diam]1.0
*[name]herring[x]11[z]160[height]1.0[diam]1.0
*[name]herring[x]20[z]161[height]1.0[diam]1.0
*[name]herring[x]35[z]163[height]1.0[diam]1.0
*[name]herring[x]50[z]163[height]1.0[diam]1.0
*[name]herring[x]78[z]168[height]1.0[diam]1.0
*[name]herring[x]18[z]170[height]1.0[diam]1.0
*[name]herring[x]63[z]170[height]1.0[diam]1.0
*[name]herring[x]9[z]180[height]1.0[diam]1.0
*[name]herring[x]47[z]180[height]1.0[diam]1.0
*[name]herring[x]75[z]181[height]1.0[diam]1.0
*[name]herring[x]22[z]184[height]1.0[diam]1.0
*[name]herring[x]65[z]185[height]1.0[diam]1.0
*[name]herring[x]23[z]186[height]1.0[diam]1.0
*[name]herring[x]22[z]189[height]1.0[diam]1.0
*[name]herring[x]34[z]191[height]1.0[diam]1.0
*[name]herring[x]55[z]191[height]1.0[diam]1.0
*[name]herring[x]55[z]195[height]1.0[diam]1.0
*[name]herring[x]80[z]196[height]1.0[diam]1.0
*[name]herring[x]55[z]199[height]1.0[diam]1.0
*[name]herring[x]22[z]205[height]1.0[diam]1.0
*[name]herring[x]79[z]205[height]1.0[diam]1.0
*[name]tree[x]32[z]211[height]1.9[diam]1.8
*[name]tree[x]34[z]213[height]2.0[diam]1.5
*[name]tree[x]36[z]213[height]2.0[diam]1.7
*[name]herring[x]10[z]214[height]1.0[diam]1.0
*[name]tree[x]39[z]214[height]3.4[diam]2.7
*[name]tree[x]40[z]214[height]2.7[diam]2.6
*[name]herring[x]27[z]217[height]1.0[diam]1.0
*[name]herring[x]32[z]217[height]1.0[diam]1.0
*[name]herring[x]35[z]217[height]1.0[diam]1.0
*[name]herring[x]72[z]218[height]1.0[diam]1.0
*[name]herring[x]37[z]219[height]1.0[diam]1.0
*[name]herring[x]13[z]220[height]1.0[diam]1.0
*[name]herring[x]63[z]220[height]1.0[diam]1.0
*[name]herring[x]70[z]220[height]1.0[diam]1.0
*[name]tree[x]35[z]221[height]2.4[diam]2.0
*[name]herring[x]45[z]221[height]1.0[diam]1.0
*[name]herring[x]26[z]222[height]1.0[diam]1.0
*[name]tree[x]35[z]222[height]2.3[diam]2.1
*[name]tree[x]38[z]223[height]2.0[diam]1.7
*[name]tree[x]38[z]225[height]3.5[diam]2.5
*[name]tree[x]38[z]226[height]2.9[diam]2.9
*[name]tree[x]39[z]227[height]2.5[diam]2.3
*[name]herring[x]59[z]230[height]1.0[diam]1.0
*[name]herring[x]42[z]231[height]1.0[diam]1.0
*[name]herring[x]34[z]233[height]1.0[diam]1.0
*[name]herring[x]41[z]236[height]1.0[diam]1.0
*[name]herring[x]60[z]236[height]1.0[diam]1.0
*[name]herring[x]57[z]241[height]1.0[diam]1.0
*[name]tree[x]24[z]244[height]1.8[diam]1.4
*[name]herring[x]46[z]244[height]1.0[diam]1.0
*[name]tree[x]24[z]245[height]3.5[diam]3.4
*[name]herring[x]54[z]247[height]1.0[diam]1.0
*[name]herring[x]21[z]250[height]1.0[diam]1.0
*[name]herring[x]68[z]250[height]1.0[diam]1.0
*[name]tree[x]39[z]252[height]2.6[diam]2.3
*[name]herring[x]22[z]253[height]1.0[diam]1.0
*[name]herring[x]68[z]255[height]1.0[diam]1.0
*[name]herring[x]46[z]257[height]1.0[diam]1.0
*[name]herring[x]44[z]258[height]1.0[diam]1.0
*[name]herring[x]80[z]261[height]1.0[diam]1.0
*[name]herring[x]67[z]264[height]1.0[diam]1.0
*[name]herring[x]61[z]268[height]1.0[diam]1.0
*[name]herring[x]84[z]272[height]1.0[diam]1.0
*[name]herring[x]54[z]275[height]1.0[diam]1.0
*[name]herring[x]39[z]277[height]1.0[diam]1.0
*[name]herring[x]67[z]277[height]1.0[diam]1.0
*[name]herring[x]15[z]281[height]1.0[diam]1.0
*[name]herring[x]80[z]282[height]1.0[diam]1.0
*[name]herring[x]72[z]283[height]1.0[diam]1.0
*[name]herring[x]63[z]284[height]1.0[diam]1.0
*[name]herring[x]52[z]287[height]1.0[diam]1.0
*[name]herring[x]86[z]291[height]1.0[diam]1.0
*[name]herring[x]32[z]293[height]1.0[diam]1.0
*[name]herring[x]74[z]295[height]1.0[diam]1.0
*[name]herring[x]56[z]296[height]1.0[diam]1.0
*[name]herring[x]73[z]296[height]1.0[diam]1.0
*[name]herring[x]74[z]296[height]1.0[diam]1.0
*[name]herring[x]52[z]297[height]1.0[diam]1.0
*[name]herring[x]57[z]299[height]1.0[diam]1.0
*[name]herring[x]57[z]300[height]1.0[diam]1.0
*[name]herring[x]77[z]300[height]1.0[diam]1.0
*[name]herring[x]77[z]301[height]1.0[diam]1.0
*[name]herring[x]31[z]302[height]1.0[diam]1.0
*[name]herring[x]87[z]304[height]1.0[diam]1.0
*[name]herring[x]88[z]304[height]1.0[diam]1.0
*[name]herring[x]11[z]306[height]1.0[diam]1.0
*[name]herring[x]46[z]306[height]1.0[diam]1.0
*[name]herring[x]91[z]309[height]1.0[diam]1.0
*[name]herring[x]11[z]310[height]1.0[diam]1.0
*[name]herring[x]61[z]311[height]1.0[diam]1.0
*[name]herring[x]32[z]313[height]1.0[diam]1.0
*[name]herring[x]74[z]314[height]1.0[diam]1.0
*[name]herring[x]38[z]319[height]1.0[diam]1.0
*[name]herring[x]27[z]320[height]1.0[diam]1.0
*[name]herring[x]64[z]321[height]1.0[diam]1.0
*[name]herring[x]87[z]322[height]1.0[diam]1.0
*[name]herring[x]42[z]324[height]1.0[diam]1.0
*[name]herring[x]62[z]325[height]1.0[diam]1.0
*[name]herring[x]73[z]326[height]1.0[diam]1.0
*[name]herring[x]25[z]328[height]1.0[diam]1.0
*[name]tree[x]42[z]332[height]2.3[diam]1.9
*[name]herring[x]11[z]333[height]1.0[diam]1.0
*[name]tree[x]29[z]333[height]2.4[diam]2.0
*[name]herring[x]48[z]333[height]1.0[diam]1.0
*[name]herring[x]24[z]334[height]1.0[diam]1.0
*[name]tree[x]54[z]334[height]2.4[diam]2.0
*[name]herring[x]24[z]336[height]1.0[diam]1.0
*[name]herring[x]76[z]336[height]1.0[diam]1.0
*[name]tree[x]29[z]337[height]2.7[diam]2.3
*[name]herring[x]55[z]338[height]1.0[diam]1.0
*[name]tree[x]29[z]339[height]3.5[diam]3.0
*[name]tree[x]29[z]340[height]3.0[diam]2.5
*[name]herring[x]24[z]343[height]1.0[diam]1.0
*[name]tree[x]29[z]343[height]2.5[diam]1.8
*[name]herring[x]76[z]343[height]1.0[diam]1.0
*[name]tree[x]29[z]344[height]3.4[diam]3.1
*[name]tree[x]29[z]345[height]3.1[diam]2.3
*[name]herring[x]18[z]346[height]1.0[diam]1.0
*[name]tree[x]30[z]346[height]1.9[diam]1.7
*[name]herring[x]58[z]346[height]1.0[diam]1.0
*[name]tree[x]30[z]347[height]2.0[diam]1.9
*[name]tree[x]31[z]347[height]3.0[diam]2.6
*[name]tree[x]30[z]348[height]2.4[diam]2.2
*[name]tree[x]51[z]349[height]3.2[diam]2.6
*[name]tree[x]52[z]349[height]2.8[diam]2.3
*[name]tree[x]49[z]350[height]3.3[diam]3.2
*[name]tree[x]50[z]350[height]3.2[diam]2.5
*[name]tree[x]51[z]350[height]2.2[diam]1.6
*[name]tree[x]52[z]350[height]3.0[diam]2.8
*[name]tree[x]51[z]351[height]2.9[diam]2.6
*[name]tree[x]53[z]351[height]2.1[diam]1.7
*[name]herring[x]60[z]352[height]1.0[diam]1.0
*[name]herring[x]62[z]355[height]1.0[diam]1.0
*[name]tree[x]30[z]359[height]2.1[diam]1.9
*[name]tree[x]29[z]360[height]2.3[diam]1.8
*[name]tree[x]30[z]360[height]2.3[diam]1.7
*[name]herring[x]64[z]365[height]1.0[diam]1.0
*[name]herring[x]52[z]366[height]1.0[diam]1.0
*[name]herring[x]64[z]367[height]1.0[diam]1.0
*[name]tree[x]77[z]369[height]2.2[diam]1.8
*[name]tree[x]79[z]370[height]3.1[diam]2.6
*[name]tree[x]30[z]371[height]2.0[diam]1.7
*[name]tree[x]78[z]371[height]3.5[diam]3.0
*[name]tree[x]32[z]372[height]2.0[diam]1.9
*[name]herring[x]67[z]372[height]1.0[diam]1.0
*[name]tree[x]30[z]373[height]3.2[diam]3.0
*[name]tree[x]30[z]374[height]2.0[diam]1.8
*[name]tree[x]32[z]374[height]2.8[diam]2.8
*[name]tree[x]33[z]374[height]3.5[diam]3.3
*[name]herring[x]73[z]374[height]1.0[diam]1.0
*[name]herring[x]26[z]375[height]1.0[diam]1.0
*[name]tree[x]33[z]375[height]1.9[diam]1.8
*[name]tree[x]31[z]376[height]2.8[diam]2.5
*[name]tree[x]32[z]376[height]2.5[diam]2.3
*[name]tree[x]33[z]376[height]1.8[diam]1.6
*[name]tree[x]30[z]377[height]2.4[diam]2.0
*[name]herring[x]26[z]378[height]1.0[diam]1.0
*[name]tree[x]59[z]379[height]3.1[diam]2.8
*[name]tree[x]84[z]379[height]2.5[diam]2.5
*[name]tree[x]85[z]379[height]1.9[diam]1.5
*[name]tree[x]55[z]380[height]2.4[diam]1.9
*[name]tree[x]58[z]380[height]2.9[diam]2.3
*[name]tree[x]59[z]380[height]3.0[diam]2.8
*[name]herring[x]80[z]380[height]1.0[diam]1.0
*[name]tree[x]85[z]380[height]2.0[diam]1.7
*[name]tree[x]43[z]381[height]2.6[diam]2.1
*[name]tree[x]55[z]381[height]2.2[diam]1.6
*[name]tree[x]43[z]382[height]2.1[diam]1.6
*[name]tree[x]55[z]382[height]3.4[diam]2.7
*[name]tree[x]57[z]382[height]3.3[diam]2.8
*[name]tree[x]58[z]382[height]1.8[diam]1.4
*[name]tree[x]43[z]383[height]2.2[diam]1.6
*[name]tree[x]77[z]383[height]3.3[diam]2.9
*[name]tree[x]43[z]384[height]2.4[diam]2.1
*[name]tree[x]55[z]384[height]2.3[diam]2.1
*[name]tree[x]77[z]384[height]2.8[diam]2.3
*[name]herring[x]82[z]385[height]1.0[diam]1.0
*[name]herring[x]25[z]389[height]1.0[diam]1.0
*[name]herring[x]51[z]389[height]1.0[diam]1.0
*[name]herring[x]52[z]390[height]1.0[diam]1.0
*[name]tree[x]55[z]390[height]3.4[diam]3.4
*[name]herring[x]85[z]390[height]1.0[diam]1.0
*[name]tree[x]55[z]391[height]2.8[diam]2.5
*[name]tree[x]39[z]392[height]2.3[diam]1.8
*[name]tree[x]40[z]392[height]2.3[diam]2.0
*[name]herring[x]79[z]392[height]1.0[diam]1.0
*[name]tree[x]16[z]393[height]3.2[diam]3.0
*[name]tree[x]37[z]393[height]3.0[diam]2.2
*[name]tree[x]38[z]393[height]3.4[diam]3.3
*[name]tree[x]39[z]393[height]2.2[diam]2.1
*[name]tree[x]40[z]393[height]2.1[diam]1.6
*[name]tree[x]55[z]393[height]2.4[diam]1.9
*[name]tree[x]16[z]394[height]2.4[diam]2.2
*[name]tree[x]37[z]394[height]2.2[diam]1.7
*[name]herring[x]51[z]395[height]1.0[diam]1.0
*[name]tree[x]26[z]396[height]2.2[diam]1.9
*[name]tree[x]56[z]396[height]3.3[diam]2.8
*[name]tree[x]75[z]396[height]2.4[diam]2.0
*[name]tree[x]76[z]396[height]3.4[diam]2.7
*[name]tree[x]26[z]397[height]2.5[diam]2.2
*[name]tree[x]55[z]397[height]3.2[diam]3.0
*[name]tree[x]56[z]397[height]3.2[diam]2.4
*[name]tree[x]77[z]397[height]2.1[diam]1.8
*[name]herring[x]81[z]397[height]1.0[diam]1.0
*[name]tree[x]26[z]399[height]3.5[diam]3.3
*[name]herring[x]84[z]399[height]1.0[diam]1.0
*[name]tree[x]25[z]400[height]2.9[diam]2.8
*[name]tree[x]26[z]400[height]3.1[diam]3.0
*[name]tree[x]24[z]401[height]3.1[diam]3.1
*[name]tree[x]25[z]401[height]1.8[diam]1.4
*[name]tree[x]26[z]401[height]2.0[diam]1.7
*[name]herring[x]17[z]402[height]1.0[diam]1.0
*[name]tree[x]23[z]402[height]3.1[diam]2.6
*[name]herring[x]51[z]402[height]1.0[diam]1.0
*[name]herring[x]34[z]405[height]1.0[diam]1.0
*[name]herring[x]26[z]406[height]1.0[diam]1.0
*[name]herring[x]81[z]406[height]1.0[diam]1.0
*[name]herring[x]26[z]407[height]1.0[diam]1.0
*[name]herring[x]15[z]408[height]1.0[diam]1.0
*[name]herring[x]82[z]408[height]1.0[diam]1.0
*[name]herring[x]50[z]409[height]1.0[diam]1.0
*[name]herring[x]82[z]409[height]1.0[diam]1.0
*[name]herring[x]82[z]412[height]1.0[diam]1.0
*[name]herring[x]49[z]413[height]1.0[diam]1.0
*[name]tree[x]86[z]413[height]2.9[diam]2.9
*[name]tree[x]86[z]414[height]3.4[diam]2.9
*[name]tree[x]7[z]415[height]2.7[diam]2.1
*[name]tree[x]8[z]415[height]3.4[diam]2.8
*[name]herring[x]30[z]415[height]1.0[diam]1.0
*[name]tree[x]7[z]416[height]2.7[diam]2.2
*[name]herring[x]78[z]416[height]1.0[diam]1.0
*[name]herring[x]57[z]417[height]1.0[diam]1.0
*[name]tree[x]72[z]417[height]3.4[diam]2.8
*[name]herring[x]16[z]418[height]1.0[diam]1.0
*[name]tree[x]71[z]418[height]1.9[diam]1.8
*[name]herring[x]61[z]419[height]1.0[diam]1.0
*[name]tree[x]72[z]419[height]2.7[diam]2.1
*[name]tree[x]71[z]420[height]2.3[diam]2.0
*[name]herring[x]73[z]420[height]1.0[diam]1.0
*[name]tree[x]23[z]424[height]2.0[diam]2.0
*[name]tree[x]79[z]424[height]2.5[diam]2.4
*[name]tree[x]23[z]425[height]3.3[diam]2.5
*[name]tree[x]79[z]425[height]3.2[diam]3.1
*[name]herring[x]20[z]427[height]1.0[diam]1.0
*[name]herring[x]72[z]427[height]1.0[diam]1.0
*[name]tree[x]27[z]430[height]2.3[diam]2.3
*[name]tree[x]28[z]430[height]2.3[diam]1.7
*[name]tree[x]29[z]430[height]2.4[diam]2.3
*[name]herring[x]71[z]430[height]1.0[diam]1.0
*[name]tree[x]30[z]431[height]1.9[diam]1.5
*[name]tree[x]30[z]432[height]2.5[diam]2.2
*[name]herring[x]56[z]433[height]1.0[diam]1.0
*[name]herring[x]42[z]434[height]1.0[diam]1.0
*[name]tree[x]66[z]437[height]2.8[diam]2.3
*[name]herring[x]72[z]437[height]1.0[diam]1.0
*[name]herring[x]49[z]438[height]1.0[diam]1.0
*[name]herring[x]58[z]438[height]1.0[diam]1.0
*[name]tree[x]66[z]438[height]3.5[diam]2.7
*[name]herring[x]73[z]438[height]1.0[diam]1.0
*[name]tree[x]67[z]439[height]3.0[diam]2.9
*[name]tree[x]68[z]440[height]2.7[diam]2.5
*[name]herring[x]25[z]445[height]1.0[diam]1.0
*[name]herring[x]39[z]445[height]1.0[diam]1.0
*[name]herring[x]27[z]446[height]1.0[diam]1.0
*[name]herring[x]55[z]446[height]1.0[diam]1.0
*[name]tree[x]69[z]447[height]2.9[diam]2.1
*[name]tree[x]70[z]448[height]1.8[diam]1.8
*[name]herring[x]78[z]449[height]1.0[diam]1.0
*[name]herring[x]50[z]451[height]1.0[diam]1.0
*[name]tree[x]69[z]451[height]2.7[diam]2.0
*[name]herring[x]78[z]454[height]1.0[diam]1.0
*[name]herring[x]58[z]455[height]1.0[diam]1.0
*[name]herring[x]52[z]459[height]1.0[diam]1.0
*[name]herring[x]75[z]462[height]1.0[diam]1.0
*[name]herring[x]73[z]464[height]1.0[diam]1.0
*[name]tree[x]63[z]466[height]3.4[diam]3.4
*[name]herring[x]71[z]466[height]1.0[diam]1.0
*[name]tree[x]62[z]468[height]1.8[diam]1.7
*[name]tree[x]63[z]469[height]1.9[diam]1.8
*[name]herring[x]39[z]470[height]1.0[diam]1.0
*[name]herring[x]56[z]470[height]1.0[diam]1.0
*[name]tree[x]62[z]470[height]3.0[diam]2.5
*[name]tree[x]63[z]471[height]3.2[diam]2.3
*[name]herring[x]50[z]473[height]1.0[diam]1.0
*[name]herring[x]30[z]478[height]1.0[diam]1.0
*[name]herring[x]29[z]480[height]1.0[diam]1.0
*[name]herring[x]57[z]481[height]1.0[diam]1.0
*[name]herring[x]48[z]483[height]1.0[diam]1.0
*[name]tree[x]14[z]484[height]2.7[diam]2.0
*[name]tree[x]13[z]485[height]3.4[diam]3.0
*[name]tree[x]14[z]485[height]2.6[diam]2.1
*[name]herring[x]23[z]485[height]1.0[diam]1.0
*[name]herring[x]75[z]488[height]1.0[diam]1.0
*[name]herring[x]39[z]490[height]1.0[diam]1.0
*[name]herring[x]18[z]491[height]1.0[diam]1.0
*[name]tree[x]25[z]493[height]2.0[diam]1.5
*[name]tree[x]24[z]494[height]3.0[diam]2.3
*[name]tree[x]25[z]494[height]2.2[diam]1.8
*[name]herring[x]64[z]494[height]1.0[diam]1.0
*[name]tree[x]8[z]495[height]1.9[diam]1.7
*[name]tree[x]9[z]495[height]2.1[diam]1.9
*[name]tree[x]8[z]496[height]3.1[diam]2.5
*[name]tree[x]47[z]496[height]2.9[diam]2.3
*[name]tree[x]48[z]496[height]2.4[diam]2.2
*[name]herring[x]62[z]496[height]1.0[diam]1.0
*[name]tree[x]72[z]496[height]2.2[diam]1.8
*[name]tree[x]73[z]496[height]2.5[diam]2.0
*[name]herring[x]28[z]497[height]1.0[diam]1.0
*[name]herring[x]38[z]497[height]1.0[diam]1.0
*[name]tree[x]47[z]497[height]2.2[diam]1.6
*[name]tree[x]70[z]497[height]3.0[diam]2.2
*[name]tree[x]69[z]498[height]2.0[diam]1.6
*[name]tree[x]70[z]498[height]2.1[diam]1.6
*[name]tree[x]66[z]499[height]3.2[diam]2.9
*[name]tree[x]68[z]499[height]2.5[diam]2.5
*[name]tree[x]69[z]499[height]3.1[diam]2.4
*[name]tree[x]70[z]499[height]1.9[diam]1.4
*[name]herring[x]15[z]500[height]1.0[diam]1.0
*[name]tree[x]50[z]500[height]2.8[diam]2.1
*[name]herring[x]15[z]502[height]1.0[diam]1.0
*[name]herring[x]35[z]504[height]1.0[diam]1.0
*[name]herring[x]18[z]505[height]1.0[diam]1.0
*[name]tree[x]18[z]514[height]3.1[diam]2.9
*[name]tree[x]17[z]515[height]3.3[diam]2.8
*[name]tree[x]18[z]515[height]1.8[diam]1.5
*[name]tree[x]19[z]515[height]3.3[diam]2.7
*[name]tree[x]18[z]516[height]2.0[diam]1.4
*[name]tree[x]19[z]516[height]3.2[diam]2.7
*[name]tree[x]21[z]517[height]2.4[diam]1.7
*[name]tree[x]21[z]518[height]3.0[diam]2.2
*[name]tree[x]22[z]518[height]1.9[diam]1.8
*[name]tree[x]23[z]518[height]2.4[diam]1.9
*[name]herring[x]30[z]518[height]1.0[diam]1.0
*[name]herring[x]67[z]518[height]1.0[diam]1.0
*[name]herring[x]70[z]521[height]1.0[diam]1.0
*[name]herring[x]47[z]523[height]1.0[diam]1.0
*[name]tree[x]59[z]523[height]3.4[diam]2.6
*[name]tree[x]60[z]523[height]3.5[diam]2.8
*[name]tree[x]33[z]524[height]1.9[diam]1.8
*[name]tree[x]34[z]524[height]2.7[diam]2.0
*[name]tree[x]62[z]524[height]3.1[diam]2.3
*[name]tree[x]63[z]524[height]2.4[diam]2.1
*[name]herring[x]75[z]524[height]1.0[diam]1.0
*[name]tree[x]32[z]525[height]3.2[diam]2.5
*[name]tree[x]35[z]525[height]1.9[diam]1.8
*[name]herring[x]46[z]525[height]1.0[diam]1.0
*[name]tree[x]60[z]525[height]3.0[diam]2.9
*[name]tree[x]31[z]526[height]2.2[diam]2.1
*[name]tree[x]32[z]526[height]3.5[diam]2.5
*[name]tree[x]33[z]526[height]2.4[diam]2.0
*[name]tree[x]34[z]526[height]1.8[diam]1.3
*[name]herring[x]45[z]526[height]1.0[diam]1.0
*[name]tree[x]61[z]526[height]2.6[diam]1.9
*[name]tree[x]31[z]527[height]3.4[diam]3.1
*[name]tree[x]31[z]528[height]2.4[diam]2.3
*[name]herring[x]26[z]529[height]1.0[diam]1.0
*[name]herring[x]36[z]530[height]1.0[diam]1.0
*[name]herring[x]27[z]531[height]1.0[diam]1.0
*[name]herring[x]75[z]531[height]1.0[diam]1.0
*[name]tree[x]43[z]532[height]3.4[diam]2.8
*[name]tree[x]44[z]532[height]2.1[diam]1.5
*[name]tree[x]44[z]534[height]2.0[diam]1.8
*[name]tree[x]44[z]535[height]2.1[diam]2.1
*[name]herring[x]75[z]535[height]1.0[diam]1.0
*[name]herring[x]75[z]540[height]1.0[diam]1.0
*[name]tree[x]55[z]548[height]3.1[diam]2.7
*[name]tree[x]56[z]548[height]2.5[diam]2.2
*[name]tree[x]57[z]548[height]3.1[diam]2.6
*[name]tree[x]72[z]548[height]2.6[diam]2.1
*[name]tree[x]56[z]549[height]2.5[diam]2.3
*[name]tree[x]72[z]549[height]2.2[diam]1.8
*[name]tree[x]56[z]550[height]3.0[diam]2.7
*[name]tree[x]74[z]550[height]3.1[diam]2.9
*[name]tree[x]56[z]552[height]2.9[diam]2.3
*[name]tree[x]57[z]553[height]3.2[diam]2.8
*[name]herring[x]80[z]553[height]1.0[diam]1.0
*[name]herring[x]24[z]554[height]1.0[diam]1.0
*[name]herring[x]48[z]554[height]1.0[diam]1.0
*[name]tree[x]57[z]554[height]1.8[diam]1.4
*[name]tree[x]58[z]554[height]2.4[diam]2.4
*[name]herring[x]21[z]556[height]1.0[diam]1.0
*[name]tree[x]39[z]556[height]2.8[diam]2.4
*[name]tree[x]38[z]557[height]3.5[diam]3.1
*[name]herring[x]18[z]559[height]1.0[diam]1.0
*[name]tree[x]39[z]559[height]2.3[diam]1.7
*[name]tree[x]39[z]560[height]2.8[diam]2.0
*[name]herring[x]76[z]560[height]1.0[diam]1.0
*[name]herring[x]81[z]560[height]1.0[diam]1.0
*[name]tree[x]29[z]561[height]3.0[diam]2.2
*[name]tree[x]40[z]561[height]2.9[diam]2.4
*[name]herring[x]48[z]561[height]1.0[diam]1.0
*[name]tree[x]28[z]562[height]2.7[diam]2.0
*[name]tree[x]40[z]562[height]3.3[diam]3.2
*[name]tree[x]26[z]563[height]3.1[diam]2.3
*[name]tree[x]27[z]563[height]2.4[diam]2.1
*[name]tree[x]25[z]564[height]3.0[diam]2.3
*[name]tree[x]26[z]564[height]2.2[diam]1.8
*[name]herring[x]73[z]564[height]1.0[diam]1.0
*[name]tree[x]23[z]565[height]2.4[diam]1.8
*[name]herring[x]75[z]570[height]1.0[diam]1.0
*[name]herring[x]19[z]571[height]1.0[diam]1.0
*[name]tree[x]15[z]573[height]3.3[diam]2.8
*[name]tree[x]15[z]574[height]2.3[diam]1.8
*[name]tree[x]16[z]575[height]2.4[diam]2.3
*[name]tree[x]82[z]575[height]3.3[diam]2.6
*[name]tree[x]16[z]576[height]2.8[diam]2.1
*[name]tree[x]17[z]576[height]2.6[diam]1.9
*[name]tree[x]18[z]576[height]2.1[diam]1.6
*[name]tree[x]31[z]576[height]2.0[diam]1.9
*[name]tree[x]18[z]577[height]2.8[diam]2.5
*[name]herring[x]24[z]577[height]1.0[diam]1.0
*[name]tree[x]34[z]577[height]3.4[diam]2.9
*[name]tree[x]83[z]577[height]2.8[diam]2.6
*[name]tree[x]18[z]578[height]2.7[diam]2.7
*[name]tree[x]32[z]578[height]2.1[diam]1.6
*[name]tree[x]34[z]578[height]2.0[diam]1.6
*[name]tree[x]83[z]578[height]2.8[diam]2.4
*[name]herring[x]42[z]579[height]1.0[diam]1.0
*[name]herring[x]58[z]579[height]1.0[diam]1.0
*[name]tree[x]83[z]579[height]2.6[diam]2.2
*[name]tree[x]33[z]580[height]3.3[diam]3.1
*[name]tree[x]34[z]580[height]3.1[diam]2.4
*[name]herring[x]75[z]580[height]1.0[diam]1.0
*[name]herring[x]27[z]581[height]1.0[diam]1.0
*[name]tree[x]33[z]581[height]2.9[diam]2.5
*[name]tree[x]80[z]581[height]2.6[diam]2.0
*[name]tree[x]81[z]581[height]3.0[diam]3.0
*[name]tree[x]82[z]581[height]2.3[diam]2.3
*[name]herring[x]42[z]584[height]1.0[diam]1.0
*[name]herring[x]52[z]584[height]1.0[diam]1.0
*[name]herring[x]47[z]586[height]1.0[diam]1.0
*[name]tree[x]71[z]588[height]2.0[diam]1.7
*[name]herring[x]30[z]590[height]1.0[diam]1.0
*[name]tree[x]72[z]590[height]3.0[diam]2.7
*[name]herring[x]30[z]594[height]1.0[diam]1.0
*[name]tree[x]67[z]595[height]2.0[diam]1.8
*[name]tree[x]68[z]595[height]2.1[diam]1.9
*[name]tree[x]69[z]595[height]2.3[diam]2.1
*[name]tree[x]12[z]600[height]3.0[diam]2.5
*[name]tree[x]13[z]600[height]3.5[diam]3.3
*[name]tree[x]13[z]601[height]3.4[diam]2.9
*[name]tree[x]13[z]602[height]2.2[diam]1.8
*[name]tree[x]10[z]605[height]1.8[diam]1.4
*[name]tree[x]10[z]606[height]2.0[diam]1.9
*[name]tree[x]11[z]606[height]2.3[diam]2.2
*[name]tree[x]40[z]606[height]2.4[diam]2.3
*[name]tree[x]10[z]607[height]3.4[diam]2.5
*[name]tree[x]11[z]607[height]3.1[diam]2.5
*[name]tree[x]39[z]607[height]3.4[diam]3.3
*[name]tree[x]40[z]607[height]3.0[diam]2.7
*[name]tree[x]41[z]607[height]2.8[diam]2.7
*[name]tree[x]10[z]608[height]2.2[diam]2.1
*[name]tree[x]40[z]608[height]2.7[diam]2.4
*[name]tree[x]40[z]609[height]2.6[diam]2.0
*[name]tree[x]41[z]609[height]1.9[diam]1.6
*[name]herring[x]59[z]609[height]1.0[diam]1.0
*[name]tree[x]65[z]610[height]1.8[diam]1.8
*[name]herring[x]36[z]611[height]1.0[diam]1.0
*[name]tree[x]43[z]611[height]1.8[diam]1.4
*[name]tree[x]44[z]611[height]2.4[diam]1.8
*[name]tree[x]63[z]611[height]2.4[diam]2.1
*[name]tree[x]64[z]611[height]3.2[diam]3.0
*[name]tree[x]65[z]611[height]2.2[diam]1.7
*[name]tree[x]67[z]611[height]2.7[diam]2.1
*[name]herring[x]54[z]612[height]1.0[diam]1.0
*[name]tree[x]15[z]613[height]2.3[diam]1.8
*[name]tree[x]16[z]613[height]2.5[diam]2.0
*[name]tree[x]65[z]613[height]2.1[diam]1.6
*[name]tree[x]66[z]613[height]3.3[diam]3.1
*[name]tree[x]15[z]614[height]1.8[diam]1.4
*[name]tree[x]17[z]614[height]2.7[diam]2.4
*[name]tree[x]15[z]615[height]3.1[diam]2.2
*[name]tree[x]17[z]615[height]3.2[diam]3.0
*[name]herring[x]53[z]615[height]1.0[diam]1.0
*[name]tree[x]16[z]616[height]2.6[diam]2.5
*[name]tree[x]17[z]616[height]3.2[diam]2.7
*[name]tree[x]19[z]616[height]1.9[diam]1.4
*[name]tree[x]17[z]617[height]2.8[diam]2.3
*[name]tree[x]18[z]617[height]2.9[diam]2.4
*[name]herring[x]43[z]617[height]1.0[diam]1.0
*[name]herring[x]24[z]618[height]1.0[diam]1.0
*[name]tree[x]17[z]619[height]2.0[diam]1.9
*[name]herring[x]24[z]620[height]1.0[diam]1.0
*[name]tree[x]38[z]622[height]2.8[diam]2.6
*[name]tree[x]39[z]622[height]1.9[diam]1.8
*[name]tree[x]40[z]623[height]3.4[diam]2.9
*[name]tree[x]41[z]623[height]2.0[diam]1.5
*[name]tree[x]41[z]624[height]2.9[diam]2.1
*[name]herring[x]19[z]629[height]1.0[diam]1.0
*[name]tree[x]28[z]629[height]3.3[diam]3.0
*[name]herring[x]53[z]633[height]1.0[diam]1.0
*[name]tree[x]17[z]637[height]2.1[diam]1.7
*[name]tree[x]17[z]639[height]2.2[diam]2.1
*[name]tree[x]51[z]639[height]2.5[diam]1.8
*[name]tree[x]17[z]640[height]3.0[diam]2.9
*[name]tree[x]18[z]640[height]3.2[diam]2.8
*[name]tree[x]16[z]641[height]2.4[diam]2.3
*[name]tree[x]17[z]641[height]2.9[diam]2.9
*[name]tree[x]51[z]641[height]2.3[diam]1.8
*[name]herring[x]23[z]643[height]1.0[diam]1.0
*[name]tree[x]62[z]643[height]2.4[diam]2.0
*[name]tree[x]51[z]644[height]2.1[diam]2.0
*[name]tree[x]63[z]646[height]1.8[diam]1.4
*[name]tree[x]62[z]647[height]3.3[diam]3.2
*[name]tree[x]52[z]648[height]3.1[diam]3.0
*[name]tree[x]62[z]648[height]1.9[diam]1.6
*[name]tree[x]62[z]649[height]1.8[diam]1.8
*[name]tree[x]53[z]650[height]1.9[diam]1.5
*[name]herring[x]58[z]650[height]1.0[diam]1.0
*[name]tree[x]62[z]650[height]2.4[diam]1.9
*[name]herring[x]58[z]651[height]1.0[diam]1.0
*[name]herring[x]60[z]657[height]1.0[diam]1.0
*[name]tree[x]21[z]658[height]1.9[diam]1.8
*[name]herring[x]54[z]658[height]1.0[diam]1.0
*[name]tree[x]21[z]659[height]2.4[diam]2.2
*[name]tree[x]21[z]660[height]2.9[diam]2.2
*[name]tree[x]22[z]660[height]2.3[diam]1.7
*[name]herring[x]60[z]660[height]1.0[diam]1.0
*[name]tree[x]66[z]660[height]1.8[diam]1.8
*[name]herring[x]46[z]661[height]1.0[diam]1.0
*[name]tree[x]65[z]661[height]3.4[diam]2.7
*[name]tree[x]66[z]661[height]2.3[diam]1.8
*[name]tree[x]66[z]662[height]3.0[diam]2.5
*[name]tree[x]67[z]662[height]2.2[diam]2.1
*[name]tree[x]68[z]662[height]3.0[diam]2.2
*[name]herring[x]62[z]663[height]1.0[diam]1.0
*[name]tree[x]68[z]663[height]3.0[diam]2.5
*[name]tree[x]30[z]685[height]1.9[diam]1.8
*[name]herring[x]20[z]688[height]1.0[diam]1.0
*[name]tree[x]57[z]689[height]3.2[diam]2.4
*[name]tree[x]61[z]689[height]3.1[diam]3.0
*[name]herring[x]72[z]691[height]1.0[diam]1.0
*[name]tree[x]29[z]692[height]2.3[diam]1.7
*[name]tree[x]23[z]695[height]2.1[diam]1.7
*[name]tree[x]36[z]695[height]3.2[diam]2.8
*[name]herring[x]66[z]695[height]1.0[diam]1.0
*[name]herring[x]81[z]695[height]1.0[diam]1.0
*[name]herring[x]16[z]699[height]1.0[diam]1.0
*[name]herring[x]44[z]702[height]1.0[diam]1.0
*[name]herring[x]75[z]702[height]1.0[diam]1.0
*[name]tree[x]28[z]703[height]2.1[diam]1.8
*[name]tree[x]29[z]703[height]3.0[diam]2.6
*[name]herring[x]71[z]705[height]1.0[diam]1.0
*[name]tree[x]29[z]706[height]2.6[diam]2.3
*[name]herring[x]20[z]709[height]1.0[diam]1.0
*[name]herring[x]69[z]709[height]1.0[diam]1.0
*[name]tree[x]48[z]710[height]2.6[diam]2.2
*[name]tree[x]25[z]711[height]3.5[diam]3.3
*[name]tree[x]80[z]711[height]3.0[diam]2.7
*[name]herring[x]66[z]712[height]1.0[diam]1.0
*[name]tree[x]80[z]713[height]2.1[diam]2.1
*[name]herring[x]42[z]716[height]1.0[diam]1.0
*[name]tree[x]23[z]717[height]2.5[diam]2.4
*[name]tree[x]85[z]717[height]1.9[diam]1.4
*[name]tree[x]23[z]718[height]2.3[diam]1.8
*[name]herring[x]64[z]718[height]1.0[diam]1.0
*[name]tree[x]84[z]718[height]3.4[diam]2.5
*[name]herring[x]44[z]719[height]1.0[diam]1.0
*[name]tree[x]84[z]719[height]2.3[diam]2.0
*[name]tree[x]31[z]722[height]3.5[diam]3.1
*[name]tree[x]31[z]723[height]3.1[diam]2.3
*[name]tree[x]32[z]723[height]3.4[diam]3.0
*[name]herring[x]65[z]723[height]1.0[diam]1.0
*[name]tree[x]32[z]724[height]3.0[diam]2.3
*[name]herring[x]29[z]727[height]1.0[diam]1.0
*[name]herring[x]67[z]727[height]1.0[diam]1.0
*[name]tree[x]16[z]730[height]3.5[diam]2.9
*[name]herring[x]70[z]733[height]1.0[diam]1.0
*[name]tree[x]21[z]734[height]2.9[diam]2.4
*[name]tree[x]21[z]735[height]1.9[diam]1.4
*[name]tree[x]22[z]736[height]3.3[diam]2.4
*[name]herring[x]53[z]736[height]1.0[diam]1.0
*[name]herring[x]54[z]739[height]1.0[diam]1.0
*[name]tree[x]68[z]740[height]3.3[diam]2.9
*[name]tree[x]69[z]741[height]3.1[diam]2.3
*[name]herring[x]76[z]741[height]1.0[diam]1.0
*[name]tree[x]41[z]743[height]2.7[diam]2.1
*[name]herring[x]74[z]745[height]1.0[diam]1.0
*[name]herring[x]34[z]746[height]1.0[diam]1.0
*[name]tree[x]41[z]746[height]3.5[diam]3.1
*[name]tree[x]41[z]749[height]2.4[diam]1.9
*[name]tree[x]18[z]751[height]3.2[diam]2.5
*[name]tree[x]19[z]751[height]2.4[diam]1.8
*[name]tree[x]40[z]751[height]3.4[diam]2.7
*[name]tree[x]19[z]752[height]2.9[diam]2.6
*[name]tree[x]40[z]752[height]2.7[diam]2.4
*[name]tree[x]41[z]752[height]2.1[diam]1.7
*[name]tree[x]78[z]752[height]3.0[diam]2.3
*[name]tree[x]78[z]753[height]2.9[diam]2.3
*[name]tree[x]80[z]758[height]2.9[diam]2.7
*[name]tree[x]28[z]762[height]2.5[diam]2.2
*[name]herring[x]78[z]762[height]1.0[diam]1.0
*[name]tree[x]26[z]763[height]3.2[diam]2.6
*[name]herring[x]35[z]765[height]1.0[diam]1.0
*[name]herring[x]42[z]772[height]1.0[diam]1.0
*[name]herring[x]53[z]772[height]1.0[diam]1.0
*[name]herring[x]26[z]774[height]1.0[diam]1.0
*[name]herring[x]40[z]774[height]1.0[diam]1.0
*[name]herring[x]45[z]775[height]1.0[diam]1.0
*[name]herring[x]53[z]775[height]1.0[diam]1.0
*[name]herring[x]20[z]777[height]1.0[diam]1.0
*[name]tree[x]32[z]777[height]1.8[diam]1.6
*[name]tree[x]30[z]778[height]2.4[diam]2.1
*[name]tree[x]31[z]778[height]3.2[diam]2.6
*[name]tree[x]9[z]779[height]2.1[diam]1.6
*[name]herring[x]20[z]779[height]1.0[diam]1.0
*[name]tree[x]31[z]779[height]2.9[diam]2.8
*[name]herring[x]21[z]780[height]1.0[diam]1.0
*[name]tree[x]84[z]780[height]2.5[diam]2.5
*[name]tree[x]11[z]781[height]1.8[diam]1.5
*[name]tree[x]10[z]782[height]2.4[diam]2.2
*[name]tree[x]9[z]783[height]3.4[diam]3.3
*[name]tree[x]10[z]783[height]2.2[diam]1.7
*[name]herring[x]79[z]783[height]1.0[diam]1.0
*[name]tree[x]10[z]784[height]2.0[diam]2.0
*[name]tree[x]10[z]785[height]2.3[diam]2.2
*[name]tree[x]30[z]785[height]2.3[diam]2.2
*[name]tree[x]10[z]786[height]2.7[diam]2.5
*[name]herring[x]58[z]787[height]1.0[diam]1.0
*[name]herring[x]80[z]788[height]1.0[diam]1.0
*[name]herring[x]59[z]789[height]1.0[diam]1.0
*[name]tree[x]35[z]790[height]2.5[diam]2.1
*[name]tree[x]12[z]791[height]1.8[diam]1.5
*[name]tree[x]16[z]791[height]3.5[diam]2.9
*[name]tree[x]13[z]792[height]1.8[diam]1.7
*[name]tree[x]17[z]792[height]3.1[diam]2.4
*[name]tree[x]20[z]792[height]3.4[diam]2.8
*[name]tree[x]23[z]794[height]2.1[diam]1.7
*[name]herring[x]30[z]794[height]1.0[diam]1.0
*[name]tree[x]39[z]794[height]2.4[diam]1.9
*[name]tree[x]71[z]794[height]3.0[diam]2.7
*[name]tree[x]24[z]795[height]3.3[diam]3.0
*[name]tree[x]39[z]795[height]2.8[diam]2.1
*[name]tree[x]42[z]795[height]3.1[diam]2.9
*[name]herring[x]49[z]795[height]1.0[diam]1.0
*[name]herring[x]64[z]795[height]1.0[diam]1.0
*[name]herring[x]67[z]795[height]1.0[diam]1.0
*[name]tree[x]39[z]796[height]2.0[diam]1.5
*[name]tree[x]23[z]797[height]2.7[diam]2.2
*[name]tree[x]25[z]797[height]1.9[diam]1.4
*[name]tree[x]39[z]797[height]2.0[diam]1.7
*[name]herring[x]76[z]797[height]1.0[diam]1.0
*[name]tree[x]39[z]798[height]2.5[diam]1.9
*[name]tree[x]40[z]798[height]3.4[diam]2.9
*[name]tree[x]26[z]799[height]2.7[diam]2.7
*[name]tree[x]39[z]799[height]2.1[diam]1.7
*[name]tree[x]40[z]799[height]2.1[diam]1.6
*[name]tree[x]52[z]800[height]3.0[diam]2.4
*[name]tree[x]51[z]801[height]2.7[diam]2.0
*[name]tree[x]39[z]802[height]2.8[diam]2.2
*[name]tree[x]39[z]803[height]3.1[diam]2.7
*[name]tree[x]52[z]803[height]3.2[diam]2.7
*[name]tree[x]12[z]804[height]2.9[diam]2.5
*[name]tree[x]77[z]806[height]2.0[diam]1.9
*[name]tree[x]80[z]807[height]3.0[diam]2.7
*[name]herring[x]22[z]811[height]1.0[diam]1.0
*[name]tree[x]5[z]813[height]2.0[diam]1.8
*[name]herring[x]21[z]813[height]1.0[diam]1.0
*[name]tree[x]39[z]813[height]3.1[diam]2.4
*[name]herring[x]63[z]813[height]1.0[diam]1.0
*[name]tree[x]40[z]814[height]2.2[diam]1.7
*[name]tree[x]40[z]816[height]2.4[diam]1.9
*[name]herring[x]47[z]816[height]1.0[diam]1.0
*[name]tree[x]41[z]817[height]2.8[diam]2.7
*[name]tree[x]74[z]818[height]2.1[diam]2.0
*[name]tree[x]75[z]819[height]2.1[diam]1.8
*[name]herring[x]22[z]820[height]1.0[diam]1.0
*[name]herring[x]50[z]820[height]1.0[diam]1.0
*[name]tree[x]55[z]820[height]3.4[diam]3.3
*[name]tree[x]57[z]820[height]3.1[diam]2.6
*[name]herring[x]67[z]820[height]1.0[diam]1.0
*[name]tree[x]78[z]820[height]3.5[diam]2.8
*[name]tree[x]58[z]821[height]2.9[diam]2.7
*[name]tree[x]78[z]821[height]3.2[diam]2.7
*[name]tree[x]77[z]822[height]2.0[diam]1.7
*[name]tree[x]78[z]822[height]1.9[diam]1.5
*[name]tree[x]79[z]822[height]2.0[diam]1.9
*[name]tree[x]78[z]823[height]3.4[diam]2.7
*[name]tree[x]79[z]823[height]2.7[diam]2.5
*[name]herring[x]19[z]824[height]1.0[diam]1.0
*[name]tree[x]28[z]825[height]2.6[diam]2.5
*[name]tree[x]78[z]825[height]3.2[diam]3.1
*[name]tree[x]9[z]826[height]3.5[diam]2.9
*[name]tree[x]27[z]826[height]3.1[diam]2.4
*[name]tree[x]26[z]827[height]2.1[diam]2.1
*[name]tree[x]8[z]828[height]2.7[diam]2.0
*[name]tree[x]24[z]828[height]3.3[diam]2.6
*[name]tree[x]25[z]828[height]2.8[diam]2.6
*[name]herring[x]16[z]829[height]1.0[diam]1.0
*[name]tree[x]67[z]829[height]2.9[diam]2.2
*[name]herring[x]32[z]831[height]1.0[diam]1.0
*[name]tree[x]66[z]831[height]2.8[diam]2.3
*[name]herring[x]74[z]831[height]1.0[diam]1.0
*[name]tree[x]66[z]834[height]3.0[diam]2.7
*[name]herring[x]15[z]835[height]1.0[diam]1.0
*[name]tree[x]23[z]838[height]3.3[diam]3.1
*[name]tree[x]23[z]839[height]3.5[diam]2.5
*[name]herring[x]32[z]839[height]1.0[diam]1.0
*[name]tree[x]23[z]840[height]2.7[diam]2.7
*[name]herring[x]44[z]840[height]1.0[diam]1.0
*[name]tree[x]23[z]841[height]2.3[diam]1.7
*[name]tree[x]24[z]841[height]2.8[diam]2.6
*[name]tree[x]24[z]842[height]3.3[diam]2.8
*[name]tree[x]25[z]842[height]2.9[diam]2.7
*[name]herring[x]75[z]842[height]1.0[diam]1.0
*[name]tree[x]26[z]843[height]3.2[diam]2.7
*[name]herring[x]36[z]845[height]1.0[diam]1.0
*[name]herring[x]26[z]849[height]1.0[diam]1.0
*[name]herring[x]28[z]851[height]1.0[diam]1.0
*[name]tree[x]40[z]852[height]1.8[diam]1.3
*[name]herring[x]79[z]852[height]1.0[diam]1.0
*[name]tree[x]40[z]853[height]2.4[diam]2.1
*[name]herring[x]58[z]853[height]1.0[diam]1.0
*[name]herring[x]11[z]856[height]1.0[diam]1.0
*[name]tree[x]40[z]856[height]2.0[diam]1.5
*[name]herring[x]11[z]857[height]1.0[diam]1.0
*[name]tree[x]74[z]857[height]3.3[diam]3.0
*[name]tree[x]40[z]858[height]1.8[diam]1.6
*[name]tree[x]72[z]860[height]3.4[diam]3.0
*[name]tree[x]73[z]860[height]3.4[diam]3.0
*[name]tree[x]54[z]861[height]2.3[diam]2.2
*[name]tree[x]74[z]861[height]2.4[diam]1.9
*[name]tree[x]75[z]861[height]3.2[diam]3.2
*[name]tree[x]54[z]862[height]2.2[diam]1.6
*[name]herring[x]69[z]862[height]1.0[diam]1.0
*[name]tree[x]75[z]862[height]1.8[diam]1.7
*[name]herring[x]13[z]863[height]1.0[diam]1.0
*[name]herring[x]78[z]864[height]1.0[diam]1.0
*[name]herring[x]77[z]865[height]1.0[diam]1.0
*[name]tree[x]66[z]867[height]3.3[diam]3.3
*[name]tree[x]68[z]867[height]2.3[diam]1.9
*[name]tree[x]67[z]868[height]3.1[diam]2.3
*[name]herring[x]43[z]869[height]1.0[diam]1.0
*[name]herring[x]43[z]871[height]1.0[diam]1.0
*[name]tree[x]28[z]873[height]3.3[diam]3.1
*[name]tree[x]29[z]873[height]2.0[diam]1.6
*[name]tree[x]40[z]873[height]2.5[diam]1.9
*[name]tree[x]28[z]874[height]2.5[diam]2.0
*[name]tree[x]27[z]875[height]3.5[diam]2.9
*[name]herring[x]70[z]875[height]1.0[diam]1.0
*[name]tree[x]39[z]877[height]3.1[diam]3.0
*[name]tree[x]40[z]877[height]1.9[diam]1.7
*[name]herring[x]21[z]879[height]1.0[diam]1.0
*[name]tree[x]40[z]879[height]2.6[diam]2.1
*[name]tree[x]34[z]880[height]2.7[diam]2.6
*[name]tree[x]41[z]880[height]2.9[diam]2.4
*[name]tree[x]41[z]881[height]3.1[diam]3.0
*[name]tree[x]37[z]882[height]2.7[diam]2.5
*[name]herring[x]66[z]884[height]1.0[diam]1.0
*[name]herring[x]56[z]890[height]1.0[diam]1.0
*[name]tree[x]21[z]891[height]3.0[diam]2.5
*[name]herring[x]13[z]892[height]1.0[diam]1.0
*[name]tree[x]21[z]892[height]2.9[diam]2.1
*[name]tree[x]22[z]892[height]3.4[diam]2.9
*[name]herring[x]27[z]892[height]1.0[diam]1.0
*[name]tree[x]20[z]893[height]2.0[diam]1.9
*[name]tree[x]35[z]894[height]2.2[diam]1.7
*[name]tree[x]38[z]894[height]1.8[diam]1.6
*[name]tree[x]39[z]894[height]2.7[diam]2.3
*[name]herring[x]27[z]895[height]1.0[diam]1.0
*[name]tree[x]33[z]895[height]3.4[diam]2.9
*[name]tree[x]34[z]895[height]3.3[diam]3.0
*[name]tree[x]35[z]895[height]2.4[diam]2.3
*[name]tree[x]70[z]896[height]2.5[diam]2.4
*[name]tree[x]70[z]897[height]2.3[diam]2.3
*[name]tree[x]1[z]898[height]2.9[diam]2.8
*[name]herring[x]11[z]898[height]1.0[diam]1.0
*[name]tree[x]71[z]898[height]2.4[diam]2.0
*[name]herring[x]38[z]899[height]1.0[diam]1.0
*[name]herring[x]36[z]900[height]1.0[diam]1.0
*[name]tree[x]1[z]901[height]3.3[diam]3.1
*[name]tree[x]2[z]901[height]2.0[diam]1.7
*[name]herring[x]50[z]901[height]1.0[diam]1.0
*[name]tree[x]2[z]902[height]2.3[diam]2.1
*[name]tree[x]71[z]902[height]2.8[diam]2.2
*[name]tree[x]12[z]904[height]2.2[diam]2.0
*[name]tree[x]14[z]905[height]1.8[diam]1.5
*[name]tree[x]53[z]905[height]3.4[diam]2.5
*[name]tree[x]13[z]906[height]2.0[diam]1.7
*[name]herring[x]77[z]909[height]1.0[diam]1.0
*[name]tree[x]50[z]913[height]2.6[diam]1.9
*[name]tree[x]51[z]914[height]3.5[diam]2.8
*[name]herring[x]72[z]917[height]1.0[diam]1.0
*[name]tree[x]75[z]922[height]3.0[diam]2.4
*[name]tree[x]73[z]925[height]2.3[diam]1.7
*[name]tree[x]12[z]926[height]2.0[diam]1.7
*[name]herring[x]43[z]926[height]1.0[diam]1.0
*[name]tree[x]48[z]926[height]1.9[diam]1.8
*[name]tree[x]49[z]926[height]2.7[diam]2.3
*[name]tree[x]49[z]927[height]2.0[diam]1.6
*[name]tree[x]11[z]928[height]2.3[diam]1.8
*[name]tree[x]49[z]928[height]3.4[diam]3.0
*[name]tree[x]50[z]928[height]1.8[diam]1.6
*[name]tree[x]50[z]929[height]3.2[diam]2.5
*[name]tree[x]50[z]930[height]2.2[diam]2.0
*[name]tree[x]26[z]933[height]3.0[diam]2.3
*[name]herring[x]22[z]937[height]1.0[diam]1.0
*[name]herring[x]60[z]937[height]1.0[diam]1.0
*[name]tree[x]30[z]938[height]3.2[diam]3.1
*[name]herring[x]44[z]939[height]1.0[diam]1.0
*[name]herring[x]87[z]942[height]1.0[diam]1.0
*[name]herring[x]75[z]945[height]1.0[diam]1.0
*[name]herring[x]57[z]947[height]1.0[diam]1.0
*[name]tree[x]29[z]948[height]2.9[diam]2.4
*[name]tree[x]30[z]948[height]3.3[diam]2.9
*[name]herring[x]76[z]948[height]1.0[diam]1.0
*[name]tree[x]29[z]949[height]2.9[diam]2.6
*[name]tree[x]30[z]950[height]3.4[diam]3.3
*[name]herring[x]47[z]950[height]1.0[diam]1.0
*[name]herring[x]19[z]956[height]1.0[diam]1.0
*[name]herring[x]67[z]956[height]1.0[diam]1.0
*[name]herring[x]47[z]959[height]1.0[diam]1.0
*[name]herring[x]48[z]959[height]1.0[diam]1.0
*[name]herring[x]19[z]962[height]1.0[diam]1.0
*[name]herring[x]46[z]965[height]1.0[diam]1.0
*[name]herring[x]23[z]967[height]1.0[diam]1.0
*[name]herring[x]44[z]971[height]1.0[diam]1.0
*[name]herring[x]26[z]972[height]1.0[diam]1.0
*[name]herring[x]29[z]979[height]1.0[diam]1.0
*[name]herring[x]64[z]983[height]1.0[diam]1.0
*[name]tree[x]59[z]988[height]3.0[diam]2.2
*[name]tree[x]57[z]989[height]2.6[diam]2.5
*[name]tree[x]58[z]989[height]3.2[diam]2.3
*[name]tree[x]57[z]990[height]2.2[diam]2.1
