*[name]finish[x]20[z]2[height]6.0[diam]9.0
*[name]flag[x]26[z]3[height]1.0[diam]1.0
*[name]flag[x]12[z]7[height]1.0[diam]1.0
*[name]flag[x]15[z]7[height]1.0[diam]1.0
*[name]flag[x]23[z]7[height]1.0[diam]1.0
*[name]flag[x]30[z]7[height]1.0[diam]1.0
*[name]flag[x]9[z]11[height]1.0[diam]1.0
*[name]flag[x]33[z]15[height]1.0[diam]1.0
*[name]flag[x]6[z]19[height]1.0[diam]1.0
*[name]flag[x]35[z]23[height]1.0[diam]1.0
*[name]flag[x]5[z]27[height]1.0[diam]1.0
*[name]flag[x]37[z]35[height]1.0[diam]1.0
*[name]flag[x]3[z]39[height]1.0[diam]1.0
*[name]flag[x]2[z]51[height]1.0[diam]1.0
*[name]flag[x]37[z]51[height]1.0[diam]1.0
*[name]flag[x]2[z]87[height]1.0[diam]1.0
*[name]flag[x]37[z]87[height]1.0[diam]1.0
*[name]flag[x]2[z]123[height]1.0[diam]1.0
*[name]flag[x]37[z]123[height]1.0[diam]1.0
*[name]flag[x]2[z]167[height]1.0[diam]1.0
*[name]flag[x]37[z]167[height]1.0[diam]1.0
*[name]flag[x]2[z]211[height]1.0[diam]1.0
*[name]flag[x]37[z]211[height]1.0[diam]1.0
*[name]flag[x]2[z]251[height]1.0[diam]1.0
*[name]flag[x]37[z]251[height]1.0[diam]1.0
*[name]flag[x]2[z]291[height]1.0[diam]1.0
*[name]flag[x]37[z]291[height]1.0[diam]1.0
*[name]flag[x]2[z]327[height]1.0[diam]1.0
*[name]flag[x]37[z]327[height]1.0[diam]1.0
*[name]flag[x]2[z]359[height]1.0[diam]1.0
*[name]flag[x]37[z]359[height]1.0[diam]1.0
*[name]flag[x]2[z]403[height]1.0[diam]1.0
*[name]flag[x]37[z]403[height]1.0[diam]1.0
*[name]flag[x]2[z]443[height]1.0[diam]1.0
*[name]flag[x]37[z]443[height]1.0[diam]1.0
*[name]flag[x]2[z]491[height]1.0[diam]1.0
*[name]flag[x]37[z]491[height]1.0[diam]1.0
*[name]flag[x]2[z]559[height]1.0[diam]1.0
*[name]flag[x]37[z]559[height]1.0[diam]1.0
*[name]flag[x]2[z]611[height]1.0[diam]1.0
*[name]flag[x]37[z]611[height]1.0[diam]1.0
*[name]flag[x]2[z]675[height]1.0[diam]1.0
*[name]flag[x]37[z]675[height]1.0[diam]1.0
*[name]flag[x]2[z]727[height]1.0[diam]1.0
*[name]flag[x]37[z]727[height]1.0[diam]1.0
*[name]flag[x]3[z]799[height]1.0[diam]1.0
*[name]flag[x]38[z]799[height]1.0[diam]1.0
*[name]flag[x]2[z]843[height]1.0[diam]1.0
*[name]flag[x]37[z]843[height]1.0[diam]1.0
*[name]flag[x]2[z]883[height]1.0[diam]1.0
*[name]flag[x]37[z]883[height]1.0[diam]1.0
*[name]flag[x]2[z]927[height]1.0[diam]1.0
*[name]flag[x]37[z]927[height]1.0[diam]1.0
*[name]flag[x]2[z]975[height]1.0[diam]1.0
*[name]flag[x]37[z]975[height]1.0[diam]1.0
*[name]flag[x]2[z]1027[height]1.0[diam]1.0
*[name]flag[x]37[z]1027[height]1.0[diam]1.0
*[name]flag[x]2[z]1079[height]1.0[diam]1.0
*[name]flag[x]37[z]1079[height]1.0[diam]1.0
*[name]flag[x]2[z]1131[height]1.0[diam]1.0
*[name]flag[x]37[z]1131[height]1.0[diam]1.0
*[name]flag[x]2[z]1179[height]1.0[diam]1.0
*[name]flag[x]37[z]1179[height]1.0[diam]1.0
*[name]flag[x]2[z]1227[height]1.0[diam]1.0
*[name]flag[x]37[z]1227[height]1.0[diam]1.0
*[name]flag[x]2[z]1271[height]1.0[diam]1.0
*[name]flag[x]37[z]1271[height]1.0[diam]1.0
*[name]flag[x]2[z]1315[height]1.0[diam]1.0
*[name]flag[x]37[z]1315[height]1.0[diam]1.0
*[name]flag[x]2[z]1359[height]1.0[diam]1.0
*[name]flag[x]37[z]1359[height]1.0[diam]1.0
*[name]flag[x]2[z]1399[height]1.0[diam]1.0
*[name]flag[x]37[z]1399[height]1.0[diam]1.0
*[name]flag[x]2[z]1443[height]1.0[diam]1.0
*[name]flag[x]37[z]1443[height]1.0[diam]1.0
*[name]flag[x]2[z]1491[height]1.0[diam]1.0
*[name]flag[x]37[z]1491[height]1.0[diam]1.0
*[name]flag[x]2[z]1535[height]1.0[diam]1.0
*[name]flag[x]37[z]1535[height]1.0[diam]1.0
*[name]flag[x]2[z]1579[height]1.0[diam]1.0
*[name]flag[x]37[z]1579[height]1.0[diam]1.0
*[name]flag[x]17[z]1643[height]1.0[diam]1.0
*[name]flag[x]23[z]1643[height]1.0[diam]1.0
*[name]flag[x]17[z]1687[height]1.0[diam]1.0
*[name]flag[x]23[z]1691[height]1.0[diam]1.0
*[name]flag[x]17[z]1723[height]1.0[diam]1.0
*[name]flag[x]23[z]1723[height]1.0[diam]1.0
*[name]flag[x]17[z]1767[height]1.0[diam]1.0
*[name]flag[x]23[z]1767[height]1.0[diam]1.0
*[name]flag[x]17[z]1807[height]1.0[diam]1.0
*[name]flag[x]23[z]1807[height]1.0[diam]1.0
*[name]flag[x]17[z]1847[height]1.0[diam]1.0
*[name]flag[x]23[z]1847[height]1.0[diam]1.0
*[name]flag[x]18[z]1899[height]1.0[diam]1.0
*[name]flag[x]23[z]1899[height]1.0[diam]1.0
*[name]flag[x]17[z]1935[height]1.0[diam]1.0
*[name]flag[x]24[z]1935[height]1.0[diam]1.0
*[name]start[x]20[z]1979[height]6.0[diam]9.0
