*[name]finish[x]55[z]15[height]6.0[diam]9.0
*[name]herring[x]57[z]22[height]1.0[diam]1.0
*[name]herring[x]45[z]27[height]1.0[diam]1.0
*[name]herring[x]52[z]27[height]1.0[diam]1.0
*[name]herring[x]63[z]29[height]1.0[diam]1.0
*[name]herring[x]56[z]32[height]1.0[diam]1.0
*[name]herring[x]58[z]39[height]1.0[diam]1.0
*[name]herring[x]51[z]41[height]1.0[diam]1.0
*[name]herring[x]55[z]49[height]1.0[diam]1.0
*[name]herring[x]56[z]53[height]1.0[diam]1.0
*[name]herring[x]57[z]60[height]1.0[diam]1.0
*[name]herring[x]58[z]60[height]1.0[diam]1.0
*[name]herring[x]58[z]62[height]1.0[diam]1.0
*[name]herring[x]58[z]70[height]1.0[diam]1.0
*[name]herring[x]57[z]76[height]1.0[diam]1.0
*[name]herring[x]55[z]82[height]1.0[diam]1.0
*[name]herring[x]50[z]92[height]1.0[diam]1.0
*[name]herring[x]51[z]111[height]1.0[diam]1.0
*[name]herring[x]48[z]143[height]1.0[diam]1.0
*[name]herring[x]49[z]170[height]1.0[diam]1.0
*[name]herring[x]35[z]183[height]1.0[diam]1.0
*[name]herring[x]38[z]188[height]1.0[diam]1.0
*[name]herring[x]39[z]191[height]1.0[diam]1.0
*[name]herring[x]41[z]194[height]1.0[diam]1.0
*[name]herring[x]62[z]195[height]1.0[diam]1.0
*[name]herring[x]43[z]197[height]1.0[diam]1.0
*[name]herring[x]46[z]201[height]1.0[diam]1.0
*[name]herring[x]61[z]201[height]1.0[diam]1.0
*[name]herring[x]47[z]204[height]1.0[diam]1.0
*[name]herring[x]20[z]205[height]1.0[diam]1.0
*[name]herring[x]24[z]207[height]1.0[diam]1.0
*[name]herring[x]59[z]207[height]1.0[diam]1.0
*[name]herring[x]46[z]208[height]1.0[diam]1.0
*[name]herring[x]28[z]209[height]1.0[diam]1.0
*[name]herring[x]29[z]209[height]1.0[diam]1.0
*[name]herring[x]56[z]210[height]1.0[diam]1.0
*[name]herring[x]31[z]211[height]1.0[diam]1.0
*[name]herring[x]44[z]212[height]1.0[diam]1.0
*[name]herring[x]34[z]213[height]1.0[diam]1.0
*[name]herring[x]54[z]213[height]1.0[diam]1.0
*[name]herring[x]36[z]214[height]1.0[diam]1.0
*[name]herring[x]53[z]215[height]1.0[diam]1.0
*[name]herring[x]38[z]217[height]1.0[diam]1.0
*[name]herring[x]45[z]217[height]1.0[diam]1.0
*[name]herring[x]51[z]217[height]1.0[diam]1.0
*[name]herring[x]49[z]218[height]1.0[diam]1.0
*[name]herring[x]44[z]223[height]1.0[diam]1.0
*[name]herring[x]46[z]226[height]1.0[diam]1.0
*[name]herring[x]46[z]234[height]1.0[diam]1.0
*[name]herring[x]46[z]239[height]1.0[diam]1.0
*[name]herring[x]45[z]244[height]1.0[diam]1.0
*[name]herring[x]44[z]250[height]1.0[diam]1.0
*[name]herring[x]32[z]278[height]1.0[diam]1.0
*[name]herring[x]54[z]279[height]1.0[diam]1.0
*[name]herring[x]35[z]281[height]1.0[diam]1.0
*[name]herring[x]51[z]282[height]1.0[diam]1.0
*[name]herring[x]37[z]285[height]1.0[diam]1.0
*[name]herring[x]49[z]285[height]1.0[diam]1.0
*[name]herring[x]47[z]289[height]1.0[diam]1.0
*[name]herring[x]41[z]290[height]1.0[diam]1.0
*[name]herring[x]43[z]295[height]1.0[diam]1.0
*[name]herring[x]44[z]333[height]1.0[diam]1.0
*[name]herring[x]48[z]340[height]1.0[diam]1.0
*[name]herring[x]48[z]347[height]1.0[diam]1.0
*[name]herring[x]50[z]354[height]1.0[diam]1.0
*[name]herring[x]49[z]362[height]1.0[diam]1.0
*[name]herring[x]50[z]368[height]1.0[diam]1.0
*[name]herring[x]72[z]390[height]1.0[diam]1.0
*[name]herring[x]35[z]395[height]1.0[diam]1.0
*[name]herring[x]35[z]396[height]1.0[diam]1.0
*[name]herring[x]76[z]400[height]1.0[diam]1.0
*[name]herring[x]38[z]404[height]1.0[diam]1.0
*[name]herring[x]76[z]408[height]1.0[diam]1.0
*[name]herring[x]42[z]410[height]1.0[diam]1.0
*[name]herring[x]75[z]414[height]1.0[diam]1.0
*[name]herring[x]45[z]416[height]1.0[diam]1.0
*[name]herring[x]33[z]471[height]1.0[diam]1.0
*[name]herring[x]39[z]471[height]1.0[diam]1.0
*[name]herring[x]46[z]471[height]1.0[diam]1.0
*[name]herring[x]48[z]471[height]1.0[diam]1.0
*[name]herring[x]49[z]471[height]1.0[diam]1.0
*[name]herring[x]52[z]471[height]1.0[diam]1.0
*[name]herring[x]56[z]471[height]1.0[diam]1.0
*[name]herring[x]62[z]471[height]1.0[diam]1.0
*[name]herring[x]66[z]471[height]1.0[diam]1.0
*[name]herring[x]69[z]471[height]1.0[diam]1.0
*[name]herring[x]72[z]471[height]1.0[diam]1.0
*[name]herring[x]76[z]471[height]1.0[diam]1.0
*[name]herring[x]78[z]471[height]1.0[diam]1.0
*[name]herring[x]82[z]471[height]1.0[diam]1.0
*[name]herring[x]84[z]471[height]1.0[diam]1.0
*[name]herring[x]87[z]471[height]1.0[diam]1.0
*[name]herring[x]90[z]471[height]1.0[diam]1.0
*[name]herring[x]31[z]473[height]1.0[diam]1.0
*[name]herring[x]33[z]473[height]1.0[diam]1.0
*[name]herring[x]35[z]473[height]1.0[diam]1.0
*[name]herring[x]39[z]473[height]1.0[diam]1.0
*[name]herring[x]41[z]473[height]1.0[diam]1.0
*[name]herring[x]46[z]473[height]1.0[diam]1.0
*[name]herring[x]52[z]473[height]1.0[diam]1.0
*[name]herring[x]55[z]473[height]1.0[diam]1.0
*[name]herring[x]56[z]473[height]1.0[diam]1.0
*[name]herring[x]62[z]473[height]1.0[diam]1.0
*[name]herring[x]64[z]473[height]1.0[diam]1.0
*[name]herring[x]75[z]473[height]1.0[diam]1.0
*[name]herring[x]81[z]473[height]1.0[diam]1.0
*[name]herring[x]87[z]473[height]1.0[diam]1.0
*[name]herring[x]89[z]473[height]1.0[diam]1.0
*[name]herring[x]69[z]474[height]1.0[diam]1.0
*[name]herring[x]71[z]474[height]1.0[diam]1.0
*[name]herring[x]72[z]474[height]1.0[diam]1.0
*[name]herring[x]83[z]474[height]1.0[diam]1.0
*[name]herring[x]31[z]475[height]1.0[diam]1.0
*[name]herring[x]33[z]475[height]1.0[diam]1.0
*[name]herring[x]35[z]475[height]1.0[diam]1.0
*[name]herring[x]39[z]475[height]1.0[diam]1.0
*[name]herring[x]43[z]475[height]1.0[diam]1.0
*[name]herring[x]46[z]475[height]1.0[diam]1.0
*[name]herring[x]48[z]475[height]1.0[diam]1.0
*[name]herring[x]49[z]475[height]1.0[diam]1.0
*[name]herring[x]52[z]475[height]1.0[diam]1.0
*[name]herring[x]54[z]475[height]1.0[diam]1.0
*[name]herring[x]56[z]475[height]1.0[diam]1.0
*[name]herring[x]62[z]475[height]1.0[diam]1.0
*[name]herring[x]66[z]475[height]1.0[diam]1.0
*[name]herring[x]75[z]475[height]1.0[diam]1.0
*[name]herring[x]81[z]475[height]1.0[diam]1.0
*[name]herring[x]87[z]475[height]1.0[diam]1.0
*[name]herring[x]90[z]475[height]1.0[diam]1.0
*[name]herring[x]69[z]476[height]1.0[diam]1.0
*[name]herring[x]72[z]476[height]1.0[diam]1.0
*[name]herring[x]76[z]476[height]1.0[diam]1.0
*[name]herring[x]33[z]477[height]1.0[diam]1.0
*[name]herring[x]39[z]477[height]1.0[diam]1.0
*[name]herring[x]41[z]477[height]1.0[diam]1.0
*[name]herring[x]46[z]477[height]1.0[diam]1.0
*[name]herring[x]48[z]477[height]1.0[diam]1.0
*[name]herring[x]49[z]477[height]1.0[diam]1.0
*[name]herring[x]52[z]477[height]1.0[diam]1.0
*[name]herring[x]56[z]477[height]1.0[diam]1.0
*[name]herring[x]62[z]477[height]1.0[diam]1.0
*[name]herring[x]64[z]477[height]1.0[diam]1.0
*[name]herring[x]66[z]477[height]1.0[diam]1.0
*[name]herring[x]71[z]477[height]1.0[diam]1.0
*[name]herring[x]78[z]477[height]1.0[diam]1.0
*[name]herring[x]81[z]477[height]1.0[diam]1.0
*[name]herring[x]83[z]477[height]1.0[diam]1.0
*[name]herring[x]84[z]477[height]1.0[diam]1.0
*[name]herring[x]87[z]477[height]1.0[diam]1.0
*[name]herring[x]89[z]477[height]1.0[diam]1.0
*[name]herring[x]38[z]485[height]1.0[diam]1.0
*[name]herring[x]41[z]488[height]1.0[diam]1.0
*[name]herring[x]45[z]494[height]1.0[diam]1.0
*[name]herring[x]48[z]499[height]1.0[diam]1.0
*[name]herring[x]52[z]502[height]1.0[diam]1.0
*[name]herring[x]50[z]507[height]1.0[diam]1.0
*[name]herring[x]52[z]513[height]1.0[diam]1.0
*[name]herring[x]60[z]519[height]1.0[diam]1.0
*[name]herring[x]51[z]520[height]1.0[diam]1.0
*[name]herring[x]51[z]528[height]1.0[diam]1.0
*[name]herring[x]52[z]534[height]1.0[diam]1.0
*[name]herring[x]55[z]537[height]1.0[diam]1.0
*[name]herring[x]53[z]541[height]1.0[diam]1.0
*[name]herring[x]50[z]545[height]1.0[diam]1.0
*[name]herring[x]47[z]551[height]1.0[diam]1.0
*[name]herring[x]44[z]556[height]1.0[diam]1.0
*[name]herring[x]44[z]563[height]1.0[diam]1.0
*[name]herring[x]46[z]582[height]1.0[diam]1.0
*[name]herring[x]54[z]591[height]1.0[diam]1.0
*[name]herring[x]61[z]598[height]1.0[diam]1.0
*[name]herring[x]62[z]604[height]1.0[diam]1.0
*[name]herring[x]40[z]786[height]1.0[diam]1.0
*[name]herring[x]40[z]800[height]1.0[diam]1.0
*[name]herring[x]35[z]864[height]1.0[diam]1.0
*[name]herring[x]16[z]866[height]1.0[diam]1.0
*[name]herring[x]49[z]867[height]1.0[diam]1.0
*[name]herring[x]18[z]874[height]1.0[diam]1.0
*[name]herring[x]19[z]881[height]1.0[diam]1.0
*[name]herring[x]21[z]885[height]1.0[diam]1.0
*[name]herring[x]23[z]892[height]1.0[diam]1.0
*[name]flag[x]38[z]950[height]1.0[diam]1.0
*[name]flag[x]64[z]950[height]1.0[diam]1.0
*[name]flag[x]38[z]952[height]1.0[diam]1.0
*[name]flag[x]64[z]952[height]1.0[diam]1.0
*[name]flag[x]38[z]954[height]1.0[diam]1.0
*[name]flag[x]64[z]954[height]1.0[diam]1.0
*[name]flag[x]38[z]956[height]1.0[diam]1.0
*[name]flag[x]64[z]956[height]1.0[diam]1.0
*[name]flag[x]38[z]958[height]1.0[diam]1.0
*[name]flag[x]64[z]958[height]1.0[diam]1.0
*[name]flag[x]38[z]960[height]1.0[diam]1.0
*[name]flag[x]64[z]960[height]1.0[diam]1.0
*[name]flag[x]38[z]962[height]1.0[diam]1.0
*[name]flag[x]64[z]962[height]1.0[diam]1.0
*[name]flag[x]38[z]964[height]1.0[diam]1.0
*[name]flag[x]64[z]964[height]1.0[diam]1.0
*[name]flag[x]39[z]966[height]1.0[diam]1.0
*[name]flag[x]64[z]966[height]1.0[diam]1.0
*[name]flag[x]40[z]968[height]1.0[diam]1.0
*[name]flag[x]64[z]968[height]1.0[diam]1.0
*[name]flag[x]40[z]970[height]1.0[diam]1.0
*[name]flag[x]64[z]970[height]1.0[diam]1.0
*[name]flag[x]41[z]972[height]1.0[diam]1.0
*[name]flag[x]64[z]972[height]1.0[diam]1.0
*[name]flag[x]41[z]974[height]1.0[diam]1.0
*[name]flag[x]64[z]974[height]1.0[diam]1.0
*[name]flag[x]42[z]976[height]1.0[diam]1.0
*[name]flag[x]64[z]976[height]1.0[diam]1.0
*[name]flag[x]43[z]978[height]1.0[diam]1.0
*[name]flag[x]64[z]978[height]1.0[diam]1.0
*[name]flag[x]44[z]980[height]1.0[diam]1.0
*[name]flag[x]64[z]980[height]1.0[diam]1.0
*[name]flag[x]45[z]982[height]1.0[diam]1.0
*[name]flag[x]64[z]982[height]1.0[diam]1.0
*[name]flag[x]46[z]984[height]1.0[diam]1.0
*[name]flag[x]64[z]984[height]1.0[diam]1.0
*[name]flag[x]47[z]986[height]1.0[diam]1.0
*[name]flag[x]64[z]986[height]1.0[diam]1.0
*[name]flag[x]48[z]988[height]1.0[diam]1.0
*[name]flag[x]64[z]988[height]1.0[diam]1.0
*[name]flag[x]49[z]990[height]1.0[diam]1.0
*[name]flag[x]64[z]990[height]1.0[diam]1.0
*[name]flag[x]49[z]992[height]1.0[diam]1.0
*[name]flag[x]64[z]992[height]1.0[diam]1.0
*[name]flag[x]50[z]994[height]1.0[diam]1.0
*[name]flag[x]64[z]994[height]1.0[diam]1.0
*[name]flag[x]50[z]996[height]1.0[diam]1.0
*[name]flag[x]64[z]996[height]1.0[diam]1.0
*[name]flag[x]50[z]998[height]1.0[diam]1.0
*[name]flag[x]64[z]998[height]1.0[diam]1.0
*[name]flag[x]50[z]1000[height]1.0[diam]1.0
*[name]flag[x]64[z]1000[height]1.0[diam]1.0
