*[name]finish[x]59[z]3[height]6.0[diam]9.0
*[name]herring[x]59[z]9[height]1.0[diam]1.0
*[name]herring[x]59[z]14[height]1.0[diam]1.0
*[name]herring[x]59[z]23[height]1.0[diam]1.0
*[name]herring[x]60[z]31[height]1.0[diam]1.0
*[name]herring[x]64[z]45[height]1.0[diam]1.0
*[name]herring[x]54[z]46[height]1.0[diam]1.0
*[name]herring[x]68[z]60[height]1.0[diam]1.0
*[name]herring[x]40[z]63[height]1.0[diam]1.0
*[name]float[x]66[z]71[height]1.0[diam]1.0
*[name]herring[x]67[z]79[height]1.0[diam]1.0
*[name]herring[x]35[z]82[height]1.0[diam]1.0
*[name]herring[x]61[z]90[height]1.0[diam]1.0
*[name]herring[x]60[z]98[height]1.0[diam]1.0
*[name]herring[x]35[z]104[height]1.0[diam]1.0
*[name]herring[x]57[z]113[height]1.0[diam]1.0
*[name]herring[x]34[z]123[height]1.0[diam]1.0
*[name]herring[x]57[z]124[height]1.0[diam]1.0
*[name]herring[x]54[z]140[height]1.0[diam]1.0
*[name]float[x]54[z]144[height]1.0[diam]1.0
*[name]herring[x]33[z]145[height]1.0[diam]1.0
*[name]herring[x]53[z]151[height]1.0[diam]1.0
*[name]herring[x]65[z]154[height]1.0[diam]1.0
*[name]herring[x]46[z]164[height]1.0[diam]1.0
*[name]herring[x]43[z]174[height]1.0[diam]1.0
*[name]herring[x]77[z]179[height]1.0[diam]1.0
*[name]herring[x]47[z]185[height]1.0[diam]1.0
*[name]herring[x]50[z]204[height]1.0[diam]1.0
*[name]herring[x]82[z]210[height]1.0[diam]1.0
*[name]float[x]46[z]214[height]1.0[diam]1.0
*[name]herring[x]42[z]224[height]1.0[diam]1.0
*[name]herring[x]82[z]230[height]1.0[diam]1.0
*[name]herring[x]44[z]237[height]1.0[diam]1.0
*[name]herring[x]48[z]248[height]1.0[diam]1.0
*[name]herring[x]81[z]253[height]1.0[diam]1.0
*[name]herring[x]48[z]266[height]1.0[diam]1.0
*[name]herring[x]44[z]278[height]1.0[diam]1.0
*[name]float[x]37[z]282[height]1.0[diam]1.0
*[name]herring[x]73[z]283[height]1.0[diam]1.0
*[name]herring[x]32[z]298[height]1.0[diam]1.0
*[name]herring[x]65[z]300[height]1.0[diam]1.0
*[name]herring[x]27[z]312[height]1.0[diam]1.0
*[name]herring[x]59[z]317[height]1.0[diam]1.0
*[name]herring[x]29[z]332[height]1.0[diam]1.0
*[name]herring[x]47[z]346[height]1.0[diam]1.0
*[name]herring[x]47[z]347[height]1.0[diam]1.0
*[name]float[x]48[z]348[height]1.0[diam]1.0
*[name]herring[x]48[z]362[height]1.0[diam]1.0
*[name]herring[x]49[z]380[height]1.0[diam]1.0
*[name]herring[x]47[z]390[height]1.0[diam]1.0
*[name]float[x]48[z]394[height]1.0[diam]1.0
*[name]start[x]48[z]395[height]6.0[diam]9.0
