*[name]finish[x]45[z]3[height]6.0[diam]9.0
*[name]tree_barren[x]50[z]4[height]2.5[diam]2.5
*[name]tree[x]38[z]5[height]2.9[diam]2.2
*[name]tree[x]50[z]5[height]2.6[diam]1.9
*[name]tree_barren[x]36[z]6[height]2.6[diam]2.2
*[name]tree[x]38[z]6[height]2.9[diam]2.1
*[name]tree_barren[x]36[z]7[height]2.7[diam]2.2
*[name]tree[x]50[z]7[height]2.6[diam]2.3
*[name]tree_barren[x]36[z]8[height]4.0[diam]2.9
*[name]tree_barren[x]51[z]8[height]3.2[diam]2.5
*[name]tree[x]38[z]9[height]3.5[diam]3.2
*[name]tree_barren[x]51[z]9[height]2.5[diam]1.8
*[name]tree_barren[x]52[z]9[height]2.8[diam]2.8
*[name]tree_barren[x]36[z]10[height]4.2[diam]3.8
*[name]tree[x]51[z]10[height]2.7[diam]2.1
*[name]tree_barren[x]52[z]10[height]2.7[diam]2.6
*[name]tree_barren[x]36[z]11[height]4.2[diam]3.6
*[name]tree[x]50[z]11[height]3.2[diam]2.8
*[name]tree_barren[x]35[z]12[height]3.5[diam]2.8
*[name]tree[x]36[z]12[height]2.9[diam]2.8
*[name]tree_barren[x]53[z]12[height]3.9[diam]3.1
*[name]tree[x]36[z]13[height]3.3[diam]2.5
*[name]tree[x]37[z]13[height]2.8[diam]2.3
*[name]tree[x]52[z]13[height]3.0[diam]2.6
*[name]tree[x]36[z]14[height]2.6[diam]2.0
*[name]tree[x]37[z]14[height]3.0[diam]2.5
*[name]tree[x]36[z]15[height]3.5[diam]3.4
*[name]tree_barren[x]55[z]15[height]3.1[diam]2.5
*[name]tree_barren[x]56[z]15[height]3.9[diam]3.3
*[name]tree_barren[x]34[z]16[height]2.1[diam]1.7
*[name]tree[x]36[z]16[height]3.0[diam]2.4
*[name]tree[x]52[z]16[height]2.2[diam]2.0
*[name]tree[x]54[z]16[height]3.0[diam]2.2
*[name]tree_barren[x]56[z]16[height]2.8[diam]2.3
*[name]tree_barren[x]57[z]16[height]2.8[diam]2.8
*[name]tree_barren[x]34[z]17[height]2.6[diam]2.0
*[name]tree[x]36[z]17[height]2.2[diam]1.7
*[name]tree[x]54[z]17[height]2.2[diam]2.1
*[name]tree_barren[x]55[z]17[height]3.1[diam]3.1
*[name]tree[x]35[z]18[height]2.4[diam]2.3
*[name]tree[x]36[z]18[height]2.1[diam]1.5
*[name]tree_barren[x]55[z]18[height]2.9[diam]2.2
*[name]tree_barren[x]57[z]18[height]4.0[diam]3.8
*[name]tree_barren[x]33[z]19[height]3.2[diam]2.9
*[name]tree[x]34[z]19[height]2.3[diam]1.9
*[name]tree_barren[x]58[z]19[height]2.3[diam]1.7
*[name]tree_barren[x]33[z]20[height]3.7[diam]3.0
*[name]tree[x]34[z]20[height]3.1[diam]2.6
*[name]tree[x]54[z]20[height]2.4[diam]1.8
*[name]tree_barren[x]56[z]20[height]4.0[diam]3.6
*[name]tree[x]57[z]20[height]1.9[diam]1.4
*[name]tree_barren[x]33[z]21[height]3.8[diam]3.1
*[name]tree[x]34[z]21[height]2.2[diam]1.6
*[name]tree[x]35[z]21[height]2.1[diam]2.0
*[name]tree_barren[x]56[z]21[height]2.1[diam]1.9
*[name]tree_barren[x]57[z]21[height]3.5[diam]2.7
*[name]tree[x]58[z]21[height]2.8[diam]2.0
*[name]tree_barren[x]59[z]21[height]2.9[diam]2.5
*[name]tree_barren[x]60[z]21[height]3.9[diam]3.8
*[name]tree[x]33[z]22[height]2.2[diam]1.7
*[name]tree_barren[x]57[z]22[height]2.9[diam]2.3
*[name]tree[x]58[z]22[height]2.0[diam]1.5
*[name]tree_barren[x]33[z]23[height]3.5[diam]3.4
*[name]herring[x]48[z]23[height]1.0[diam]1.0
*[name]tree_barren[x]58[z]23[height]3.4[diam]2.5
*[name]tree[x]34[z]24[height]3.5[diam]3.0
*[name]tree_barren[x]58[z]24[height]3.6[diam]2.6
*[name]tree_barren[x]59[z]24[height]3.4[diam]2.9
*[name]tree_barren[x]33[z]25[height]2.9[diam]2.8
*[name]herring[x]39[z]25[height]1.0[diam]1.0
*[name]tree[x]56[z]25[height]2.8[diam]2.5
*[name]tree_barren[x]60[z]25[height]3.3[diam]2.9
*[name]tree[x]61[z]25[height]2.0[diam]1.5
*[name]tree_barren[x]33[z]26[height]3.8[diam]3.4
*[name]tree[x]59[z]26[height]2.2[diam]1.6
*[name]tree_barren[x]60[z]26[height]2.5[diam]1.9
*[name]tree_barren[x]32[z]27[height]4.2[diam]3.5
*[name]tree[x]33[z]27[height]2.2[diam]1.8
*[name]herring[x]38[z]27[height]1.0[diam]1.0
*[name]herring[x]49[z]27[height]1.0[diam]1.0
*[name]tree_barren[x]32[z]28[height]3.8[diam]3.1
*[name]tree[x]62[z]28[height]2.5[diam]2.1
*[name]tree_barren[x]31[z]29[height]2.8[diam]2.0
*[name]tree[x]60[z]29[height]2.6[diam]2.1
*[name]tree_barren[x]62[z]29[height]3.2[diam]2.5
*[name]tree[x]32[z]30[height]2.3[diam]1.7
*[name]tree[x]60[z]30[height]3.1[diam]2.8
*[name]tree[x]61[z]30[height]3.4[diam]2.7
*[name]tree_barren[x]63[z]30[height]2.7[diam]2.2
*[name]tree_barren[x]31[z]31[height]4.1[diam]3.4
*[name]tree[x]32[z]31[height]2.9[diam]2.7
*[name]tree[x]60[z]31[height]1.9[diam]1.9
*[name]tree_barren[x]31[z]32[height]3.9[diam]3.1
*[name]tree[x]61[z]32[height]1.8[diam]1.7
*[name]tree[x]62[z]32[height]3.0[diam]2.4
*[name]tree_barren[x]64[z]32[height]2.5[diam]2.1
*[name]tree_barren[x]31[z]33[height]3.5[diam]3.1
*[name]tree[x]61[z]33[height]3.4[diam]3.4
*[name]tree_barren[x]64[z]33[height]3.5[diam]2.9
*[name]tree_barren[x]30[z]34[height]2.6[diam]2.0
*[name]tree_barren[x]31[z]34[height]3.5[diam]3.0
*[name]tree[x]63[z]34[height]2.2[diam]1.8
*[name]tree_barren[x]64[z]34[height]2.6[diam]2.0
*[name]tree_barren[x]30[z]35[height]3.7[diam]3.1
*[name]tree[x]31[z]35[height]2.8[diam]2.6
*[name]tree[x]63[z]35[height]3.3[diam]2.6
*[name]tree_barren[x]64[z]35[height]2.9[diam]2.9
*[name]tree_barren[x]65[z]35[height]2.5[diam]2.0
*[name]tree_barren[x]30[z]36[height]2.6[diam]2.0
*[name]tree[x]32[z]36[height]1.9[diam]1.8
*[name]tree[x]33[z]36[height]2.5[diam]2.0
*[name]tree[x]63[z]36[height]2.5[diam]1.9
*[name]tree_barren[x]64[z]36[height]3.8[diam]3.1
*[name]tree_barren[x]65[z]36[height]2.2[diam]1.9
*[name]tree_barren[x]30[z]37[height]3.8[diam]3.0
*[name]tree_barren[x]31[z]38[height]3.4[diam]2.8
*[name]tree[x]63[z]38[height]3.2[diam]3.0
*[name]tree[x]64[z]38[height]3.3[diam]2.4
*[name]tree_barren[x]65[z]38[height]4.2[diam]3.7
*[name]tree_barren[x]31[z]39[height]3.2[diam]2.8
*[name]tree[x]32[z]39[height]2.3[diam]1.8
*[name]tree[x]63[z]39[height]3.3[diam]3.0
*[name]tree[x]64[z]39[height]2.3[diam]1.6
*[name]tree_barren[x]65[z]39[height]4.0[diam]3.4
*[name]tree_barren[x]31[z]40[height]2.6[diam]2.6
*[name]tree[x]32[z]40[height]2.5[diam]2.3
*[name]tree[x]33[z]40[height]2.1[diam]2.0
*[name]tree[x]64[z]40[height]3.1[diam]3.1
*[name]tree_barren[x]65[z]40[height]2.5[diam]2.4
*[name]tree_barren[x]32[z]41[height]3.0[diam]3.0
*[name]tree[x]33[z]41[height]1.9[diam]1.3
*[name]tree[x]33[z]42[height]2.5[diam]2.4
*[name]tree[x]64[z]42[height]3.3[diam]2.6
*[name]tree_barren[x]65[z]42[height]4.0[diam]3.8
*[name]tree_barren[x]32[z]43[height]4.0[diam]3.2
*[name]tree[x]33[z]43[height]2.5[diam]1.9
*[name]tree[x]64[z]43[height]3.0[diam]2.4
*[name]tree_barren[x]65[z]43[height]3.8[diam]3.8
*[name]tree_barren[x]66[z]43[height]2.8[diam]2.6
*[name]tree_barren[x]32[z]44[height]3.1[diam]2.8
*[name]tree_barren[x]33[z]44[height]3.5[diam]3.4
*[name]tree_barren[x]66[z]44[height]2.6[diam]2.5
*[name]tree_barren[x]33[z]45[height]3.7[diam]3.6
*[name]tree[x]34[z]45[height]3.2[diam]3.2
*[name]tree_barren[x]66[z]45[height]3.7[diam]2.9
*[name]tree_barren[x]33[z]46[height]4.0[diam]3.8
*[name]tree[x]34[z]46[height]2.3[diam]1.9
*[name]tree_barren[x]66[z]46[height]3.4[diam]2.6
*[name]tree_barren[x]34[z]47[height]3.4[diam]2.9
*[name]tree_barren[x]35[z]47[height]2.1[diam]1.8
*[name]tree[x]64[z]47[height]3.3[diam]2.8
*[name]tree_barren[x]66[z]47[height]3.4[diam]3.0
*[name]tree[x]34[z]48[height]3.1[diam]2.5
*[name]tree[x]35[z]48[height]2.8[diam]2.0
*[name]tree[x]64[z]48[height]2.0[diam]1.4
*[name]tree_barren[x]66[z]48[height]3.4[diam]3.2
*[name]tree[x]63[z]49[height]3.5[diam]3.3
*[name]tree[x]64[z]49[height]2.9[diam]2.6
*[name]tree_barren[x]66[z]49[height]3.8[diam]3.2
*[name]tree_barren[x]35[z]50[height]3.4[diam]3.0
*[name]tree[x]36[z]50[height]3.0[diam]2.6
*[name]tree[x]63[z]50[height]2.3[diam]1.7
*[name]tree_barren[x]35[z]51[height]3.9[diam]3.8
*[name]tree[x]63[z]51[height]2.1[diam]1.8
*[name]tree_barren[x]65[z]51[height]3.0[diam]2.3
*[name]tree_barren[x]36[z]53[height]4.0[diam]3.2
*[name]tree[x]62[z]53[height]2.9[diam]2.5
*[name]tree[x]63[z]53[height]3.3[diam]2.7
*[name]tree_barren[x]64[z]53[height]4.0[diam]3.4
*[name]tree[x]62[z]54[height]2.5[diam]1.8
*[name]tree_barren[x]64[z]54[height]3.2[diam]2.3
*[name]tree_barren[x]37[z]55[height]3.8[diam]3.3
*[name]tree_barren[x]38[z]55[height]4.0[diam]3.3
*[name]tree[x]39[z]55[height]2.1[diam]1.9
*[name]tree_barren[x]63[z]55[height]4.0[diam]3.8
*[name]tree_barren[x]38[z]56[height]2.6[diam]2.3
*[name]tree_barren[x]39[z]56[height]2.8[diam]2.4
*[name]tree_barren[x]63[z]56[height]3.4[diam]2.6
*[name]tree[x]40[z]57[height]2.6[diam]2.4
*[name]tree[x]61[z]57[height]2.9[diam]2.8
*[name]tree_barren[x]62[z]57[height]4.2[diam]3.6
*[name]tree_barren[x]63[z]57[height]2.5[diam]2.2
*[name]tree_barren[x]40[z]58[height]2.2[diam]1.6
*[name]tree_barren[x]62[z]58[height]4.2[diam]4.1
*[name]tree[x]42[z]59[height]2.7[diam]2.2
*[name]tree[x]44[z]60[height]3.4[diam]2.5
*[name]tree[x]60[z]60[height]2.5[diam]2.4
*[name]tree_barren[x]61[z]60[height]3.2[diam]2.6
*[name]tree_barren[x]40[z]61[height]2.5[diam]2.3
*[name]tree[x]59[z]61[height]3.5[diam]2.6
*[name]tree[x]60[z]61[height]2.7[diam]2.1
*[name]tree_barren[x]39[z]62[height]3.5[diam]3.4
*[name]tree[x]41[z]62[height]3.0[diam]2.4
*[name]tree_barren[x]38[z]63[height]2.2[diam]1.7
*[name]tree_barren[x]59[z]63[height]2.3[diam]2.1
*[name]tree_barren[x]60[z]63[height]2.2[diam]1.7
*[name]tree_barren[x]37[z]64[height]2.4[diam]1.9
*[name]tree_barren[x]38[z]64[height]3.6[diam]2.8
*[name]tree[x]39[z]64[height]2.2[diam]2.0
*[name]tree[x]40[z]64[height]1.9[diam]1.8
*[name]tree_barren[x]60[z]64[height]2.3[diam]1.6
*[name]tree_barren[x]36[z]65[height]3.8[diam]3.3
*[name]tree[x]37[z]65[height]3.2[diam]2.6
*[name]tree[x]38[z]65[height]3.2[diam]3.2
*[name]tree_barren[x]60[z]65[height]2.1[diam]2.0
*[name]tree_barren[x]35[z]66[height]2.3[diam]1.9
*[name]tree[x]37[z]66[height]1.8[diam]1.7
*[name]tree[x]41[z]66[height]2.4[diam]2.2
*[name]tree[x]34[z]67[height]1.8[diam]1.5
*[name]tree[x]35[z]67[height]3.4[diam]2.5
*[name]tree[x]33[z]68[height]3.5[diam]3.5
*[name]tree_barren[x]34[z]68[height]2.6[diam]1.9
*[name]tree[x]60[z]68[height]2.1[diam]2.1
*[name]tree_barren[x]32[z]69[height]2.7[diam]2.3
*[name]tree_barren[x]33[z]69[height]3.4[diam]2.8
*[name]tree_barren[x]60[z]69[height]2.6[diam]2.4
*[name]tree_barren[x]61[z]69[height]3.0[diam]2.2
*[name]tree_barren[x]31[z]70[height]2.5[diam]2.0
*[name]tree_barren[x]32[z]70[height]2.9[diam]2.9
*[name]tree[x]34[z]70[height]2.2[diam]1.8
*[name]tree_barren[x]61[z]70[height]3.8[diam]3.0
*[name]tree[x]29[z]71[height]3.3[diam]3.1
*[name]tree[x]30[z]71[height]1.8[diam]1.4
*[name]tree_barren[x]27[z]72[height]3.3[diam]2.4
*[name]tree[x]29[z]72[height]2.8[diam]2.4
*[name]tree[x]61[z]72[height]2.0[diam]1.8
*[name]tree[x]30[z]73[height]2.6[diam]2.1
*[name]tree_barren[x]61[z]73[height]3.6[diam]3.3
*[name]tree_barren[x]25[z]74[height]2.7[diam]2.7
*[name]tree_barren[x]26[z]74[height]2.4[diam]2.4
*[name]herring[x]55[z]74[height]1.0[diam]1.0
*[name]tree_barren[x]61[z]74[height]2.9[diam]2.4
*[name]tree_barren[x]24[z]75[height]3.4[diam]3.2
*[name]tree[x]25[z]75[height]2.5[diam]2.4
*[name]tree[x]26[z]75[height]1.8[diam]1.7
*[name]tree_barren[x]23[z]76[height]3.7[diam]2.9
*[name]herring[x]56[z]76[height]1.0[diam]1.0
*[name]tree[x]62[z]76[height]2.0[diam]1.8
*[name]tree_barren[x]20[z]77[height]3.2[diam]2.3
*[name]tree_barren[x]21[z]77[height]2.9[diam]2.5
*[name]tree[x]23[z]77[height]2.2[diam]2.1
*[name]herring[x]56[z]77[height]1.0[diam]1.0
*[name]tree[x]62[z]77[height]2.8[diam]2.6
*[name]tree_barren[x]19[z]78[height]3.1[diam]2.8
*[name]tree_barren[x]20[z]78[height]2.9[diam]2.9
*[name]tree[x]21[z]78[height]1.9[diam]1.4
*[name]herring[x]56[z]78[height]1.0[diam]1.0
*[name]tree[x]62[z]78[height]2.8[diam]2.3
*[name]tree_barren[x]19[z]79[height]2.3[diam]2.1
*[name]tree[x]22[z]79[height]2.3[diam]1.9
*[name]tree_barren[x]61[z]79[height]2.4[diam]2.3
*[name]tree_barren[x]18[z]80[height]2.7[diam]2.4
*[name]tree[x]19[z]80[height]2.9[diam]2.3
*[name]tree_barren[x]61[z]80[height]2.9[diam]2.4
*[name]tree_barren[x]17[z]81[height]3.3[diam]2.8
*[name]tree_barren[x]18[z]81[height]4.1[diam]3.0
*[name]tree[x]19[z]81[height]2.7[diam]2.2
*[name]tree_barren[x]61[z]81[height]3.4[diam]3.2
*[name]tree_barren[x]17[z]82[height]2.7[diam]2.1
*[name]tree_barren[x]61[z]83[height]3.3[diam]3.0
*[name]tree[x]62[z]83[height]3.4[diam]3.3
*[name]tree[x]16[z]84[height]2.9[diam]2.9
*[name]tree_barren[x]61[z]84[height]2.1[diam]1.7
*[name]tree[x]62[z]84[height]2.4[diam]1.8
*[name]tree_barren[x]15[z]85[height]4.2[diam]3.7
*[name]tree[x]16[z]85[height]2.7[diam]2.1
*[name]tree[x]60[z]85[height]2.6[diam]2.5
*[name]tree_barren[x]14[z]86[height]3.6[diam]2.7
*[name]tree_barren[x]15[z]86[height]2.4[diam]1.7
*[name]tree[x]16[z]86[height]2.6[diam]2.4
*[name]tree[x]60[z]86[height]2.8[diam]2.4
*[name]tree_barren[x]13[z]87[height]3.7[diam]2.8
*[name]tree_barren[x]14[z]87[height]3.7[diam]3.1
*[name]tree[x]15[z]87[height]3.3[diam]2.4
*[name]tree[x]59[z]87[height]2.7[diam]2.3
*[name]tree[x]60[z]87[height]3.1[diam]2.6
*[name]tree[x]61[z]87[height]2.4[diam]2.0
*[name]tree_barren[x]13[z]88[height]3.0[diam]2.5
*[name]tree[x]14[z]88[height]2.9[diam]2.7
*[name]tree[x]59[z]88[height]2.5[diam]2.3
*[name]tree_barren[x]13[z]89[height]2.9[diam]2.9
*[name]tree[x]14[z]89[height]3.1[diam]3.0
*[name]tree_barren[x]59[z]89[height]3.8[diam]3.3
*[name]tree_barren[x]13[z]90[height]4.1[diam]4.1
*[name]tree[x]14[z]90[height]2.8[diam]2.3
*[name]tree_barren[x]58[z]90[height]3.4[diam]2.6
*[name]tree[x]13[z]91[height]3.3[diam]2.7
*[name]herring[x]21[z]91[height]1.0[diam]1.0
*[name]tree_barren[x]57[z]91[height]2.7[diam]2.4
*[name]tree[x]13[z]92[height]3.0[diam]2.3
*[name]tree[x]15[z]92[height]3.0[diam]2.3
*[name]herring[x]20[z]92[height]1.0[diam]1.0
*[name]tree_barren[x]56[z]92[height]3.3[diam]2.7
*[name]tree_barren[x]57[z]92[height]3.6[diam]3.5
*[name]tree_barren[x]14[z]93[height]3.9[diam]3.0
*[name]herring[x]20[z]93[height]1.0[diam]1.0
*[name]tree[x]54[z]93[height]2.2[diam]1.9
*[name]tree_barren[x]55[z]93[height]4.1[diam]3.7
*[name]tree_barren[x]56[z]93[height]2.5[diam]2.0
*[name]tree_barren[x]14[z]94[height]3.5[diam]3.5
*[name]herring[x]20[z]94[height]1.0[diam]1.0
*[name]tree[x]52[z]94[height]2.0[diam]1.7
*[name]tree[x]53[z]94[height]2.6[diam]1.9
*[name]tree_barren[x]54[z]94[height]3.0[diam]2.1
*[name]tree_barren[x]55[z]94[height]3.3[diam]3.3
*[name]tree_barren[x]14[z]95[height]2.6[diam]2.1
*[name]tree_barren[x]54[z]95[height]2.8[diam]2.4
*[name]tree[x]13[z]96[height]1.9[diam]1.4
*[name]tree_barren[x]14[z]96[height]3.4[diam]3.2
*[name]tree[x]15[z]96[height]2.3[diam]1.7
*[name]tree_barren[x]52[z]96[height]2.5[diam]1.8
*[name]tree_barren[x]54[z]96[height]2.2[diam]1.6
*[name]tree_barren[x]14[z]97[height]2.5[diam]2.0
*[name]tree_barren[x]51[z]97[height]3.3[diam]2.5
*[name]tree_barren[x]52[z]97[height]4.1[diam]3.8
*[name]tree[x]49[z]98[height]2.5[diam]2.2
*[name]tree_barren[x]51[z]98[height]3.6[diam]3.1
*[name]tree[x]49[z]99[height]1.9[diam]1.4
*[name]tree[x]50[z]99[height]2.9[diam]2.5
*[name]tree_barren[x]14[z]100[height]2.5[diam]2.0
*[name]tree[x]48[z]100[height]2.5[diam]2.1
*[name]tree[x]49[z]100[height]2.9[diam]2.7
*[name]tree[x]13[z]101[height]3.3[diam]3.0
*[name]tree_barren[x]14[z]101[height]3.8[diam]3.3
*[name]tree[x]15[z]101[height]2.6[diam]1.9
*[name]tree_barren[x]47[z]101[height]3.5[diam]3.1
*[name]tree[x]48[z]101[height]2.0[diam]1.8
*[name]tree_barren[x]13[z]102[height]3.7[diam]2.9
*[name]tree[x]45[z]102[height]3.4[diam]2.7
*[name]tree_barren[x]46[z]102[height]3.0[diam]2.8
*[name]tree_barren[x]47[z]102[height]2.3[diam]2.1
*[name]tree_barren[x]13[z]103[height]3.0[diam]2.8
*[name]tree[x]43[z]103[height]2.4[diam]2.0
*[name]tree[x]44[z]103[height]3.4[diam]3.4
*[name]tree[x]45[z]103[height]3.4[diam]2.5
*[name]tree_barren[x]12[z]104[height]2.6[diam]2.1
*[name]tree_barren[x]13[z]104[height]3.2[diam]3.1
*[name]tree[x]43[z]104[height]2.0[diam]1.6
*[name]tree_barren[x]44[z]104[height]3.3[diam]3.3
*[name]tree_barren[x]12[z]105[height]4.0[diam]2.9
*[name]tree[x]15[z]105[height]1.8[diam]1.6
*[name]tree[x]42[z]105[height]3.0[diam]2.3
*[name]tree_barren[x]43[z]105[height]2.5[diam]2.1
*[name]tree_barren[x]44[z]105[height]3.1[diam]2.3
*[name]tree_barren[x]12[z]106[height]3.7[diam]3.6
*[name]tree[x]13[z]106[height]3.4[diam]3.2
*[name]tree_barren[x]43[z]106[height]3.5[diam]2.9
*[name]tree_barren[x]12[z]107[height]3.4[diam]2.4
*[name]tree[x]13[z]107[height]3.2[diam]2.7
*[name]tree[x]39[z]107[height]3.5[diam]3.2
*[name]tree[x]40[z]107[height]2.9[diam]2.2
*[name]tree_barren[x]41[z]107[height]2.2[diam]1.7
*[name]tree_barren[x]12[z]108[height]2.3[diam]1.7
*[name]tree_barren[x]41[z]108[height]3.3[diam]2.9
*[name]tree_barren[x]40[z]109[height]2.3[diam]1.9
*[name]tree_barren[x]41[z]109[height]3.6[diam]2.7
*[name]tree_barren[x]14[z]110[height]4.1[diam]3.4
*[name]tree_barren[x]15[z]110[height]2.8[diam]2.1
*[name]tree[x]37[z]110[height]3.2[diam]3.1
*[name]tree[x]13[z]111[height]2.1[diam]1.9
*[name]tree_barren[x]15[z]111[height]3.6[diam]2.7
*[name]tree_barren[x]39[z]111[height]3.0[diam]2.4
*[name]tree[x]13[z]112[height]2.6[diam]1.8
*[name]tree[x]14[z]112[height]2.4[diam]1.9
*[name]tree_barren[x]15[z]112[height]3.2[diam]2.6
*[name]tree_barren[x]39[z]112[height]4.1[diam]3.1
*[name]tree[x]14[z]113[height]2.8[diam]2.8
*[name]tree_barren[x]37[z]113[height]2.8[diam]2.5
*[name]tree_barren[x]15[z]114[height]2.5[diam]2.4
*[name]tree[x]34[z]114[height]2.2[diam]1.8
*[name]tree_barren[x]36[z]114[height]2.8[diam]2.7
*[name]tree_barren[x]15[z]115[height]3.0[diam]2.3
*[name]tree_barren[x]16[z]115[height]2.8[diam]2.6
*[name]tree[x]14[z]116[height]2.4[diam]1.8
*[name]tree[x]15[z]116[height]2.7[diam]2.3
*[name]tree_barren[x]16[z]116[height]3.8[diam]2.9
*[name]tree[x]18[z]116[height]2.9[diam]2.3
*[name]tree[x]32[z]116[height]2.7[diam]2.1
*[name]tree_barren[x]34[z]116[height]2.5[diam]2.5
*[name]tree[x]16[z]117[height]2.4[diam]2.2
*[name]tree[x]32[z]117[height]2.2[diam]1.8
*[name]tree[x]33[z]117[height]3.3[diam]3.1
*[name]tree_barren[x]34[z]117[height]2.8[diam]2.2
*[name]tree[x]16[z]118[height]2.5[diam]2.2
*[name]tree_barren[x]17[z]118[height]2.3[diam]2.1
*[name]tree[x]33[z]118[height]3.1[diam]2.5
*[name]tree[x]36[z]118[height]2.9[diam]2.2
*[name]tree_barren[x]39[z]118[height]3.4[diam]3.4
*[name]tree_barren[x]17[z]119[height]4.0[diam]3.9
*[name]tree[x]18[z]119[height]2.1[diam]1.7
*[name]tree[x]38[z]119[height]2.7[diam]2.6
*[name]tree_barren[x]39[z]119[height]3.4[diam]2.6
*[name]tree_barren[x]40[z]119[height]2.4[diam]1.8
*[name]tree_barren[x]17[z]120[height]2.8[diam]2.2
*[name]tree[x]18[z]120[height]1.9[diam]1.7
*[name]tree[x]39[z]120[height]1.9[diam]1.5
*[name]tree_barren[x]40[z]120[height]2.1[diam]2.1
*[name]tree_barren[x]41[z]120[height]2.4[diam]2.0
*[name]tree[x]18[z]121[height]2.0[diam]1.8
*[name]tree[x]19[z]121[height]3.2[diam]2.5
*[name]tree_barren[x]41[z]121[height]2.7[diam]2.4
*[name]tree_barren[x]42[z]121[height]3.4[diam]3.3
*[name]tree_barren[x]17[z]122[height]3.7[diam]2.8
*[name]tree[x]19[z]122[height]3.4[diam]3.0
*[name]tree_barren[x]42[z]122[height]2.5[diam]1.8
*[name]tree_barren[x]17[z]123[height]2.1[diam]1.9
*[name]tree[x]19[z]123[height]1.8[diam]1.6
*[name]tree_barren[x]17[z]124[height]3.9[diam]3.0
*[name]tree[x]42[z]124[height]3.1[diam]2.3
*[name]tree_barren[x]43[z]124[height]3.2[diam]3.0
*[name]tree_barren[x]44[z]124[height]3.8[diam]3.4
*[name]tree[x]16[z]125[height]2.0[diam]1.9
*[name]tree_barren[x]17[z]125[height]3.2[diam]2.5
*[name]tree[x]43[z]125[height]2.0[diam]1.8
*[name]tree_barren[x]44[z]125[height]3.9[diam]3.9
*[name]tree_barren[x]17[z]126[height]4.0[diam]3.0
*[name]tree[x]44[z]126[height]2.8[diam]2.4
*[name]tree_barren[x]16[z]127[height]2.3[diam]1.8
*[name]tree_barren[x]17[z]127[height]3.6[diam]3.6
*[name]tree_barren[x]16[z]128[height]4.1[diam]3.9
*[name]tree[x]17[z]128[height]1.9[diam]1.9
*[name]tree[x]19[z]128[height]2.7[diam]2.0
*[name]tree_barren[x]47[z]128[height]3.2[diam]2.6
*[name]tree_barren[x]48[z]128[height]2.7[diam]2.1
*[name]tree_barren[x]16[z]129[height]3.2[diam]3.0
*[name]tree[x]17[z]129[height]1.9[diam]1.6
*[name]tree[x]47[z]129[height]2.4[diam]1.9
*[name]tree_barren[x]48[z]129[height]2.4[diam]2.3
*[name]tree_barren[x]48[z]130[height]3.2[diam]2.5
*[name]tree_barren[x]49[z]130[height]3.3[diam]2.7
*[name]tree_barren[x]49[z]131[height]2.7[diam]2.3
*[name]tree_barren[x]16[z]132[height]3.2[diam]3.0
*[name]tree_barren[x]17[z]132[height]4.0[diam]3.5
*[name]herring[x]42[z]132[height]1.0[diam]1.0
*[name]tree_barren[x]49[z]132[height]2.4[diam]2.1
*[name]tree_barren[x]50[z]132[height]3.3[diam]2.4
*[name]tree_barren[x]50[z]133[height]3.1[diam]2.8
*[name]tree[x]18[z]134[height]3.5[diam]3.4
*[name]tree[x]19[z]134[height]3.1[diam]2.6
*[name]herring[x]44[z]134[height]1.0[diam]1.0
*[name]tree_barren[x]50[z]134[height]2.9[diam]2.1
*[name]tree[x]51[z]134[height]3.1[diam]3.0
*[name]tree_barren[x]17[z]135[height]3.8[diam]3.7
*[name]tree[x]18[z]135[height]2.1[diam]1.6
*[name]tree_barren[x]18[z]136[height]2.3[diam]1.8
*[name]herring[x]45[z]136[height]1.0[diam]1.0
*[name]tree_barren[x]51[z]136[height]2.2[diam]1.9
*[name]tree_barren[x]52[z]136[height]3.4[diam]3.0
*[name]tree_barren[x]18[z]137[height]4.0[diam]3.9
*[name]tree[x]51[z]137[height]1.8[diam]1.5
*[name]tree_barren[x]52[z]137[height]3.6[diam]3.5
*[name]tree_barren[x]18[z]138[height]4.2[diam]4.0
*[name]tree[x]20[z]138[height]2.7[diam]2.3
*[name]tree[x]52[z]138[height]3.3[diam]3.3
*[name]tree[x]18[z]139[height]2.1[diam]2.0
*[name]tree[x]52[z]139[height]3.4[diam]3.4
*[name]tree[x]18[z]140[height]2.4[diam]1.9
*[name]tree[x]53[z]140[height]3.5[diam]2.6
*[name]tree[x]18[z]141[height]2.0[diam]1.9
*[name]tree_barren[x]19[z]141[height]4.1[diam]3.3
*[name]tree[x]53[z]141[height]3.5[diam]2.5
*[name]tree_barren[x]54[z]141[height]3.4[diam]3.4
*[name]tree_barren[x]19[z]142[height]3.4[diam]2.6
*[name]tree[x]20[z]142[height]2.8[diam]2.4
*[name]tree[x]53[z]142[height]1.9[diam]1.7
*[name]tree[x]53[z]143[height]3.4[diam]3.2
*[name]tree_barren[x]54[z]143[height]3.2[diam]3.1
*[name]tree[x]19[z]144[height]2.9[diam]2.9
*[name]tree[x]20[z]144[height]2.5[diam]2.2
*[name]tree[x]53[z]144[height]3.4[diam]3.1
*[name]tree[x]20[z]145[height]2.4[diam]2.3
*[name]tree_barren[x]21[z]145[height]3.4[diam]3.1
*[name]tree[x]53[z]145[height]2.1[diam]1.8
*[name]tree_barren[x]21[z]146[height]3.8[diam]3.1
*[name]tree_barren[x]21[z]147[height]2.9[diam]2.7
*[name]tree_barren[x]53[z]147[height]3.4[diam]2.7
*[name]tree_barren[x]21[z]148[height]3.8[diam]3.0
*[name]tree_barren[x]53[z]148[height]2.8[diam]2.3
*[name]tree_barren[x]21[z]149[height]3.1[diam]3.0
*[name]tree_barren[x]53[z]149[height]4.0[diam]3.5
*[name]tree_barren[x]20[z]150[height]3.1[diam]2.9
*[name]tree[x]53[z]150[height]2.4[diam]2.3
*[name]tree_barren[x]20[z]151[height]3.6[diam]3.5
*[name]tree[x]21[z]151[height]3.4[diam]2.6
*[name]tree[x]22[z]151[height]2.6[diam]2.5
*[name]tree[x]53[z]151[height]3.1[diam]3.0
*[name]tree[x]23[z]152[height]3.2[diam]2.6
*[name]tree_barren[x]53[z]152[height]3.3[diam]3.2
*[name]tree_barren[x]22[z]153[height]4.0[diam]3.3
*[name]tree_barren[x]23[z]153[height]2.7[diam]2.1
*[name]tree_barren[x]23[z]154[height]2.4[diam]2.3
*[name]tree[x]24[z]154[height]2.8[diam]2.7
*[name]herring[x]31[z]154[height]1.0[diam]1.0
*[name]tree[x]24[z]155[height]2.0[diam]1.9
*[name]tree[x]52[z]155[height]2.3[diam]2.1
*[name]tree[x]26[z]156[height]3.1[diam]2.4
*[name]tree[x]52[z]156[height]2.0[diam]1.6
*[name]tree[x]24[z]157[height]1.8[diam]1.5
*[name]herring[x]33[z]157[height]1.0[diam]1.0
*[name]tree_barren[x]26[z]158[height]2.5[diam]2.3
*[name]tree_barren[x]51[z]158[height]3.0[diam]2.3
*[name]tree_barren[x]26[z]159[height]3.9[diam]3.8
*[name]tree_barren[x]27[z]159[height]2.2[diam]1.9
*[name]herring[x]35[z]159[height]1.0[diam]1.0
*[name]tree_barren[x]27[z]160[height]3.7[diam]3.5
*[name]tree_barren[x]28[z]160[height]4.1[diam]3.3
*[name]tree[x]29[z]160[height]3.2[diam]3.0
*[name]tree[x]50[z]160[height]2.9[diam]2.2
*[name]tree_barren[x]50[z]161[height]2.3[diam]2.2
*[name]tree_barren[x]29[z]162[height]2.1[diam]1.9
*[name]tree[x]30[z]163[height]3.0[diam]2.3
*[name]tree[x]31[z]163[height]2.7[diam]1.9
*[name]tree[x]32[z]163[height]3.1[diam]2.4
*[name]tree_barren[x]51[z]164[height]2.6[diam]2.5
*[name]tree_barren[x]51[z]165[height]3.2[diam]2.5
*[name]tree_barren[x]32[z]166[height]2.8[diam]2.6
*[name]tree_barren[x]33[z]166[height]4.1[diam]3.9
*[name]tree[x]34[z]166[height]3.2[diam]3.0
*[name]tree[x]36[z]166[height]3.0[diam]2.8
*[name]tree_barren[x]33[z]167[height]2.9[diam]2.5
*[name]tree_barren[x]34[z]167[height]3.5[diam]2.8
*[name]tree[x]33[z]168[height]3.1[diam]2.6
*[name]tree_barren[x]34[z]168[height]2.4[diam]2.0
*[name]tree[x]33[z]169[height]2.8[diam]2.2
*[name]tree_barren[x]34[z]169[height]2.5[diam]2.2
*[name]tree[x]36[z]169[height]3.3[diam]3.2
*[name]tree[x]53[z]169[height]3.0[diam]2.5
*[name]tree_barren[x]54[z]169[height]4.0[diam]3.3
*[name]tree[x]53[z]170[height]3.0[diam]2.2
*[name]tree_barren[x]54[z]170[height]2.8[diam]2.1
*[name]tree_barren[x]34[z]171[height]2.8[diam]2.5
*[name]tree_barren[x]54[z]171[height]3.9[diam]3.1
*[name]tree[x]31[z]172[height]2.5[diam]2.3
*[name]tree[x]53[z]172[height]1.9[diam]1.4
*[name]tree_barren[x]31[z]173[height]3.1[diam]2.6
*[name]tree_barren[x]32[z]173[height]3.3[diam]2.5
*[name]tree[x]33[z]173[height]3.1[diam]2.5
*[name]tree[x]53[z]173[height]2.8[diam]2.8
*[name]tree[x]54[z]173[height]3.0[diam]2.3
*[name]tree_barren[x]31[z]174[height]2.5[diam]2.3
*[name]tree_barren[x]30[z]175[height]3.7[diam]2.7
*[name]tree_barren[x]56[z]175[height]3.6[diam]3.0
*[name]tree[x]29[z]176[height]2.6[diam]2.3
*[name]herring[x]48[z]176[height]1.0[diam]1.0
*[name]tree[x]54[z]176[height]3.4[diam]2.6
*[name]tree[x]55[z]176[height]2.9[diam]2.3
*[name]tree_barren[x]56[z]176[height]2.8[diam]2.8
*[name]tree[x]29[z]177[height]3.3[diam]2.5
*[name]tree[x]30[z]177[height]2.2[diam]1.8
*[name]tree[x]55[z]177[height]3.2[diam]2.6
*[name]tree_barren[x]56[z]177[height]3.0[diam]2.4
*[name]tree_barren[x]27[z]179[height]3.8[diam]3.8
*[name]tree[x]28[z]179[height]2.5[diam]2.2
*[name]herring[x]50[z]179[height]1.0[diam]1.0
*[name]tree[x]55[z]179[height]2.2[diam]1.6
*[name]tree[x]56[z]179[height]2.6[diam]2.6
*[name]tree_barren[x]58[z]179[height]2.6[diam]2.3
*[name]tree[x]27[z]180[height]3.1[diam]3.1
*[name]tree[x]56[z]180[height]3.0[diam]2.5
*[name]tree_barren[x]58[z]180[height]3.0[diam]2.3
*[name]tree[x]26[z]181[height]1.8[diam]1.5
*[name]tree[x]27[z]181[height]2.3[diam]2.1
*[name]tree[x]56[z]181[height]2.7[diam]2.4
*[name]tree[x]56[z]182[height]2.9[diam]2.4
*[name]tree[x]25[z]183[height]3.2[diam]3.2
*[name]herring[x]51[z]183[height]1.0[diam]1.0
*[name]tree[x]56[z]183[height]3.0[diam]2.7
*[name]tree[x]24[z]184[height]2.3[diam]1.7
*[name]tree_barren[x]25[z]184[height]4.2[diam]3.1
*[name]tree_barren[x]58[z]184[height]2.3[diam]1.9
*[name]tree_barren[x]24[z]185[height]3.4[diam]2.8
*[name]tree[x]25[z]185[height]2.6[diam]1.9
*[name]tree_barren[x]58[z]185[height]2.8[diam]2.5
*[name]tree[x]24[z]186[height]3.0[diam]2.2
*[name]herring[x]52[z]186[height]1.0[diam]1.0
*[name]tree_barren[x]58[z]186[height]3.5[diam]2.9
*[name]tree_barren[x]22[z]187[height]3.3[diam]2.4
*[name]tree_barren[x]23[z]187[height]3.2[diam]2.9
*[name]tree_barren[x]58[z]187[height]3.0[diam]2.8
*[name]tree_barren[x]22[z]188[height]2.7[diam]2.6
*[name]tree[x]57[z]188[height]2.6[diam]2.5
*[name]tree_barren[x]58[z]188[height]2.9[diam]2.3
*[name]tree[x]23[z]189[height]3.3[diam]2.4
*[name]tree[x]24[z]189[height]3.5[diam]2.6
*[name]tree[x]20[z]190[height]2.1[diam]2.0
*[name]tree[x]22[z]191[height]2.1[diam]1.7
*[name]tree[x]19[z]192[height]2.4[diam]2.3
*[name]tree_barren[x]58[z]192[height]3.4[diam]3.2
*[name]tree_barren[x]18[z]193[height]4.1[diam]4.0
*[name]tree_barren[x]58[z]193[height]3.1[diam]2.8
*[name]tree_barren[x]18[z]194[height]2.1[diam]1.6
*[name]tree[x]22[z]194[height]1.8[diam]1.6
*[name]tree[x]58[z]194[height]2.1[diam]1.8
*[name]tree[x]58[z]195[height]2.0[diam]1.8
*[name]tree_barren[x]18[z]196[height]2.9[diam]2.4
*[name]tree[x]19[z]196[height]2.6[diam]2.5
*[name]tree_barren[x]58[z]196[height]2.8[diam]2.7
*[name]tree[x]19[z]197[height]2.0[diam]1.5
*[name]tree[x]20[z]197[height]3.4[diam]2.5
*[name]tree[x]57[z]197[height]2.4[diam]1.7
*[name]tree_barren[x]58[z]197[height]2.2[diam]1.9
*[name]tree[x]19[z]198[height]2.4[diam]2.0
*[name]tree[x]20[z]198[height]2.4[diam]2.4
*[name]tree[x]57[z]198[height]2.1[diam]1.7
*[name]tree_barren[x]58[z]198[height]4.0[diam]3.6
*[name]tree[x]57[z]199[height]3.4[diam]3.3
*[name]tree_barren[x]19[z]200[height]3.7[diam]3.7
*[name]tree[x]56[z]200[height]2.6[diam]2.5
*[name]tree[x]57[z]200[height]2.6[diam]2.3
*[name]tree_barren[x]19[z]201[height]3.1[diam]3.0
*[name]tree_barren[x]58[z]201[height]2.1[diam]2.1
*[name]tree[x]20[z]202[height]3.0[diam]2.5
*[name]tree_barren[x]56[z]203[height]3.9[diam]3.7
*[name]tree[x]20[z]204[height]2.7[diam]2.5
*[name]tree_barren[x]55[z]204[height]4.0[diam]3.9
*[name]tree_barren[x]19[z]205[height]3.9[diam]3.8
*[name]tree_barren[x]21[z]206[height]3.0[diam]2.3
*[name]herring[x]26[z]206[height]1.0[diam]1.0
*[name]tree_barren[x]21[z]207[height]2.8[diam]2.6
*[name]tree[x]22[z]207[height]2.0[diam]1.7
*[name]tree_barren[x]54[z]207[height]2.2[diam]1.6
*[name]tree_barren[x]21[z]208[height]2.4[diam]2.4
*[name]tree_barren[x]22[z]208[height]4.1[diam]3.9
*[name]tree_barren[x]54[z]208[height]4.0[diam]3.3
*[name]tree_barren[x]22[z]209[height]3.8[diam]3.2
*[name]tree_barren[x]54[z]209[height]4.2[diam]3.3
*[name]tree_barren[x]22[z]210[height]2.7[diam]2.7
*[name]herring[x]28[z]210[height]1.0[diam]1.0
*[name]tree[x]53[z]210[height]2.3[diam]2.3
*[name]tree_barren[x]54[z]210[height]2.8[diam]2.1
*[name]tree[x]22[z]211[height]3.2[diam]3.1
*[name]tree[x]53[z]211[height]3.3[diam]3.0
*[name]tree[x]24[z]212[height]3.1[diam]2.8
*[name]tree[x]53[z]212[height]2.9[diam]2.2
*[name]tree[x]24[z]213[height]3.3[diam]3.3
*[name]herring[x]30[z]213[height]1.0[diam]1.0
*[name]tree[x]53[z]213[height]3.4[diam]2.4
*[name]tree[x]23[z]214[height]2.6[diam]2.5
*[name]tree[x]53[z]214[height]1.9[diam]1.7
*[name]tree[x]24[z]215[height]3.4[diam]3.4
*[name]tree_barren[x]25[z]215[height]3.1[diam]2.9
*[name]tree_barren[x]26[z]215[height]2.9[diam]2.3
*[name]tree[x]52[z]215[height]2.2[diam]1.8
*[name]herring[x]32[z]216[height]1.0[diam]1.0
*[name]tree[x]52[z]216[height]2.7[diam]2.4
*[name]tree_barren[x]53[z]216[height]2.8[diam]2.7
*[name]tree[x]26[z]217[height]2.7[diam]2.4
*[name]tree_barren[x]53[z]217[height]4.1[diam]3.3
*[name]tree[x]26[z]218[height]2.7[diam]2.6
*[name]tree_barren[x]27[z]218[height]2.3[diam]1.8
*[name]tree_barren[x]28[z]218[height]3.2[diam]2.9
*[name]tree[x]27[z]219[height]2.5[diam]2.1
*[name]tree_barren[x]52[z]219[height]3.6[diam]2.9
*[name]tree[x]30[z]220[height]2.5[diam]1.9
*[name]tree_barren[x]52[z]220[height]2.8[diam]2.3
*[name]tree[x]29[z]221[height]3.0[diam]2.4
*[name]tree_barren[x]30[z]221[height]3.1[diam]2.3
*[name]tree_barren[x]51[z]221[height]2.3[diam]2.2
*[name]tree_barren[x]52[z]221[height]3.0[diam]2.5
*[name]tree[x]31[z]222[height]2.1[diam]2.1
*[name]tree_barren[x]32[z]222[height]3.9[diam]3.3
*[name]tree_barren[x]51[z]222[height]3.9[diam]3.1
*[name]tree_barren[x]32[z]223[height]2.5[diam]2.3
*[name]tree_barren[x]51[z]223[height]3.6[diam]3.3
*[name]tree_barren[x]32[z]224[height]3.3[diam]3.1
*[name]tree_barren[x]51[z]224[height]4.2[diam]3.1
*[name]tree[x]33[z]225[height]2.6[diam]2.2
*[name]tree[x]35[z]225[height]2.5[diam]2.0
*[name]tree_barren[x]51[z]225[height]3.7[diam]3.5
*[name]tree[x]33[z]226[height]2.4[diam]1.7
*[name]tree[x]51[z]226[height]2.3[diam]1.7
*[name]tree_barren[x]51[z]227[height]2.8[diam]2.5
*[name]tree_barren[x]35[z]228[height]2.6[diam]2.2
*[name]tree[x]36[z]228[height]2.7[diam]2.5
*[name]tree[x]37[z]228[height]3.0[diam]2.7
*[name]tree_barren[x]51[z]228[height]3.6[diam]3.1
*[name]tree_barren[x]37[z]229[height]2.6[diam]2.2
*[name]tree_barren[x]51[z]229[height]4.0[diam]3.2
*[name]tree[x]35[z]230[height]2.3[diam]2.0
*[name]tree_barren[x]37[z]230[height]2.3[diam]2.2
*[name]tree_barren[x]51[z]230[height]2.7[diam]2.0
*[name]tree_barren[x]38[z]231[height]4.1[diam]3.8
*[name]tree[x]39[z]231[height]2.6[diam]2.1
*[name]tree[x]51[z]231[height]3.5[diam]2.7
*[name]tree_barren[x]38[z]232[height]2.5[diam]2.1
*[name]tree_barren[x]51[z]232[height]2.7[diam]2.3
*[name]tree[x]38[z]233[height]2.5[diam]2.2
*[name]tree[x]39[z]233[height]2.1[diam]1.9
*[name]tree[x]40[z]233[height]3.4[diam]3.1
*[name]tree_barren[x]51[z]233[height]2.8[diam]2.5
*[name]tree_barren[x]51[z]234[height]3.0[diam]2.1
*[name]tree[x]52[z]234[height]2.0[diam]1.8
*[name]tree[x]40[z]235[height]2.7[diam]1.9
*[name]tree_barren[x]51[z]235[height]4.2[diam]4.0
*[name]tree[x]52[z]235[height]2.8[diam]2.0
*[name]tree_barren[x]40[z]236[height]3.5[diam]3.4
*[name]tree_barren[x]52[z]236[height]2.4[diam]2.1
*[name]tree[x]40[z]237[height]2.9[diam]2.5
*[name]start[x]45[z]237[height]6.0[diam]9.0
*[name]tree[x]52[z]237[height]3.5[diam]3.1
*[name]flag[x]0[z]239[height]1.0[diam]1.0
