*[name]finish[x]31[z]1[height]6.0[diam]9.0
*[name]tree[x]46[z]1[height]3.3[diam]3.0
*[name]tree[x]13[z]2[height]3.3[diam]2.9
*[name]tree[x]52[z]2[height]3.2[diam]3.1
*[name]tree[x]7[z]3[height]3.1[diam]2.3
*[name]tree[x]7[z]4[height]3.1[diam]2.5
*[name]tree[x]50[z]4[height]2.2[diam]2.2
*[name]tree[x]4[z]5[height]3.3[diam]3.2
*[name]tree[x]10[z]5[height]2.7[diam]2.4
*[name]tree[x]20[z]5[height]2.6[diam]2.5
*[name]tree[x]14[z]6[height]3.3[diam]2.7
*[name]tree[x]56[z]7[height]2.2[diam]1.6
*[name]tree[x]7[z]9[height]2.8[diam]2.6
*[name]tree[x]44[z]9[height]1.8[diam]1.5
*[name]tree[x]51[z]10[height]2.6[diam]2.0
*[name]tree[x]58[z]10[height]3.0[diam]2.3
*[name]tree[x]5[z]13[height]3.3[diam]2.9
*[name]tree[x]11[z]13[height]3.3[diam]3.0
*[name]tree[x]18[z]14[height]2.1[diam]1.9
*[name]flag[x]30[z]14[height]1.0[diam]1.0
*[name]herring[x]31[z]14[height]1.0[diam]1.0
*[name]tree[x]46[z]17[height]3.0[diam]2.9
*[name]tree[x]50[z]17[height]3.2[diam]2.7
*[name]tree[x]53[z]17[height]2.3[diam]1.7
*[name]tree[x]54[z]17[height]2.4[diam]1.8
*[name]tree[x]55[z]17[height]3.5[diam]3.4
*[name]tree[x]4[z]18[height]3.1[diam]2.7
*[name]tree[x]54[z]20[height]3.0[diam]2.7
*[name]tree[x]9[z]21[height]3.3[diam]3.2
*[name]tree[x]1[z]22[height]3.1[diam]2.6
*[name]tree[x]48[z]22[height]2.9[diam]2.7
*[name]tree[x]7[z]23[height]3.2[diam]2.4
*[name]tree[x]42[z]23[height]1.9[diam]1.6
*[name]tree[x]48[z]23[height]2.4[diam]2.3
*[name]herring[x]28[z]24[height]1.0[diam]1.0
*[name]flag[x]29[z]24[height]1.0[diam]1.0
*[name]shrub[x]46[z]24[height]0.9[diam]0.7
*[name]shrub[x]53[z]24[height]1.4[diam]1.1
*[name]shrub[x]35[z]25[height]1.6[diam]1.3
*[name]shrub[x]5[z]26[height]1.1[diam]1.0
*[name]tree[x]16[z]26[height]3.2[diam]2.8
*[name]tree[x]58[z]26[height]3.1[diam]2.4
*[name]tree_barren[x]10[z]27[height]3.5[diam]3.3
*[name]shrub[x]20[z]27[height]0.9[diam]0.8
*[name]shrub[x]40[z]27[height]1.0[diam]1.0
*[name]tree_barren[x]45[z]27[height]2.3[diam]1.7
*[name]tree[x]55[z]27[height]3.0[diam]2.9
*[name]shrub[x]51[z]28[height]1.2[diam]1.0
*[name]tree[x]55[z]28[height]2.8[diam]2.3
*[name]tree[x]4[z]29[height]2.7[diam]2.4
*[name]tree_barren[x]6[z]29[height]3.8[diam]3.7
*[name]shrub[x]14[z]29[height]1.4[diam]1.4
*[name]tree_barren[x]36[z]29[height]2.2[diam]1.8
*[name]tree_barren[x]40[z]29[height]2.6[diam]2.5
*[name]tree_barren[x]52[z]29[height]3.6[diam]3.0
*[name]tree[x]55[z]29[height]2.8[diam]2.4
*[name]tree_barren[x]18[z]30[height]4.2[diam]3.4
*[name]tree_barren[x]59[z]30[height]3.6[diam]3.3
*[name]tree[x]9[z]31[height]1.9[diam]1.8
*[name]shrub[x]58[z]31[height]0.9[diam]0.7
*[name]tree_barren[x]59[z]31[height]3.4[diam]2.6
*[name]shrub[x]4[z]32[height]1.1[diam]0.9
*[name]shrub[x]44[z]32[height]0.9[diam]0.8
*[name]tree_barren[x]2[z]33[height]3.7[diam]3.3
*[name]tree_barren[x]13[z]33[height]2.3[diam]1.8
*[name]tree_barren[x]17[z]33[height]2.8[diam]2.7
*[name]tree[x]55[z]33[height]1.9[diam]1.9
*[name]flag[x]28[z]34[height]1.0[diam]1.0
*[name]herring[x]29[z]34[height]1.0[diam]1.0
*[name]shrub[x]37[z]34[height]1.5[diam]1.1
*[name]tree[x]40[z]34[height]2.2[diam]1.6
*[name]shrub[x]46[z]34[height]0.9[diam]0.8
*[name]tree[x]50[z]34[height]2.6[diam]2.3
*[name]tree[x]55[z]34[height]2.6[diam]2.2
*[name]tree_barren[x]6[z]35[height]4.0[diam]3.1
*[name]tree[x]44[z]35[height]2.0[diam]2.0
*[name]shrub[x]54[z]35[height]1.7[diam]1.3
*[name]shrub[x]18[z]36[height]1.0[diam]0.9
*[name]tree_barren[x]47[z]37[height]3.0[diam]2.6
*[name]tree_barren[x]51[z]37[height]4.1[diam]3.4
*[name]tree[x]8[z]38[height]2.3[diam]2.1
*[name]tree_barren[x]12[z]38[height]2.2[diam]1.8
*[name]shrub[x]39[z]38[height]1.6[diam]1.3
*[name]tree_barren[x]54[z]38[height]2.7[diam]2.7
*[name]tree_barren[x]58[z]38[height]2.8[diam]2.1
*[name]tree_barren[x]15[z]39[height]2.2[diam]2.0
*[name]tree[x]5[z]40[height]2.0[diam]1.5
*[name]shrub[x]17[z]40[height]1.3[diam]1.2
*[name]shrub[x]45[z]40[height]1.4[diam]1.0
*[name]shrub[x]53[z]40[height]1.0[diam]0.8
*[name]tree_barren[x]2[z]41[height]2.5[diam]2.0
*[name]shrub[x]11[z]41[height]1.3[diam]1.0
*[name]shrub[x]33[z]41[height]1.2[diam]1.1
*[name]tree[x]48[z]41[height]3.2[diam]3.1
*[name]tree[x]36[z]42[height]2.2[diam]2.0
*[name]tree[x]51[z]42[height]2.3[diam]2.0
*[name]tree[x]8[z]43[height]2.5[diam]2.0
*[name]tree_barren[x]16[z]43[height]4.1[diam]3.3
*[name]tree_barren[x]42[z]43[height]3.6[diam]2.8
*[name]shrub[x]56[z]43[height]1.0[diam]0.8
*[name]shrub[x]3[z]44[height]1.1[diam]0.9
*[name]tree_barren[x]48[z]44[height]3.4[diam]2.9
*[name]tree_barren[x]5[z]45[height]2.8[diam]2.2
*[name]herring[x]24[z]45[height]1.0[diam]1.0
*[name]flag[x]25[z]45[height]1.0[diam]1.0
*[name]tree[x]46[z]45[height]2.0[diam]2.0
*[name]tree[x]55[z]45[height]2.1[diam]1.6
*[name]tree[x]12[z]46[height]2.7[diam]2.2
*[name]shrub[x]32[z]46[height]1.3[diam]0.9
*[name]shrub[x]40[z]46[height]1.3[diam]1.3
*[name]tree[x]51[z]46[height]3.0[diam]2.5
*[name]shrub[x]55[z]46[height]1.6[diam]1.5
*[name]tree_barren[x]58[z]46[height]2.3[diam]1.8
*[name]shrub[x]16[z]47[height]1.3[diam]1.1
*[name]tree_barren[x]9[z]48[height]3.2[diam]2.7
*[name]tree_barren[x]37[z]48[height]3.7[diam]2.9
*[name]shrub[x]52[z]48[height]1.4[diam]1.4
*[name]tree_barren[x]58[z]48[height]2.6[diam]1.9
*[name]tree_barren[x]2[z]49[height]2.7[diam]2.6
*[name]tree_barren[x]49[z]49[height]3.3[diam]2.9
*[name]tree[x]53[z]49[height]1.8[diam]1.7
*[name]tree[x]5[z]50[height]2.8[diam]2.2
*[name]tree_barren[x]43[z]50[height]4.1[diam]3.1
*[name]shrub[x]12[z]51[height]1.3[diam]1.1
*[name]tree_barren[x]16[z]51[height]2.3[diam]1.8
*[name]shrub[x]46[z]51[height]1.2[diam]1.2
*[name]tree[x]40[z]52[height]2.6[diam]2.1
*[name]tree[x]48[z]52[height]3.1[diam]2.7
*[name]shrub[x]57[z]52[height]1.2[diam]1.0
*[name]tree_barren[x]53[z]53[height]2.3[diam]2.2
*[name]shrub[x]5[z]54[height]1.4[diam]1.4
*[name]tree[x]9[z]54[height]2.0[diam]1.7
*[name]shrub[x]14[z]54[height]1.5[diam]1.3
*[name]shrub[x]35[z]54[height]1.2[diam]0.9
*[name]tree[x]51[z]54[height]2.2[diam]2.2
*[name]tree[x]9[z]55[height]2.9[diam]2.3
*[name]shrub[x]43[z]55[height]1.4[diam]1.1
*[name]shrub[x]56[z]55[height]1.2[diam]1.1
*[name]flag[x]26[z]56[height]1.0[diam]1.0
*[name]herring[x]27[z]56[height]1.0[diam]1.0
*[name]tree_barren[x]33[z]56[height]2.8[diam]2.1
*[name]shrub[x]49[z]56[height]0.9[diam]0.8
*[name]tree_barren[x]3[z]57[height]2.5[diam]2.1
*[name]shrub[x]16[z]57[height]1.1[diam]1.0
*[name]shrub[x]7[z]58[height]1.5[diam]1.5
*[name]tree_barren[x]13[z]58[height]2.7[diam]2.1
*[name]tree[x]45[z]58[height]2.2[diam]1.8
*[name]shrub[x]16[z]59[height]1.0[diam]1.0
*[name]shrub[x]41[z]59[height]1.0[diam]0.8
*[name]shrub[x]54[z]59[height]1.1[diam]1.1
*[name]tree_barren[x]58[z]59[height]3.8[diam]3.5
*[name]tree[x]2[z]60[height]3.5[diam]2.5
*[name]shrub[x]48[z]60[height]1.4[diam]1.3
*[name]shrub[x]34[z]61[height]1.1[diam]0.9
*[name]tree[x]37[z]61[height]3.3[diam]3.1
*[name]tree[x]6[z]62[height]3.5[diam]2.7
*[name]shrub[x]11[z]62[height]1.5[diam]1.1
*[name]tree_barren[x]49[z]62[height]3.5[diam]3.5
*[name]tree_barren[x]16[z]63[height]3.3[diam]3.2
*[name]herring[x]25[z]63[height]1.0[diam]1.0
*[name]flag[x]26[z]63[height]1.0[diam]1.0
*[name]shrub[x]52[z]63[height]1.4[diam]1.1
*[name]tree[x]55[z]63[height]3.4[diam]3.2
*[name]shrub[x]16[z]64[height]1.4[diam]1.1
*[name]tree_barren[x]42[z]64[height]2.5[diam]2.5
*[name]tree[x]44[z]64[height]1.9[diam]1.6
*[name]shrub[x]47[z]64[height]1.1[diam]0.9
*[name]tree_barren[x]7[z]65[height]2.6[diam]1.9
*[name]tree_barren[x]12[z]65[height]2.4[diam]1.9
*[name]shrub[x]3[z]66[height]0.9[diam]0.9
*[name]shrub[x]4[z]66[height]1.6[diam]1.3
*[name]tree_barren[x]33[z]66[height]2.6[diam]2.4
*[name]shrub[x]39[z]66[height]0.9[diam]0.7
*[name]tree[x]50[z]66[height]3.4[diam]3.3
*[name]shrub[x]57[z]66[height]1.0[diam]0.9
*[name]tree_barren[x]54[z]68[height]3.9[diam]3.7
*[name]shrub[x]34[z]69[height]1.3[diam]1.1
*[name]shrub[x]42[z]69[height]1.0[diam]0.8
*[name]tree_barren[x]53[z]69[height]2.9[diam]2.7
*[name]tree_barren[x]54[z]69[height]3.4[diam]2.9
*[name]tree[x]5[z]70[height]3.0[diam]2.8
*[name]shrub[x]16[z]70[height]1.6[diam]1.1
*[name]flag[x]26[z]70[height]1.0[diam]1.0
*[name]herring[x]27[z]70[height]1.0[diam]1.0
*[name]tree_barren[x]38[z]70[height]2.3[diam]1.7
*[name]tree[x]43[z]70[height]1.9[diam]1.5
*[name]shrub[x]47[z]70[height]1.1[diam]0.8
*[name]tree[x]8[z]71[height]1.9[diam]1.4
*[name]tree[x]43[z]71[height]2.7[diam]2.1
*[name]shrub[x]51[z]71[height]1.6[diam]1.4
*[name]shrub[x]56[z]71[height]1.2[diam]1.2
*[name]tree_barren[x]2[z]72[height]3.2[diam]2.9
*[name]tree_barren[x]58[z]72[height]3.1[diam]2.5
*[name]tree_barren[x]35[z]73[height]3.1[diam]3.1
*[name]tree_barren[x]58[z]73[height]3.8[diam]3.4
*[name]shrub[x]4[z]74[height]1.2[diam]0.9
*[name]tree_barren[x]16[z]74[height]3.1[diam]3.0
*[name]tree_barren[x]48[z]74[height]3.6[diam]2.7
*[name]tree_barren[x]8[z]75[height]3.5[diam]3.0
*[name]tree_barren[x]41[z]75[height]2.5[diam]2.3
*[name]shrub[x]47[z]75[height]1.4[diam]1.1
*[name]tree[x]53[z]75[height]3.4[diam]3.4
*[name]shrub[x]56[z]76[height]1.2[diam]0.9
*[name]tree_barren[x]7[z]77[height]2.3[diam]2.2
*[name]tree_barren[x]13[z]77[height]2.8[diam]2.8
*[name]tree_barren[x]51[z]77[height]3.2[diam]3.0
*[name]shrub[x]34[z]78[height]1.5[diam]1.5
*[name]tree[x]46[z]78[height]2.6[diam]2.0
*[name]herring[x]24[z]79[height]1.0[diam]1.0
*[name]flag[x]25[z]79[height]1.0[diam]1.0
*[name]tree[x]38[z]79[height]2.4[diam]2.3
*[name]shrub[x]42[z]79[height]1.0[diam]0.8
*[name]tree_barren[x]53[z]79[height]3.2[diam]2.8
*[name]tree[x]5[z]80[height]2.3[diam]2.3
*[name]tree[x]9[z]80[height]2.7[diam]2.0
*[name]shrub[x]36[z]80[height]1.0[diam]0.7
*[name]shrub[x]49[z]80[height]1.3[diam]1.1
*[name]shrub[x]41[z]81[height]1.6[diam]1.3
*[name]tree_barren[x]14[z]82[height]3.3[diam]3.2
*[name]tree_barren[x]45[z]82[height]2.4[diam]2.4
*[name]tree_barren[x]56[z]82[height]4.0[diam]3.1
*[name]tree_barren[x]57[z]82[height]3.9[diam]3.1
*[name]tree_barren[x]2[z]84[height]2.4[diam]2.0
*[name]tree_barren[x]5[z]84[height]2.2[diam]2.1
*[name]shrub[x]16[z]84[height]1.2[diam]1.0
*[name]tree_barren[x]35[z]84[height]2.4[diam]2.2
*[name]shrub[x]38[z]84[height]1.2[diam]0.9
*[name]shrub[x]50[z]84[height]1.6[diam]1.5
*[name]shrub[x]11[z]85[height]1.6[diam]1.2
*[name]tree[x]41[z]85[height]3.3[diam]2.8
*[name]tree[x]42[z]85[height]2.1[diam]1.5
*[name]tree[x]48[z]85[height]2.8[diam]2.6
*[name]tree[x]52[z]85[height]2.4[diam]2.1
*[name]shrub[x]55[z]85[height]1.7[diam]1.6
*[name]tree_barren[x]8[z]87[height]3.0[diam]2.2
*[name]shrub[x]42[z]88[height]1.6[diam]1.3
*[name]flag[x]24[z]89[height]1.0[diam]1.0
*[name]herring[x]25[z]89[height]1.0[diam]1.0
*[name]tree_barren[x]37[z]89[height]2.7[diam]2.5
*[name]shrub[x]49[z]89[height]1.3[diam]1.1
*[name]shrub[x]53[z]89[height]0.9[diam]0.8
*[name]tree[x]56[z]89[height]2.4[diam]2.0
*[name]tree[x]4[z]90[height]1.8[diam]1.6
*[name]tree_barren[x]13[z]90[height]2.5[diam]2.1
*[name]shrub[x]35[z]90[height]1.5[diam]1.1
*[name]tree_barren[x]45[z]90[height]2.9[diam]2.6
*[name]tree_barren[x]49[z]91[height]2.5[diam]2.0
*[name]tree_barren[x]54[z]92[height]2.3[diam]1.9
*[name]tree_barren[x]9[z]93[height]2.7[diam]2.4
*[name]tree_barren[x]54[z]93[height]2.4[diam]2.1
*[name]shrub[x]5[z]94[height]1.0[diam]0.8
*[name]tree[x]35[z]94[height]2.7[diam]2.4
*[name]tree_barren[x]42[z]94[height]2.4[diam]2.0
*[name]tree[x]50[z]95[height]3.4[diam]2.9
*[name]tree[x]51[z]95[height]2.0[diam]1.7
*[name]shrub[x]12[z]97[height]1.6[diam]1.2
*[name]shrub[x]45[z]97[height]0.9[diam]0.7
*[name]tree[x]6[z]98[height]3.0[diam]2.2
*[name]tree[x]56[z]98[height]3.1[diam]3.0
*[name]shrub[x]37[z]99[height]1.3[diam]1.1
*[name]shrub[x]48[z]99[height]1.6[diam]1.6
*[name]shrub[x]2[z]101[height]1.0[diam]0.8
*[name]tree_barren[x]43[z]102[height]2.4[diam]1.9
*[name]tree_barren[x]5[z]103[height]3.1[diam]2.5
*[name]shrub[x]11[z]103[height]1.7[diam]1.5
*[name]tree_barren[x]53[z]103[height]4.2[diam]3.2
*[name]shrub[x]38[z]106[height]1.4[diam]1.2
*[name]shrub[x]55[z]106[height]1.5[diam]1.5
*[name]tree_barren[x]32[z]108[height]3.9[diam]3.7
*[name]shrub[x]46[z]108[height]1.1[diam]1.1
*[name]shrub[x]3[z]109[height]1.1[diam]0.8
*[name]tree[x]50[z]109[height]2.2[diam]1.8
*[name]shrub[x]12[z]110[height]1.2[diam]1.2
*[name]tree_barren[x]55[z]111[height]3.0[diam]2.3
*[name]tree_barren[x]34[z]113[height]3.9[diam]3.8
*[name]tree_barren[x]38[z]113[height]3.5[diam]3.3
*[name]tree_barren[x]1[z]115[height]3.9[diam]3.8
*[name]tree[x]7[z]115[height]3.2[diam]3.2
*[name]tree[x]43[z]119[height]2.1[diam]1.6
*[name]herring[x]16[z]120[height]1.0[diam]1.0
*[name]flag[x]17[z]120[height]1.0[diam]1.0
*[name]shrub[x]4[z]122[height]1.1[diam]0.8
*[name]tree[x]32[z]122[height]3.3[diam]2.6
*[name]shrub[x]11[z]123[height]1.1[diam]1.0
*[name]tree[x]51[z]123[height]3.1[diam]2.4
*[name]shrub[x]53[z]123[height]1.1[diam]1.0
*[name]tree_barren[x]6[z]128[height]4.1[diam]3.6
*[name]tree[x]49[z]128[height]2.9[diam]2.2
*[name]tree[x]59[z]128[height]3.0[diam]2.9
*[name]shrub[x]30[z]133[height]1.3[diam]0.9
*[name]flag[x]17[z]135[height]1.0[diam]1.0
*[name]herring[x]18[z]135[height]1.0[diam]1.0
*[name]shrub[x]8[z]136[height]1.5[diam]1.5
*[name]shrub[x]39[z]136[height]1.0[diam]0.9
*[name]tree_barren[x]50[z]139[height]4.1[diam]3.9
*[name]tree[x]4[z]141[height]2.4[diam]2.3
*[name]tree_barren[x]31[z]141[height]3.7[diam]2.8
*[name]tree[x]54[z]143[height]3.0[diam]2.9
*[name]tree[x]39[z]144[height]2.6[diam]1.9
*[name]shrub[x]3[z]145[height]0.9[diam]0.7
*[name]tree_barren[x]5[z]147[height]2.8[diam]2.3
*[name]shrub[x]49[z]148[height]1.6[diam]1.2
*[name]shrub[x]29[z]149[height]1.3[diam]1.0
*[name]shrub[x]11[z]151[height]1.4[diam]1.2
*[name]herring[x]20[z]152[height]1.0[diam]1.0
*[name]flag[x]21[z]152[height]1.0[diam]1.0
*[name]tree[x]55[z]153[height]3.1[diam]2.5
*[name]shrub[x]39[z]154[height]1.4[diam]1.2
*[name]tree[x]33[z]155[height]2.1[diam]1.6
*[name]tree[x]6[z]156[height]2.7[diam]1.9
*[name]tree_barren[x]52[z]156[height]2.4[diam]2.2
*[name]tree[x]43[z]160[height]2.9[diam]2.1
*[name]tree_barren[x]35[z]162[height]3.4[diam]2.4
*[name]tree_barren[x]6[z]163[height]3.8[diam]3.1
*[name]tree[x]55[z]166[height]2.2[diam]1.9
*[name]shrub[x]12[z]169[height]1.0[diam]1.0
*[name]tree_barren[x]47[z]169[height]3.3[diam]2.6
*[name]tree[x]8[z]171[height]1.9[diam]1.9
*[name]shrub[x]35[z]173[height]1.4[diam]1.4
*[name]shrub[x]2[z]174[height]1.7[diam]1.3
*[name]flag[x]26[z]175[height]1.0[diam]1.0
*[name]herring[x]27[z]175[height]1.0[diam]1.0
*[name]tree[x]53[z]175[height]2.1[diam]1.9
*[name]shrub[x]44[z]177[height]1.4[diam]1.4
*[name]shrub[x]57[z]179[height]0.9[diam]0.7
*[name]tree_barren[x]16[z]181[height]3.0[diam]2.3
*[name]shrub[x]39[z]181[height]1.3[diam]1.3
*[name]tree[x]46[z]181[height]2.1[diam]1.9
*[name]tree_barren[x]51[z]182[height]3.6[diam]3.4
*[name]shrub[x]10[z]184[height]1.5[diam]1.2
*[name]shrub[x]11[z]184[height]1.6[diam]1.4
*[name]tree_barren[x]43[z]187[height]3.4[diam]2.5
*[name]shrub[x]17[z]189[height]0.9[diam]0.9
*[name]tree[x]6[z]191[height]3.2[diam]2.8
*[name]tree[x]7[z]191[height]2.0[diam]1.9
*[name]tree[x]55[z]191[height]2.7[diam]2.5
*[name]shrub[x]49[z]192[height]1.6[diam]1.3
*[name]herring[x]35[z]194[height]1.0[diam]1.0
*[name]flag[x]36[z]194[height]1.0[diam]1.0
*[name]tree_barren[x]12[z]196[height]2.1[diam]1.6
*[name]tree[x]17[z]198[height]2.1[diam]1.9
*[name]shrub[x]49[z]201[height]0.9[diam]0.7
*[name]tree[x]7[z]203[height]1.9[diam]1.6
*[name]tree_barren[x]26[z]203[height]2.9[diam]2.6
*[name]flag[x]42[z]204[height]1.0[diam]1.0
*[name]herring[x]43[z]204[height]1.0[diam]1.0
*[name]shrub[x]1[z]208[height]1.2[diam]1.1
*[name]shrub[x]6[z]209[height]1.1[diam]0.8
*[name]tree[x]58[z]209[height]2.6[diam]1.8
*[name]tree_barren[x]51[z]210[height]3.0[diam]2.4
*[name]tree[x]13[z]212[height]2.8[diam]2.0
*[name]tree[x]27[z]212[height]2.5[diam]2.2
*[name]tree[x]13[z]213[height]3.2[diam]2.5
*[name]shrub[x]56[z]213[height]1.1[diam]1.1
*[name]tree[x]6[z]216[height]1.9[diam]1.8
*[name]tree_barren[x]20[z]217[height]3.7[diam]3.7
*[name]herring[x]40[z]220[height]1.0[diam]1.0
*[name]flag[x]41[z]220[height]1.0[diam]1.0
*[name]tree[x]50[z]221[height]2.3[diam]2.1
*[name]shrub[x]5[z]223[height]0.9[diam]0.7
*[name]shrub[x]11[z]223[height]1.2[diam]0.9
*[name]tree[x]23[z]224[height]2.8[diam]2.5
*[name]tree[x]23[z]225[height]2.7[diam]2.6
*[name]tree_barren[x]51[z]227[height]2.4[diam]2.4
*[name]tree[x]7[z]228[height]2.8[diam]2.3
*[name]tree_barren[x]10[z]228[height]2.2[diam]1.6
*[name]tree[x]15[z]228[height]2.6[diam]2.2
*[name]tree[x]7[z]237[height]2.4[diam]1.7
*[name]tree[x]55[z]237[height]2.5[diam]2.3
*[name]tree[x]20[z]238[height]3.0[diam]2.4
*[name]shrub[x]4[z]240[height]1.7[diam]1.6
*[name]flag[x]34[z]240[height]1.0[diam]1.0
*[name]herring[x]35[z]240[height]1.0[diam]1.0
*[name]shrub[x]11[z]243[height]1.0[diam]0.8
*[name]tree_barren[x]18[z]250[height]3.8[diam]3.7
*[name]tree[x]52[z]250[height]1.8[diam]1.3
*[name]tree[x]4[z]252[height]3.0[diam]2.2
*[name]tree[x]37[z]255[height]2.7[diam]2.0
*[name]tree[x]14[z]257[height]1.9[diam]1.5
*[name]tree[x]9[z]259[height]3.0[diam]2.6
*[name]tree_barren[x]44[z]259[height]2.4[diam]2.3
*[name]herring[x]28[z]260[height]1.0[diam]1.0
*[name]flag[x]29[z]260[height]1.0[diam]1.0
*[name]tree[x]49[z]260[height]2.7[diam]2.4
*[name]shrub[x]18[z]265[height]1.1[diam]1.0
*[name]tree_barren[x]4[z]268[height]3.6[diam]3.4
*[name]shrub[x]7[z]269[height]1.7[diam]1.2
*[name]tree[x]57[z]269[height]3.2[diam]2.7
*[name]tree[x]11[z]271[height]3.2[diam]2.7
*[name]tree[x]46[z]273[height]2.9[diam]2.7
*[name]tree_barren[x]50[z]274[height]3.2[diam]3.1
*[name]flag[x]32[z]275[height]1.0[diam]1.0
*[name]herring[x]33[z]275[height]1.0[diam]1.0
*[name]shrub[x]18[z]276[height]1.5[diam]1.2
*[name]shrub[x]9[z]277[height]1.5[diam]1.5
*[name]tree[x]57[z]277[height]2.4[diam]2.1
*[name]tree[x]4[z]278[height]3.3[diam]3.2
*[name]shrub[x]16[z]283[height]1.4[diam]1.4
*[name]herring[x]35[z]284[height]1.0[diam]1.0
*[name]flag[x]36[z]284[height]1.0[diam]1.0
*[name]tree[x]3[z]287[height]3.5[diam]2.9
*[name]tree_barren[x]22[z]287[height]3.3[diam]2.5
*[name]tree[x]3[z]288[height]2.2[diam]1.6
*[name]tree[x]10[z]288[height]3.2[diam]2.7
*[name]tree[x]3[z]289[height]2.9[diam]2.5
*[name]tree_barren[x]49[z]289[height]2.7[diam]2.4
*[name]shrub[x]8[z]291[height]1.3[diam]1.0
*[name]tree[x]5[z]295[height]3.5[diam]2.8
*[name]tree[x]16[z]297[height]2.9[diam]2.6
*[name]tree_barren[x]9[z]301[height]2.4[diam]1.8
*[name]tree_barren[x]22[z]302[height]3.1[diam]3.1
*[name]tree[x]30[z]302[height]2.6[diam]2.1
*[name]tree[x]54[z]303[height]3.1[diam]2.9
*[name]tree[x]7[z]305[height]3.3[diam]2.9
*[name]flag[x]43[z]305[height]1.0[diam]1.0
*[name]herring[x]44[z]305[height]1.0[diam]1.0
*[name]tree[x]16[z]306[height]3.0[diam]2.6
*[name]tree[x]4[z]309[height]2.8[diam]2.5
*[name]shrub[x]12[z]314[height]1.6[diam]1.2
*[name]tree[x]20[z]314[height]3.1[diam]2.4
*[name]tree_barren[x]30[z]315[height]2.6[diam]2.3
*[name]tree_barren[x]57[z]315[height]3.6[diam]3.5
*[name]shrub[x]7[z]319[height]0.9[diam]0.9
*[name]shrub[x]17[z]319[height]1.2[diam]1.1
*[name]shrub[x]49[z]320[height]0.9[diam]0.8
*[name]shrub[x]28[z]324[height]1.7[diam]1.6
*[name]tree[x]4[z]326[height]1.9[diam]1.4
*[name]tree[x]56[z]326[height]3.4[diam]2.9
*[name]tree[x]21[z]327[height]1.8[diam]1.5
*[name]tree_barren[x]10[z]328[height]3.9[diam]3.6
*[name]herring[x]42[z]328[height]1.0[diam]1.0
*[name]flag[x]43[z]328[height]1.0[diam]1.0
*[name]shrub[x]55[z]332[height]1.0[diam]0.9
*[name]tree[x]12[z]334[height]2.4[diam]2.3
*[name]tree[x]12[z]335[height]2.2[diam]2.2
*[name]tree[x]5[z]336[height]2.7[diam]2.1
*[name]shrub[x]23[z]336[height]0.9[diam]0.7
*[name]shrub[x]17[z]337[height]1.2[diam]0.9
*[name]shrub[x]48[z]339[height]1.6[diam]1.2
*[name]shrub[x]5[z]342[height]1.0[diam]1.0
*[name]flag[x]40[z]343[height]1.0[diam]1.0
*[name]herring[x]41[z]343[height]1.0[diam]1.0
*[name]tree_barren[x]52[z]344[height]2.3[diam]2.1
*[name]tree_barren[x]20[z]345[height]3.4[diam]2.6
*[name]shrub[x]28[z]347[height]0.9[diam]0.8
*[name]tree[x]56[z]347[height]3.4[diam]2.6
*[name]tree[x]7[z]350[height]3.0[diam]2.9
*[name]herring[x]35[z]353[height]1.0[diam]1.0
*[name]flag[x]36[z]353[height]1.0[diam]1.0
*[name]tree_barren[x]2[z]354[height]3.5[diam]3.2
*[name]tree[x]47[z]355[height]2.2[diam]1.9
*[name]tree[x]18[z]357[height]2.6[diam]2.2
*[name]tree[x]54[z]359[height]2.1[diam]2.0
*[name]shrub[x]11[z]360[height]1.1[diam]0.9
*[name]shrub[x]22[z]360[height]1.5[diam]1.4
*[name]flag[x]33[z]361[height]1.0[diam]1.0
*[name]herring[x]34[z]361[height]1.0[diam]1.0
*[name]tree_barren[x]51[z]363[height]3.5[diam]3.4
*[name]tree[x]7[z]368[height]2.1[diam]1.5
*[name]tree[x]46[z]368[height]2.1[diam]1.5
*[name]tree_barren[x]13[z]369[height]2.4[diam]2.0
*[name]tree[x]55[z]371[height]1.8[diam]1.4
*[name]tree_barren[x]40[z]373[height]2.2[diam]2.0
*[name]tree[x]5[z]375[height]2.4[diam]1.8
*[name]shrub[x]10[z]375[height]1.0[diam]0.8
*[name]shrub[x]34[z]378[height]1.1[diam]1.0
*[name]tree[x]39[z]381[height]2.1[diam]2.1
*[name]tree[x]48[z]381[height]2.8[diam]2.4
*[name]tree[x]55[z]381[height]2.5[diam]1.9
*[name]herring[x]21[z]384[height]1.0[diam]1.0
*[name]flag[x]22[z]384[height]1.0[diam]1.0
*[name]tree[x]10[z]385[height]3.3[diam]3.0
*[name]shrub[x]3[z]387[height]1.6[diam]1.2
*[name]tree_barren[x]49[z]388[height]2.3[diam]2.1
*[name]tree[x]55[z]388[height]1.9[diam]1.7
*[name]tree[x]45[z]392[height]2.7[diam]2.1
*[name]shrub[x]54[z]393[height]1.5[diam]1.4
*[name]tree_barren[x]5[z]394[height]2.7[diam]2.6
*[name]shrub[x]27[z]394[height]0.9[diam]0.8
*[name]tree[x]50[z]395[height]1.9[diam]1.5
*[name]tree[x]35[z]397[height]3.4[diam]2.8
*[name]shrub[x]10[z]398[height]1.1[diam]0.8
*[name]shrub[x]11[z]398[height]1.5[diam]1.3
*[name]shrub[x]35[z]401[height]0.9[diam]0.9
*[name]tree[x]53[z]401[height]2.6[diam]2.3
*[name]tree[x]54[z]401[height]2.5[diam]2.4
*[name]shrub[x]40[z]404[height]1.4[diam]1.2
*[name]shrub[x]40[z]405[height]1.3[diam]1.1
*[name]shrub[x]55[z]405[height]1.3[diam]1.1
*[name]shrub[x]7[z]406[height]1.1[diam]0.9
*[name]flag[x]18[z]407[height]1.0[diam]1.0
*[name]herring[x]19[z]407[height]1.0[diam]1.0
*[name]tree[x]2[z]408[height]2.4[diam]2.3
*[name]tree_barren[x]35[z]408[height]3.8[diam]2.9
*[name]tree[x]44[z]410[height]2.7[diam]2.0
*[name]tree[x]53[z]411[height]1.8[diam]1.6
*[name]tree[x]39[z]416[height]2.4[diam]1.8
*[name]tree[x]47[z]416[height]3.1[diam]2.5
*[name]tree[x]6[z]418[height]2.8[diam]2.0
*[name]tree_barren[x]51[z]418[height]2.9[diam]2.4
*[name]tree_barren[x]32[z]422[height]3.4[diam]2.8
*[name]tree_barren[x]43[z]423[height]2.9[diam]2.1
*[name]tree[x]55[z]424[height]1.8[diam]1.7
*[name]shrub[x]4[z]425[height]1.6[diam]1.5
*[name]herring[x]23[z]425[height]1.0[diam]1.0
*[name]flag[x]24[z]425[height]1.0[diam]1.0
*[name]shrub[x]8[z]427[height]0.9[diam]0.8
*[name]tree[x]45[z]431[height]2.4[diam]2.1
*[name]tree[x]51[z]431[height]1.9[diam]1.7
*[name]tree[x]4[z]432[height]2.0[diam]1.7
*[name]tree_barren[x]41[z]436[height]3.0[diam]2.9
*[name]tree_barren[x]8[z]439[height]3.4[diam]3.3
*[name]tree_barren[x]48[z]439[height]2.1[diam]1.9
*[name]tree[x]14[z]440[height]2.7[diam]2.2
*[name]tree[x]14[z]441[height]3.1[diam]2.5
*[name]tree[x]50[z]444[height]2.9[diam]2.3
*[name]tree[x]7[z]445[height]2.5[diam]1.8
*[name]shrub[x]24[z]447[height]1.4[diam]1.0
*[name]shrub[x]50[z]448[height]1.2[diam]0.9
*[name]tree_barren[x]18[z]451[height]2.2[diam]1.9
*[name]tree[x]52[z]454[height]3.2[diam]3.1
*[name]flag[x]37[z]455[height]1.0[diam]1.0
*[name]herring[x]38[z]455[height]1.0[diam]1.0
*[name]tree[x]7[z]456[height]2.1[diam]2.0
*[name]tree_barren[x]48[z]456[height]3.0[diam]2.6
*[name]tree_barren[x]56[z]459[height]3.1[diam]2.7
*[name]shrub[x]6[z]463[height]1.0[diam]0.9
*[name]shrub[x]20[z]464[height]1.6[diam]1.4
*[name]tree[x]16[z]465[height]2.8[diam]2.4
*[name]tree_barren[x]31[z]467[height]3.1[diam]2.7
*[name]tree[x]5[z]468[height]2.0[diam]1.5
*[name]herring[x]42[z]470[height]1.0[diam]1.0
*[name]flag[x]43[z]470[height]1.0[diam]1.0
*[name]tree[x]55[z]471[height]3.4[diam]3.3
*[name]tree[x]10[z]472[height]2.4[diam]2.1
*[name]tree_barren[x]20[z]475[height]2.6[diam]2.4
*[name]tree_barren[x]7[z]478[height]3.4[diam]3.2
*[name]tree_barren[x]8[z]478[height]3.7[diam]3.7
*[name]shrub[x]46[z]478[height]1.6[diam]1.5
*[name]tree_barren[x]51[z]478[height]3.1[diam]2.8
*[name]flag[x]34[z]482[height]1.0[diam]1.0
*[name]herring[x]35[z]482[height]1.0[diam]1.0
*[name]tree_barren[x]17[z]484[height]3.8[diam]3.4
*[name]tree_barren[x]53[z]485[height]3.4[diam]2.6
*[name]shrub[x]19[z]486[height]1.0[diam]0.7
*[name]tree[x]7[z]487[height]3.0[diam]2.4
*[name]tree[x]4[z]489[height]3.0[diam]2.7
*[name]tree[x]46[z]489[height]3.2[diam]2.5
*[name]shrub[x]50[z]492[height]1.0[diam]0.8
*[name]tree[x]12[z]493[height]3.2[diam]2.7
*[name]shrub[x]37[z]494[height]1.1[diam]1.0
*[name]herring[x]28[z]496[height]1.0[diam]1.0
*[name]flag[x]29[z]496[height]1.0[diam]1.0
*[name]tree_barren[x]53[z]496[height]2.7[diam]2.4
*[name]tree[x]5[z]497[height]2.4[diam]2.0
*[name]tree_barren[x]18[z]500[height]2.9[diam]2.9
*[name]tree[x]54[z]502[height]2.4[diam]1.8
*[name]flag[x]29[z]503[height]1.0[diam]1.0
*[name]herring[x]30[z]503[height]1.0[diam]1.0
*[name]tree_barren[x]41[z]503[height]4.1[diam]3.2
*[name]tree_barren[x]7[z]505[height]4.1[diam]3.4
*[name]tree[x]17[z]508[height]3.5[diam]3.2
*[name]tree[x]45[z]508[height]1.8[diam]1.6
*[name]shrub[x]2[z]509[height]1.7[diam]1.3
*[name]herring[x]28[z]510[height]1.0[diam]1.0
*[name]flag[x]29[z]510[height]1.0[diam]1.0
*[name]tree[x]6[z]512[height]2.8[diam]2.6
*[name]shrub[x]15[z]512[height]1.2[diam]1.0
*[name]flag[x]29[z]517[height]1.0[diam]1.0
*[name]herring[x]30[z]517[height]1.0[diam]1.0
*[name]shrub[x]53[z]517[height]1.2[diam]0.9
*[name]shrub[x]44[z]518[height]1.3[diam]1.2
*[name]tree_barren[x]15[z]519[height]3.2[diam]2.7
*[name]tree[x]53[z]523[height]3.4[diam]3.2
*[name]tree[x]14[z]524[height]2.1[diam]1.6
*[name]tree_barren[x]44[z]524[height]3.0[diam]2.6
*[name]herring[x]28[z]526[height]1.0[diam]1.0
*[name]flag[x]29[z]526[height]1.0[diam]1.0
*[name]tree_barren[x]15[z]529[height]3.5[diam]3.3
*[name]tree_barren[x]4[z]530[height]3.1[diam]2.2
*[name]tree_barren[x]15[z]530[height]4.1[diam]3.4
*[name]shrub[x]45[z]531[height]1.1[diam]1.0
*[name]tree_barren[x]54[z]531[height]3.8[diam]3.0
*[name]tree[x]38[z]534[height]2.9[diam]2.7
*[name]tree[x]7[z]536[height]3.2[diam]2.8
*[name]shrub[x]12[z]540[height]1.6[diam]1.4
*[name]tree[x]55[z]542[height]2.2[diam]1.8
*[name]shrub[x]4[z]544[height]1.5[diam]1.3
*[name]tree[x]48[z]545[height]2.9[diam]2.3
*[name]tree_barren[x]51[z]545[height]2.5[diam]1.9
*[name]tree_barren[x]35[z]547[height]3.6[diam]2.7
*[name]flag[x]19[z]551[height]1.0[diam]1.0
*[name]herring[x]20[z]551[height]1.0[diam]1.0
*[name]tree[x]54[z]553[height]3.4[diam]3.3
*[name]tree[x]7[z]556[height]2.3[diam]1.9
*[name]tree[x]44[z]557[height]2.5[diam]2.4
*[name]tree_barren[x]3[z]558[height]2.5[diam]2.4
*[name]shrub[x]29[z]558[height]1.7[diam]1.2
*[name]tree_barren[x]48[z]561[height]2.7[diam]2.1
*[name]tree[x]33[z]564[height]1.8[diam]1.3
*[name]tree[x]43[z]564[height]2.6[diam]2.3
*[name]tree[x]54[z]564[height]3.2[diam]2.6
*[name]shrub[x]6[z]565[height]1.0[diam]1.0
*[name]tree[x]43[z]565[height]3.0[diam]2.5
*[name]tree[x]44[z]565[height]2.1[diam]1.7
*[name]tree[x]54[z]565[height]2.0[diam]1.8
*[name]shrub[x]38[z]572[height]1.4[diam]1.1
*[name]tree[x]4[z]573[height]3.4[diam]2.8
*[name]tree_barren[x]46[z]573[height]3.0[diam]2.9
*[name]tree[x]48[z]573[height]2.2[diam]2.0
*[name]tree_barren[x]52[z]573[height]2.6[diam]2.3
*[name]herring[x]16[z]577[height]1.0[diam]1.0
*[name]flag[x]17[z]577[height]1.0[diam]1.0
*[name]tree_barren[x]7[z]578[height]3.5[diam]2.9
*[name]tree[x]54[z]578[height]2.7[diam]2.4
*[name]tree[x]55[z]578[height]2.6[diam]2.5
*[name]shrub[x]27[z]581[height]1.6[diam]1.3
*[name]tree[x]42[z]581[height]3.2[diam]2.6
*[name]shrub[x]49[z]581[height]1.0[diam]0.9
*[name]tree_barren[x]6[z]587[height]3.4[diam]2.7
*[name]tree_barren[x]32[z]588[height]3.0[diam]2.4
*[name]tree_barren[x]47[z]589[height]3.9[diam]3.4
*[name]tree_barren[x]47[z]590[height]3.6[diam]3.5
*[name]tree[x]55[z]590[height]2.4[diam]2.0
*[name]tree_barren[x]48[z]591[height]2.6[diam]2.1
*[name]shrub[x]3[z]593[height]1.5[diam]1.3
*[name]tree[x]41[z]593[height]2.1[diam]2.1
*[name]tree_barren[x]49[z]596[height]2.9[diam]2.4
*[name]tree_barren[x]50[z]596[height]3.4[diam]2.4
*[name]tree[x]55[z]597[height]3.1[diam]2.4
*[name]tree[x]6[z]598[height]2.8[diam]2.3
*[name]flag[x]23[z]600[height]1.0[diam]1.0
*[name]herring[x]24[z]600[height]1.0[diam]1.0
*[name]tree_barren[x]39[z]600[height]4.0[diam]3.4
*[name]shrub[x]13[z]601[height]1.5[diam]1.4
*[name]shrub[x]38[z]602[height]1.5[diam]1.4
*[name]tree[x]48[z]602[height]2.4[diam]1.9
*[name]shrub[x]54[z]602[height]1.0[diam]1.0
*[name]shrub[x]4[z]603[height]1.4[diam]1.0
*[name]tree[x]55[z]606[height]2.4[diam]1.9
*[name]tree[x]41[z]607[height]3.5[diam]3.2
*[name]tree[x]4[z]608[height]2.9[diam]2.3
*[name]tree[x]51[z]610[height]1.8[diam]1.5
*[name]tree_barren[x]8[z]612[height]3.9[diam]3.0
*[name]tree[x]57[z]613[height]2.4[diam]1.9
*[name]shrub[x]47[z]615[height]1.3[diam]1.3
*[name]shrub[x]53[z]618[height]1.0[diam]0.8
*[name]tree[x]11[z]619[height]2.0[diam]1.9
*[name]tree[x]5[z]620[height]2.9[diam]2.9
*[name]shrub[x]19[z]620[height]1.1[diam]0.9
*[name]tree_barren[x]47[z]621[height]3.6[diam]2.6
*[name]herring[x]35[z]622[height]1.0[diam]1.0
*[name]flag[x]36[z]622[height]1.0[diam]1.0
*[name]tree[x]51[z]625[height]2.2[diam]1.6
*[name]tree[x]8[z]627[height]2.5[diam]2.1
*[name]shrub[x]27[z]629[height]1.5[diam]1.1
*[name]tree_barren[x]55[z]629[height]3.3[diam]2.4
*[name]tree_barren[x]23[z]631[height]2.8[diam]2.4
*[name]shrub[x]11[z]636[height]1.5[diam]1.5
*[name]tree[x]15[z]637[height]3.1[diam]2.9
*[name]tree[x]4[z]639[height]2.4[diam]2.2
*[name]shrub[x]53[z]641[height]1.7[diam]1.6
*[name]tree_barren[x]8[z]643[height]3.9[diam]3.4
*[name]flag[x]45[z]643[height]1.0[diam]1.0
*[name]herring[x]46[z]643[height]1.0[diam]1.0
*[name]tree[x]56[z]643[height]3.0[diam]2.2
*[name]shrub[x]35[z]644[height]1.6[diam]1.5
*[name]tree_barren[x]20[z]645[height]4.0[diam]3.5
*[name]tree_barren[x]20[z]646[height]3.9[diam]2.9
*[name]tree[x]28[z]647[height]3.4[diam]2.9
*[name]tree[x]56[z]648[height]2.1[diam]1.6
*[name]shrub[x]31[z]651[height]1.3[diam]1.2
*[name]tree[x]4[z]652[height]3.0[diam]2.4
*[name]tree[x]7[z]653[height]2.9[diam]2.2
*[name]tree[x]15[z]654[height]2.5[diam]2.5
*[name]tree_barren[x]12[z]656[height]3.7[diam]2.9
*[name]tree_barren[x]34[z]656[height]4.0[diam]3.4
*[name]tree_barren[x]55[z]656[height]2.2[diam]1.8
*[name]shrub[x]2[z]657[height]0.9[diam]0.7
*[name]tree_barren[x]23[z]660[height]2.2[diam]2.1
*[name]shrub[x]19[z]661[height]1.4[diam]1.3
*[name]tree[x]7[z]662[height]3.5[diam]3.0
*[name]herring[x]45[z]663[height]1.0[diam]1.0
*[name]flag[x]46[z]663[height]1.0[diam]1.0
*[name]tree[x]28[z]664[height]2.8[diam]2.7
*[name]shrub[x]54[z]665[height]0.9[diam]0.8
*[name]tree[x]17[z]669[height]1.8[diam]1.3
*[name]shrub[x]30[z]669[height]1.6[diam]1.3
*[name]shrub[x]51[z]669[height]1.0[diam]0.9
*[name]shrub[x]22[z]670[height]1.5[diam]1.5
*[name]tree_barren[x]6[z]671[height]3.7[diam]3.1
*[name]shrub[x]22[z]671[height]1.0[diam]0.7
*[name]tree[x]55[z]672[height]2.4[diam]2.3
*[name]tree_barren[x]50[z]674[height]3.0[diam]2.4
*[name]tree_barren[x]51[z]674[height]2.9[diam]2.4
*[name]tree[x]11[z]676[height]2.7[diam]2.3
*[name]tree[x]20[z]676[height]2.7[diam]2.3
*[name]tree[x]5[z]677[height]2.4[diam]1.8
*[name]tree[x]10[z]677[height]2.3[diam]1.9
*[name]tree[x]11[z]677[height]2.9[diam]2.8
*[name]tree_barren[x]30[z]678[height]2.5[diam]2.3
*[name]tree_barren[x]57[z]681[height]2.7[diam]2.1
*[name]tree_barren[x]58[z]681[height]3.7[diam]2.8
*[name]tree_barren[x]6[z]682[height]3.0[diam]2.9
*[name]tree[x]22[z]682[height]2.9[diam]2.2
*[name]tree[x]10[z]684[height]3.3[diam]2.7
*[name]flag[x]39[z]684[height]1.0[diam]1.0
*[name]herring[x]40[z]684[height]1.0[diam]1.0
*[name]shrub[x]49[z]686[height]1.4[diam]1.4
*[name]shrub[x]10[z]687[height]1.3[diam]1.0
*[name]tree_barren[x]14[z]687[height]3.9[diam]2.8
*[name]tree[x]2[z]688[height]2.3[diam]1.7
*[name]tree_barren[x]52[z]689[height]3.2[diam]3.0
*[name]shrub[x]8[z]690[height]1.4[diam]1.0
*[name]herring[x]38[z]690[height]1.0[diam]1.0
*[name]flag[x]39[z]690[height]1.0[diam]1.0
*[name]shrub[x]27[z]692[height]1.2[diam]1.2
*[name]tree[x]58[z]692[height]2.0[diam]1.8
*[name]tree[x]11[z]693[height]2.4[diam]2.2
*[name]tree[x]19[z]693[height]2.8[diam]2.4
*[name]tree_barren[x]6[z]696[height]3.2[diam]3.1
*[name]flag[x]38[z]698[height]1.0[diam]1.0
*[name]herring[x]39[z]698[height]1.0[diam]1.0
*[name]shrub[x]13[z]699[height]1.4[diam]1.1
*[name]tree_barren[x]23[z]699[height]2.3[diam]1.7
*[name]tree[x]51[z]700[height]2.1[diam]1.9
*[name]tree_barren[x]8[z]701[height]2.8[diam]2.1
*[name]herring[x]36[z]703[height]1.0[diam]1.0
*[name]flag[x]37[z]703[height]1.0[diam]1.0
*[name]shrub[x]48[z]703[height]0.9[diam]0.9
*[name]tree[x]4[z]704[height]1.8[diam]1.7
*[name]shrub[x]55[z]705[height]0.9[diam]0.8
*[name]tree[x]14[z]706[height]3.0[diam]2.4
*[name]tree[x]56[z]710[height]1.8[diam]1.4
*[name]tree_barren[x]50[z]711[height]2.4[diam]2.2
*[name]tree[x]5[z]712[height]2.1[diam]1.8
*[name]tree_barren[x]23[z]712[height]3.5[diam]2.8
*[name]tree[x]11[z]714[height]2.2[diam]1.6
*[name]tree[x]46[z]714[height]1.9[diam]1.8
*[name]shrub[x]22[z]717[height]1.3[diam]1.1
*[name]tree_barren[x]15[z]719[height]3.6[diam]2.8
*[name]tree[x]56[z]719[height]3.2[diam]3.0
*[name]shrub[x]39[z]722[height]1.1[diam]0.8
*[name]tree[x]46[z]722[height]2.6[diam]2.3
*[name]tree_barren[x]50[z]722[height]2.3[diam]2.0
*[name]flag[x]28[z]725[height]1.0[diam]1.0
*[name]herring[x]29[z]725[height]1.0[diam]1.0
*[name]tree_barren[x]4[z]726[height]3.5[diam]2.6
*[name]tree[x]8[z]726[height]2.2[diam]2.0
*[name]tree[x]51[z]727[height]3.5[diam]3.4
*[name]tree[x]37[z]731[height]3.5[diam]2.5
*[name]tree_barren[x]41[z]732[height]2.4[diam]1.8
*[name]shrub[x]11[z]734[height]1.4[diam]1.1
*[name]tree[x]50[z]734[height]2.9[diam]2.4
*[name]tree[x]4[z]735[height]2.9[diam]2.8
*[name]tree[x]54[z]738[height]2.4[diam]2.2
*[name]shrub[x]30[z]739[height]1.5[diam]1.4
*[name]herring[x]18[z]741[height]1.0[diam]1.0
*[name]flag[x]19[z]741[height]1.0[diam]1.0
*[name]shrub[x]41[z]741[height]1.1[diam]0.9
*[name]tree[x]43[z]741[height]1.9[diam]1.5
*[name]shrub[x]49[z]741[height]1.0[diam]0.9
*[name]tree_barren[x]5[z]743[height]2.5[diam]2.3
*[name]tree_barren[x]35[z]746[height]2.3[diam]1.8
*[name]shrub[x]57[z]747[height]1.0[diam]1.0
*[name]shrub[x]25[z]749[height]1.2[diam]1.0
*[name]tree[x]52[z]749[height]2.5[diam]2.1
*[name]tree[x]3[z]752[height]2.5[diam]2.1
*[name]tree[x]28[z]753[height]2.4[diam]2.1
*[name]tree_barren[x]43[z]753[height]3.3[diam]2.4
*[name]flag[x]12[z]756[height]1.0[diam]1.0
*[name]herring[x]13[z]756[height]1.0[diam]1.0
*[name]shrub[x]49[z]756[height]1.6[diam]1.2
*[name]tree[x]39[z]759[height]2.5[diam]2.1
*[name]shrub[x]36[z]760[height]1.0[diam]0.9
*[name]shrub[x]4[z]762[height]1.1[diam]1.0
*[name]shrub[x]26[z]762[height]1.4[diam]1.2
*[name]tree_barren[x]53[z]762[height]2.8[diam]2.5
*[name]tree[x]3[z]764[height]3.1[diam]2.6
*[name]tree[x]45[z]764[height]1.9[diam]1.9
*[name]tree[x]54[z]768[height]2.1[diam]1.6
*[name]tree_barren[x]5[z]769[height]2.6[diam]2.1
*[name]tree[x]34[z]770[height]3.4[diam]3.0
*[name]herring[x]17[z]773[height]1.0[diam]1.0
*[name]flag[x]18[z]773[height]1.0[diam]1.0
*[name]tree_barren[x]40[z]773[height]4.0[diam]3.3
*[name]tree[x]53[z]773[height]3.5[diam]2.8
*[name]shrub[x]48[z]775[height]1.5[diam]1.2
*[name]shrub[x]25[z]776[height]1.6[diam]1.3
*[name]tree[x]5[z]778[height]2.4[diam]2.3
*[name]shrub[x]8[z]780[height]1.3[diam]1.2
*[name]tree[x]37[z]780[height]2.2[diam]2.0
*[name]tree[x]46[z]781[height]2.7[diam]2.3
*[name]tree[x]53[z]782[height]2.7[diam]2.0
*[name]tree[x]6[z]784[height]1.9[diam]1.8
*[name]tree_barren[x]44[z]786[height]3.7[diam]3.5
*[name]shrub[x]56[z]786[height]1.1[diam]1.1
*[name]shrub[x]30[z]787[height]1.5[diam]1.3
*[name]tree_barren[x]10[z]788[height]2.2[diam]2.1
*[name]shrub[x]47[z]788[height]1.6[diam]1.6
*[name]tree[x]3[z]792[height]2.7[diam]2.6
*[name]flag[x]20[z]792[height]1.0[diam]1.0
*[name]herring[x]21[z]792[height]1.0[diam]1.0
*[name]tree[x]50[z]792[height]2.3[diam]1.9
*[name]tree[x]37[z]793[height]2.1[diam]1.5
*[name]tree_barren[x]5[z]794[height]3.9[diam]2.8
*[name]tree_barren[x]53[z]795[height]2.9[diam]2.2
*[name]tree[x]9[z]796[height]3.1[diam]3.0
*[name]shrub[x]37[z]797[height]1.7[diam]1.2
*[name]shrub[x]13[z]799[height]1.3[diam]1.1
*[name]shrub[x]50[z]799[height]1.3[diam]0.9
*[name]tree[x]58[z]799[height]2.8[diam]2.5
*[name]shrub[x]4[z]801[height]1.6[diam]1.3
*[name]tree_barren[x]41[z]801[height]3.0[diam]2.3
*[name]tree[x]3[z]802[height]2.1[diam]1.6
*[name]tree_barren[x]47[z]803[height]3.6[diam]2.8
*[name]tree[x]52[z]804[height]2.0[diam]1.8
*[name]tree_barren[x]8[z]805[height]2.5[diam]2.2
*[name]tree_barren[x]15[z]806[height]3.2[diam]2.7
*[name]herring[x]29[z]806[height]1.0[diam]1.0
*[name]flag[x]30[z]806[height]1.0[diam]1.0
*[name]shrub[x]47[z]809[height]1.0[diam]0.9
*[name]tree[x]9[z]810[height]2.6[diam]1.9
*[name]shrub[x]40[z]810[height]1.4[diam]1.4
*[name]tree[x]52[z]811[height]2.2[diam]1.9
*[name]tree[x]58[z]812[height]3.0[diam]2.4
*[name]tree[x]3[z]813[height]2.7[diam]2.1
*[name]tree[x]58[z]813[height]3.0[diam]2.2
*[name]tree_barren[x]40[z]815[height]2.7[diam]2.2
*[name]tree_barren[x]52[z]816[height]3.6[diam]2.7
*[name]tree_barren[x]21[z]817[height]3.5[diam]2.6
*[name]tree_barren[x]5[z]818[height]2.8[diam]2.7
*[name]shrub[x]55[z]818[height]1.1[diam]0.8
*[name]shrub[x]14[z]819[height]0.9[diam]0.8
*[name]shrub[x]1[z]821[height]1.4[diam]1.1
*[name]tree[x]46[z]821[height]1.9[diam]1.4
*[name]tree[x]11[z]823[height]3.0[diam]2.4
*[name]tree[x]56[z]824[height]3.2[diam]2.5
*[name]tree[x]4[z]825[height]2.2[diam]1.9
*[name]flag[x]31[z]825[height]1.0[diam]1.0
*[name]herring[x]32[z]825[height]1.0[diam]1.0
*[name]shrub[x]42[z]826[height]0.9[diam]0.8
*[name]tree_barren[x]16[z]827[height]4.2[diam]3.9
*[name]shrub[x]22[z]828[height]1.4[diam]1.2
*[name]tree_barren[x]46[z]831[height]4.2[diam]3.5
*[name]tree[x]53[z]831[height]2.7[diam]2.1
*[name]tree[x]4[z]832[height]3.0[diam]2.3
*[name]tree[x]11[z]834[height]2.5[diam]2.0
*[name]shrub[x]3[z]836[height]1.1[diam]1.0
*[name]shrub[x]20[z]837[height]1.1[diam]0.9
*[name]tree_barren[x]54[z]837[height]3.7[diam]3.0
*[name]tree_barren[x]7[z]839[height]4.2[diam]3.5
*[name]tree_barren[x]20[z]840[height]3.5[diam]2.5
*[name]shrub[x]26[z]841[height]1.3[diam]1.1
*[name]shrub[x]50[z]841[height]1.1[diam]0.9
*[name]shrub[x]10[z]842[height]1.3[diam]1.1
*[name]herring[x]38[z]842[height]1.0[diam]1.0
*[name]flag[x]39[z]842[height]1.0[diam]1.0
*[name]tree[x]5[z]845[height]3.3[diam]2.9
*[name]tree[x]22[z]845[height]3.5[diam]3.3
*[name]tree[x]5[z]846[height]2.5[diam]2.2
*[name]tree[x]53[z]846[height]2.3[diam]1.9
*[name]tree[x]12[z]848[height]1.9[diam]1.9
*[name]tree[x]57[z]848[height]2.9[diam]2.8
*[name]shrub[x]5[z]850[height]0.9[diam]0.7
*[name]shrub[x]23[z]851[height]1.0[diam]0.8
*[name]tree_barren[x]55[z]851[height]3.8[diam]3.2
*[name]tree_barren[x]8[z]854[height]4.2[diam]3.6
*[name]tree_barren[x]8[z]855[height]3.8[diam]3.8
*[name]tree[x]18[z]856[height]3.4[diam]2.9
*[name]shrub[x]55[z]856[height]0.9[diam]0.7
*[name]shrub[x]13[z]858[height]1.5[diam]1.2
*[name]tree[x]6[z]860[height]3.3[diam]2.7
*[name]tree[x]29[z]860[height]3.1[diam]2.9
*[name]shrub[x]36[z]860[height]0.9[diam]0.8
*[name]shrub[x]23[z]861[height]1.3[diam]1.1
*[name]flag[x]47[z]862[height]1.0[diam]1.0
*[name]herring[x]48[z]862[height]1.0[diam]1.0
*[name]tree[x]57[z]862[height]2.6[diam]2.5
*[name]tree[x]3[z]863[height]3.2[diam]2.8
*[name]tree_barren[x]25[z]865[height]3.6[diam]3.1
*[name]shrub[x]9[z]866[height]1.2[diam]1.1
*[name]tree_barren[x]32[z]866[height]3.2[diam]2.8
*[name]tree_barren[x]56[z]868[height]2.4[diam]1.9
*[name]tree[x]18[z]871[height]1.8[diam]1.3
*[name]herring[x]46[z]871[height]1.0[diam]1.0
*[name]flag[x]47[z]871[height]1.0[diam]1.0
*[name]tree[x]8[z]872[height]3.3[diam]3.1
*[name]shrub[x]23[z]872[height]0.9[diam]0.9
*[name]tree_barren[x]31[z]872[height]2.7[diam]2.0
*[name]tree[x]8[z]873[height]2.3[diam]1.7
*[name]tree_barren[x]11[z]875[height]2.9[diam]2.2
*[name]shrub[x]53[z]875[height]1.3[diam]0.9
*[name]tree[x]3[z]876[height]3.4[diam]2.9
*[name]shrub[x]35[z]876[height]1.6[diam]1.4
*[name]tree_barren[x]4[z]878[height]4.0[diam]3.3
*[name]flag[x]46[z]878[height]1.0[diam]1.0
*[name]herring[x]47[z]878[height]1.0[diam]1.0
*[name]tree[x]56[z]879[height]2.4[diam]2.2
*[name]tree[x]25[z]880[height]3.3[diam]2.4
*[name]tree_barren[x]21[z]881[height]2.5[diam]1.9
*[name]tree[x]2[z]882[height]3.2[diam]2.9
*[name]tree[x]10[z]882[height]3.2[diam]3.2
*[name]shrub[x]7[z]884[height]0.9[diam]0.8
*[name]shrub[x]15[z]884[height]0.9[diam]0.9
*[name]tree_barren[x]17[z]887[height]3.5[diam]2.7
*[name]tree_barren[x]56[z]887[height]3.6[diam]3.5
*[name]tree[x]5[z]888[height]2.1[diam]1.5
*[name]tree[x]19[z]890[height]1.8[diam]1.6
*[name]herring[x]39[z]890[height]1.0[diam]1.0
*[name]flag[x]40[z]890[height]1.0[diam]1.0
*[name]tree[x]8[z]891[height]2.1[diam]1.8
*[name]tree[x]5[z]892[height]2.9[diam]2.2
*[name]tree[x]8[z]892[height]1.8[diam]1.6
*[name]shrub[x]22[z]894[height]1.3[diam]1.3
*[name]shrub[x]47[z]895[height]1.6[diam]1.6
*[name]tree_barren[x]50[z]895[height]3.4[diam]3.2
*[name]tree[x]55[z]895[height]3.5[diam]3.2
*[name]tree[x]56[z]895[height]1.9[diam]1.7
*[name]shrub[x]1[z]898[height]1.2[diam]1.2
*[name]tree[x]9[z]899[height]3.0[diam]2.6
*[name]tree_barren[x]5[z]903[height]3.6[diam]3.4
*[name]tree[x]51[z]903[height]2.4[diam]2.0
*[name]shrub[x]18[z]904[height]1.6[diam]1.2
*[name]flag[x]31[z]904[height]1.0[diam]1.0
*[name]herring[x]32[z]904[height]1.0[diam]1.0
*[name]tree[x]2[z]906[height]2.4[diam]1.8
*[name]tree[x]56[z]907[height]1.8[diam]1.5
*[name]tree[x]8[z]908[height]2.9[diam]2.2
*[name]shrub[x]49[z]908[height]1.6[diam]1.3
*[name]shrub[x]39[z]909[height]1.1[diam]1.1
*[name]tree[x]50[z]911[height]3.3[diam]3.2
*[name]tree_barren[x]54[z]911[height]3.9[diam]3.6
*[name]tree_barren[x]40[z]915[height]3.9[diam]3.3
*[name]tree[x]55[z]915[height]2.7[diam]2.6
*[name]tree_barren[x]10[z]916[height]2.7[diam]2.3
*[name]tree[x]47[z]916[height]2.8[diam]2.5
*[name]tree[x]3[z]918[height]2.6[diam]2.1
*[name]herring[x]22[z]919[height]1.0[diam]1.0
*[name]flag[x]23[z]919[height]1.0[diam]1.0
*[name]tree_barren[x]3[z]921[height]2.5[diam]1.9
*[name]shrub[x]11[z]921[height]0.9[diam]0.8
*[name]shrub[x]36[z]921[height]1.3[diam]1.3
*[name]shrub[x]54[z]921[height]1.3[diam]1.3
*[name]shrub[x]5[z]923[height]0.9[diam]0.8
*[name]tree_barren[x]54[z]925[height]2.8[diam]2.5
*[name]tree[x]42[z]926[height]3.2[diam]2.5
*[name]tree[x]51[z]926[height]3.4[diam]2.6
*[name]tree[x]11[z]928[height]2.1[diam]1.9
*[name]shrub[x]42[z]930[height]0.9[diam]0.7
*[name]tree[x]6[z]932[height]2.7[diam]2.7
*[name]shrub[x]2[z]933[height]1.3[diam]0.9
*[name]tree_barren[x]8[z]934[height]3.7[diam]3.4
*[name]tree_barren[x]35[z]934[height]3.6[diam]2.9
*[name]tree[x]54[z]934[height]2.5[diam]1.9
*[name]flag[x]19[z]936[height]1.0[diam]1.0
*[name]herring[x]20[z]936[height]1.0[diam]1.0
*[name]tree[x]49[z]936[height]2.8[diam]2.5
*[name]shrub[x]30[z]937[height]1.2[diam]1.0
*[name]tree_barren[x]45[z]937[height]2.4[diam]2.4
*[name]tree_barren[x]49[z]937[height]3.2[diam]3.0
*[name]tree[x]4[z]938[height]3.4[diam]2.9
*[name]shrub[x]54[z]938[height]1.1[diam]0.9
*[name]tree[x]42[z]941[height]2.1[diam]1.6
*[name]tree[x]55[z]943[height]2.6[diam]1.9
*[name]shrub[x]11[z]944[height]1.1[diam]1.0
*[name]tree[x]4[z]946[height]3.4[diam]2.8
*[name]shrub[x]36[z]947[height]1.4[diam]1.2
*[name]tree_barren[x]55[z]947[height]2.8[diam]2.1
*[name]tree_barren[x]5[z]948[height]3.3[diam]2.4
*[name]tree[x]47[z]949[height]3.3[diam]2.6
*[name]tree[x]8[z]951[height]2.4[diam]1.9
*[name]tree[x]55[z]952[height]2.6[diam]2.5
*[name]tree_barren[x]35[z]953[height]4.1[diam]3.9
*[name]herring[x]25[z]954[height]1.0[diam]1.0
*[name]flag[x]26[z]954[height]1.0[diam]1.0
*[name]tree_barren[x]50[z]954[height]3.2[diam]2.4
*[name]tree[x]5[z]956[height]3.1[diam]2.3
*[name]tree[x]5[z]957[height]3.2[diam]2.9
*[name]tree[x]47[z]957[height]2.8[diam]2.1
*[name]shrub[x]3[z]958[height]1.6[diam]1.5
*[name]shrub[x]14[z]958[height]1.1[diam]0.9
*[name]tree_barren[x]42[z]959[height]3.9[diam]3.4
*[name]tree_barren[x]7[z]960[height]2.2[diam]2.0
*[name]tree_barren[x]8[z]960[height]4.1[diam]3.7
*[name]tree[x]53[z]961[height]2.2[diam]1.7
*[name]tree_barren[x]17[z]962[height]3.8[diam]3.6
*[name]shrub[x]35[z]964[height]1.1[diam]1.0
*[name]shrub[x]47[z]964[height]0.9[diam]0.8
*[name]tree[x]7[z]967[height]3.5[diam]3.0
*[name]tree[x]13[z]967[height]2.8[diam]2.7
*[name]tree_barren[x]54[z]967[height]2.8[diam]2.1
*[name]tree[x]3[z]968[height]3.5[diam]2.6
*[name]tree_barren[x]44[z]968[height]2.3[diam]2.2
*[name]tree[x]47[z]969[height]3.1[diam]2.8
*[name]shrub[x]4[z]971[height]1.6[diam]1.4
*[name]tree[x]4[z]972[height]2.5[diam]1.9
*[name]shrub[x]39[z]973[height]0.9[diam]0.7
*[name]flag[x]30[z]974[height]1.0[diam]1.0
*[name]herring[x]31[z]974[height]1.0[diam]1.0
*[name]tree[x]55[z]974[height]3.0[diam]2.2
*[name]tree[x]10[z]975[height]1.8[diam]1.6
*[name]shrub[x]17[z]975[height]1.5[diam]1.2
*[name]tree_barren[x]50[z]976[height]4.0[diam]3.5
*[name]tree_barren[x]6[z]978[height]2.2[diam]1.7
*[name]tree[x]40[z]978[height]2.1[diam]1.6
*[name]herring[x]29[z]981[height]1.0[diam]1.0
*[name]flag[x]30[z]981[height]1.0[diam]1.0
*[name]tree[x]49[z]982[height]3.4[diam]2.6
*[name]tree[x]12[z]983[height]2.8[diam]2.4
*[name]tree_barren[x]41[z]984[height]2.3[diam]2.2
*[name]tree_barren[x]57[z]984[height]3.3[diam]2.4
*[name]tree[x]4[z]985[height]3.5[diam]3.2
*[name]shrub[x]8[z]986[height]1.6[diam]1.5
*[name]tree_barren[x]12[z]987[height]2.8[diam]2.6
*[name]flag[x]30[z]988[height]1.0[diam]1.0
*[name]herring[x]31[z]988[height]1.0[diam]1.0
*[name]shrub[x]53[z]988[height]1.2[diam]1.1
*[name]tree[x]55[z]988[height]3.3[diam]2.8
*[name]shrub[x]39[z]989[height]1.7[diam]1.4
*[name]tree[x]10[z]990[height]2.8[diam]2.8
*[name]tree[x]42[z]990[height]2.0[diam]1.7
*[name]tree[x]16[z]991[height]2.1[diam]1.6
*[name]shrub[x]2[z]992[height]1.6[diam]1.3
*[name]start[x]30[z]992[height]6.0[diam]9.0
*[name]tree_barren[x]49[z]992[height]2.8[diam]2.1
*[name]shrub[x]20[z]993[height]1.1[diam]0.9
