*[name]finish[x]22[z]0[height]6.0[diam]9.0
*[name]herring[x]23[z]179[height]1.0[diam]1.0
*[name]herring[x]24[z]189[height]1.0[diam]1.0
*[name]tree[x]50[z]194[height]2.6[diam]2.1
*[name]herring[x]28[z]212[height]1.0[diam]1.0
*[name]tree[x]6[z]220[height]1.9[diam]1.7
*[name]herring[x]28[z]226[height]1.0[diam]1.0
*[name]shrub[x]2[z]235[height]1.0[diam]0.8
*[name]herring[x]28[z]237[height]1.0[diam]1.0
*[name]tree_barren[x]46[z]241[height]2.9[diam]2.3
*[name]herring[x]30[z]252[height]1.0[diam]1.0
*[name]herring[x]31[z]264[height]1.0[diam]1.0
*[name]float[x]31[z]275[height]1.0[diam]1.0
*[name]herring[x]14[z]276[height]1.0[diam]1.0
*[name]shrub[x]47[z]284[height]0.9[diam]0.8
*[name]shrub[x]46[z]285[height]1.1[diam]0.8
*[name]tree[x]48[z]285[height]2.5[diam]2.1
*[name]tree[x]50[z]285[height]2.5[diam]1.9
*[name]herring[x]34[z]293[height]1.0[diam]1.0
*[name]tree[x]0[z]294[height]1.9[diam]1.8
*[name]herring[x]12[z]298[height]1.0[diam]1.0
*[name]herring[x]31[z]299[height]1.0[diam]1.0
*[name]herring[x]13[z]310[height]1.0[diam]1.0
*[name]herring[x]28[z]312[height]1.0[diam]1.0
*[name]shrub[x]46[z]315[height]1.0[diam]0.9
*[name]herring[x]12[z]323[height]1.0[diam]1.0
*[name]herring[x]23[z]326[height]1.0[diam]1.0
*[name]tree[x]42[z]335[height]3.2[diam]2.7
*[name]tree[x]6[z]337[height]2.9[diam]2.5
*[name]herring[x]20[z]341[height]1.0[diam]1.0
*[name]tree[x]49[z]359[height]2.5[diam]2.1
*[name]tree[x]37[z]360[height]2.9[diam]2.3
*[name]tree[x]38[z]360[height]2.6[diam]2.5
*[name]tree[x]40[z]360[height]2.2[diam]2.2
*[name]tree[x]42[z]360[height]2.0[diam]1.6
*[name]tree[x]35[z]361[height]2.9[diam]2.4
*[name]tree[x]35[z]362[height]3.0[diam]2.1
*[name]tree[x]37[z]362[height]2.8[diam]2.6
*[name]tree[x]42[z]362[height]3.0[diam]2.9
*[name]shrub[x]39[z]363[height]1.6[diam]1.2
*[name]tree[x]41[z]363[height]2.4[diam]1.9
*[name]tree[x]48[z]363[height]2.3[diam]1.9
*[name]shrub[x]36[z]364[height]1.7[diam]1.4
*[name]tree[x]38[z]364[height]1.8[diam]1.7
*[name]shrub[x]39[z]364[height]0.9[diam]0.8
*[name]shrub[x]41[z]364[height]1.1[diam]0.9
*[name]herring[x]23[z]369[height]1.0[diam]1.0
*[name]shrub[x]4[z]382[height]1.0[diam]1.0
*[name]herring[x]18[z]382[height]1.0[diam]1.0
*[name]tree[x]28[z]384[height]3.0[diam]2.7
*[name]tree[x]29[z]385[height]3.1[diam]3.1
*[name]tree[x]28[z]386[height]2.7[diam]2.6
*[name]tree[x]29[z]387[height]2.3[diam]1.8
*[name]tree_barren[x]26[z]388[height]2.6[diam]2.5
*[name]herring[x]19[z]398[height]1.0[diam]1.0
*[name]float[x]24[z]405[height]1.0[diam]1.0
*[name]herring[x]20[z]412[height]1.0[diam]1.0
*[name]tree[x]1[z]426[height]2.2[diam]2.0
*[name]herring[x]21[z]426[height]1.0[diam]1.0
*[name]tree[x]48[z]430[height]3.0[diam]3.0
*[name]herring[x]41[z]439[height]1.0[diam]1.0
*[name]herring[x]38[z]444[height]1.0[diam]1.0
*[name]herring[x]17[z]446[height]1.0[diam]1.0
*[name]herring[x]40[z]453[height]1.0[diam]1.0
*[name]tree[x]43[z]455[height]2.9[diam]2.5
*[name]herring[x]41[z]460[height]1.0[diam]1.0
*[name]herring[x]19[z]465[height]1.0[diam]1.0
*[name]herring[x]39[z]466[height]1.0[diam]1.0
*[name]tree[x]42[z]467[height]1.8[diam]1.8
*[name]tree[x]41[z]469[height]3.2[diam]2.6
*[name]herring[x]40[z]477[height]1.0[diam]1.0
*[name]herring[x]17[z]480[height]1.0[diam]1.0
*[name]tree[x]42[z]481[height]2.5[diam]2.4
*[name]herring[x]38[z]485[height]1.0[diam]1.0
*[name]tree[x]44[z]490[height]3.2[diam]2.6
*[name]herring[x]15[z]492[height]1.0[diam]1.0
*[name]herring[x]38[z]492[height]1.0[diam]1.0
*[name]tree[x]44[z]496[height]2.9[diam]2.7
*[name]herring[x]39[z]497[height]1.0[diam]1.0
*[name]herring[x]37[z]503[height]1.0[diam]1.0
*[name]tree[x]43[z]503[height]1.9[diam]1.9
*[name]tree[x]41[z]507[height]2.2[diam]1.7
*[name]herring[x]36[z]510[height]1.0[diam]1.0
*[name]herring[x]15[z]511[height]1.0[diam]1.0
*[name]tree[x]41[z]512[height]3.3[diam]3.3
*[name]herring[x]38[z]516[height]1.0[diam]1.0
*[name]tree[x]40[z]516[height]3.3[diam]2.9
*[name]herring[x]37[z]520[height]1.0[diam]1.0
*[name]tree[x]41[z]521[height]3.4[diam]2.8
*[name]herring[x]16[z]523[height]1.0[diam]1.0
*[name]herring[x]37[z]524[height]1.0[diam]1.0
*[name]tree[x]41[z]525[height]2.7[diam]2.1
*[name]tree[x]41[z]530[height]2.9[diam]2.6
*[name]shrub[x]40[z]536[height]1.0[diam]1.0
*[name]float[x]16[z]539[height]1.0[diam]1.0
*[name]herring[x]40[z]540[height]1.0[diam]1.0
*[name]herring[x]16[z]545[height]1.0[diam]1.0
*[name]tree[x]41[z]545[height]2.7[diam]2.6
*[name]herring[x]37[z]547[height]1.0[diam]1.0
*[name]tree[x]41[z]551[height]3.2[diam]2.4
*[name]herring[x]37[z]554[height]1.0[diam]1.0
*[name]herring[x]14[z]558[height]1.0[diam]1.0
*[name]herring[x]38[z]559[height]1.0[diam]1.0
*[name]tree_barren[x]16[z]563[height]3.2[diam]3.0
*[name]tree_barren[x]12[z]564[height]2.3[diam]1.9
*[name]tree_barren[x]18[z]565[height]2.3[diam]2.0
*[name]tree_barren[x]10[z]566[height]2.5[diam]2.4
*[name]herring[x]40[z]566[height]1.0[diam]1.0
*[name]herring[x]15[z]571[height]1.0[diam]1.0
*[name]tree[x]45[z]573[height]3.5[diam]3.3
*[name]herring[x]38[z]574[height]1.0[diam]1.0
*[name]herring[x]37[z]580[height]1.0[diam]1.0
*[name]herring[x]40[z]584[height]1.0[diam]1.0
*[name]herring[x]17[z]588[height]1.0[diam]1.0
*[name]herring[x]37[z]591[height]1.0[diam]1.0
*[name]shrub[x]42[z]591[height]1.4[diam]1.0
*[name]float[x]37[z]594[height]1.0[diam]1.0
*[name]tree[x]44[z]596[height]3.1[diam]3.0
*[name]shrub[x]46[z]600[height]1.1[diam]1.0
*[name]tree[x]30[z]601[height]3.2[diam]2.4
*[name]tree[x]31[z]601[height]2.3[diam]2.1
*[name]shrub[x]33[z]601[height]1.3[diam]1.2
*[name]tree[x]35[z]601[height]3.5[diam]2.6
*[name]herring[x]16[z]603[height]1.0[diam]1.0
*[name]tree[x]32[z]605[height]2.7[diam]2.1
*[name]tree[x]48[z]605[height]1.8[diam]1.3
*[name]tree[x]50[z]607[height]1.9[diam]1.8
*[name]tree[x]2[z]611[height]2.1[diam]1.8
*[name]herring[x]19[z]612[height]1.0[diam]1.0
*[name]herring[x]25[z]638[height]1.0[diam]1.0
*[name]herring[x]25[z]650[height]1.0[diam]1.0
*[name]herring[x]27[z]661[height]1.0[diam]1.0
*[name]shrub[x]2[z]671[height]1.4[diam]1.1
*[name]herring[x]28[z]673[height]1.0[diam]1.0
*[name]herring[x]28[z]682[height]1.0[diam]1.0
*[name]herring[x]27[z]696[height]1.0[diam]1.0
*[name]float[x]31[z]713[height]1.0[diam]1.0
*[name]herring[x]32[z]720[height]1.0[diam]1.0
*[name]tree[x]2[z]721[height]3.3[diam]3.0
*[name]herring[x]33[z]731[height]1.0[diam]1.0
*[name]herring[x]31[z]750[height]1.0[diam]1.0
*[name]herring[x]30[z]764[height]1.0[diam]1.0
*[name]shrub[x]4[z]769[height]1.5[diam]1.1
*[name]herring[x]33[z]773[height]1.0[diam]1.0
*[name]tree[x]20[z]776[height]2.8[diam]2.6
*[name]tree[x]21[z]777[height]3.3[diam]2.6
*[name]tree[x]19[z]778[height]3.2[diam]2.9
*[name]herring[x]37[z]784[height]1.0[diam]1.0
*[name]float[x]21[z]788[height]1.0[diam]1.0
*[name]herring[x]40[z]791[height]1.0[diam]1.0
*[name]herring[x]40[z]800[height]1.0[diam]1.0
*[name]herring[x]16[z]802[height]1.0[diam]1.0
*[name]herring[x]14[z]806[height]1.0[diam]1.0
*[name]herring[x]36[z]810[height]1.0[diam]1.0
*[name]herring[x]12[z]814[height]1.0[diam]1.0
*[name]herring[x]11[z]821[height]1.0[diam]1.0
*[name]shrub[x]24[z]824[height]1.0[diam]0.7
*[name]tree[x]21[z]826[height]2.2[diam]2.2
*[name]tree[x]23[z]826[height]2.2[diam]1.9
*[name]herring[x]10[z]827[height]1.0[diam]1.0
*[name]tree[x]19[z]827[height]3.1[diam]2.9
*[name]herring[x]31[z]830[height]1.0[diam]1.0
*[name]herring[x]11[z]831[height]1.0[diam]1.0
*[name]herring[x]14[z]836[height]1.0[diam]1.0
*[name]herring[x]27[z]842[height]1.0[diam]1.0
*[name]herring[x]27[z]845[height]1.0[diam]1.0
*[name]tree[x]49[z]846[height]2.4[diam]2.2
*[name]herring[x]28[z]849[height]1.0[diam]1.0
*[name]herring[x]31[z]851[height]1.0[diam]1.0
*[name]tree[x]16[z]853[height]3.4[diam]3.3
*[name]shrub[x]10[z]861[height]1.6[diam]1.5
*[name]herring[x]37[z]862[height]1.0[diam]1.0
*[name]shrub[x]2[z]873[height]0.9[diam]0.8
*[name]herring[x]28[z]873[height]1.0[diam]1.0
*[name]herring[x]23[z]885[height]1.0[diam]1.0
*[name]float[x]25[z]891[height]1.0[diam]1.0
*[name]shrub[x]50[z]892[height]1.5[diam]1.1
*[name]herring[x]23[z]896[height]1.0[diam]1.0
*[name]tree[x]0[z]908[height]2.7[diam]2.2
*[name]herring[x]27[z]909[height]1.0[diam]1.0
*[name]herring[x]19[z]918[height]1.0[diam]1.0
*[name]herring[x]35[z]919[height]1.0[diam]1.0
*[name]herring[x]31[z]931[height]1.0[diam]1.0
*[name]herring[x]10[z]933[height]1.0[diam]1.0
*[name]herring[x]27[z]938[height]1.0[diam]1.0
*[name]herring[x]7[z]947[height]1.0[diam]1.0
*[name]herring[x]23[z]947[height]1.0[diam]1.0
*[name]herring[x]23[z]957[height]1.0[diam]1.0
*[name]herring[x]7[z]958[height]1.0[diam]1.0
*[name]shrub[x]26[z]963[height]1.3[diam]1.0
*[name]tree[x]29[z]964[height]1.8[diam]1.4
*[name]shrub[x]28[z]966[height]1.2[diam]1.1
*[name]tree_barren[x]33[z]966[height]2.3[diam]1.9
*[name]herring[x]25[z]967[height]1.0[diam]1.0
*[name]tree[x]29[z]967[height]3.2[diam]3.2
*[name]tree[x]32[z]967[height]3.4[diam]3.4
*[name]herring[x]9[z]969[height]1.0[diam]1.0
*[name]tree[x]31[z]969[height]1.8[diam]1.4
*[name]herring[x]30[z]974[height]1.0[diam]1.0
*[name]float[x]31[z]980[height]1.0[diam]1.0
*[name]herring[x]7[z]982[height]1.0[diam]1.0
*[name]tree[x]24[z]989[height]3.5[diam]2.7
*[name]tree[x]25[z]989[height]3.1[diam]2.9
*[name]tree[x]28[z]989[height]3.5[diam]2.6
*[name]herring[x]35[z]990[height]1.0[diam]1.0
*[name]tree[x]22[z]991[height]2.5[diam]2.5
*[name]tree[x]43[z]991[height]1.9[diam]1.5
*[name]herring[x]11[z]992[height]1.0[diam]1.0
*[name]shrub[x]26[z]992[height]1.5[diam]1.1
*[name]tree[x]23[z]993[height]2.2[diam]1.9
*[name]tree[x]45[z]994[height]2.3[diam]2.1
*[name]shrub[x]26[z]995[height]1.6[diam]1.5
*[name]shrub[x]23[z]996[height]1.0[diam]1.0
*[name]shrub[x]47[z]996[height]0.9[diam]0.8
*[name]tree[x]49[z]997[height]2.6[diam]1.9
*[name]herring[x]14[z]1004[height]1.0[diam]1.0
*[name]herring[x]41[z]1006[height]1.0[diam]1.0
*[name]herring[x]14[z]1013[height]1.0[diam]1.0
*[name]shrub[x]0[z]1015[height]1.7[diam]1.3
*[name]herring[x]37[z]1016[height]1.0[diam]1.0
*[name]herring[x]12[z]1019[height]1.0[diam]1.0
*[name]shrub[x]30[z]1021[height]0.9[diam]0.9
*[name]tree[x]30[z]1023[height]2.3[diam]1.7
*[name]herring[x]16[z]1024[height]1.0[diam]1.0
*[name]shrub[x]29[z]1027[height]0.9[diam]0.7
*[name]shrub[x]26[z]1030[height]1.1[diam]1.1
*[name]herring[x]16[z]1032[height]1.0[diam]1.0
*[name]shrub[x]21[z]1033[height]0.9[diam]0.7
*[name]shrub[x]25[z]1033[height]0.9[diam]0.7
*[name]herring[x]34[z]1033[height]1.0[diam]1.0
*[name]tree[x]22[z]1035[height]2.1[diam]1.5
*[name]herring[x]28[z]1047[height]1.0[diam]1.0
*[name]herring[x]28[z]1055[height]1.0[diam]1.0
*[name]tree[x]14[z]1061[height]3.1[diam]3.1
*[name]shrub[x]11[z]1064[height]1.0[diam]1.0
*[name]herring[x]28[z]1064[height]1.0[diam]1.0
*[name]shrub[x]48[z]1064[height]1.3[diam]1.1
*[name]tree[x]9[z]1065[height]3.1[diam]2.5
*[name]tree[x]47[z]1067[height]2.1[diam]2.1
*[name]tree[x]49[z]1067[height]2.2[diam]1.7
*[name]tree[x]50[z]1067[height]2.8[diam]2.5
*[name]shrub[x]7[z]1069[height]1.2[diam]1.0
*[name]tree_barren[x]7[z]1070[height]4.1[diam]3.5
*[name]tree[x]6[z]1072[height]2.5[diam]2.0
*[name]tree[x]5[z]1073[height]2.6[diam]2.3
*[name]tree[x]4[z]1074[height]2.7[diam]2.5
*[name]tree[x]2[z]1075[height]2.5[diam]2.2
*[name]herring[x]21[z]1075[height]1.0[diam]1.0
*[name]shrub[x]1[z]1076[height]0.9[diam]0.7
*[name]shrub[x]2[z]1076[height]1.7[diam]1.3
*[name]herring[x]19[z]1083[height]1.0[diam]1.0
*[name]herring[x]23[z]1088[height]1.0[diam]1.0
*[name]herring[x]27[z]1094[height]1.0[diam]1.0
*[name]herring[x]28[z]1098[height]1.0[diam]1.0
*[name]float[x]28[z]1112[height]1.0[diam]1.0
*[name]tree[x]49[z]1129[height]2.7[diam]2.5
*[name]tree[x]47[z]1146[height]2.1[diam]1.9
*[name]shrub[x]2[z]1150[height]1.5[diam]1.3
*[name]herring[x]27[z]1151[height]1.0[diam]1.0
*[name]herring[x]27[z]1153[height]1.0[diam]1.0
*[name]shrub[x]46[z]1153[height]1.0[diam]0.8
*[name]herring[x]27[z]1155[height]1.0[diam]1.0
*[name]herring[x]27[z]1157[height]1.0[diam]1.0
*[name]herring[x]27[z]1159[height]1.0[diam]1.0
*[name]tree[x]4[z]1160[height]1.9[diam]1.5
*[name]tree[x]44[z]1160[height]2.5[diam]2.0
*[name]shrub[x]44[z]1168[height]1.4[diam]1.4
*[name]tree[x]3[z]1169[height]3.4[diam]3.4
*[name]herring[x]27[z]1170[height]1.0[diam]1.0
*[name]herring[x]27[z]1175[height]1.0[diam]1.0
*[name]tree[x]45[z]1177[height]2.6[diam]2.6
*[name]tree[x]45[z]1178[height]2.5[diam]2.4
*[name]tree[x]3[z]1180[height]2.1[diam]2.0
*[name]herring[x]27[z]1182[height]1.0[diam]1.0
*[name]shrub[x]46[z]1185[height]1.2[diam]1.1
*[name]shrub[x]1[z]1187[height]1.4[diam]1.4
*[name]tree_barren[x]46[z]1193[height]2.6[diam]2.4
*[name]float[x]26[z]1195[height]1.0[diam]1.0
*[name]start[x]26[z]1196[height]6.0[diam]9.0
