*[name]herring[x]72[z]3[height]1.0[diam]1.0
*[name]herring[x]92[z]3[height]1.0[diam]1.0
*[name]herring[x]113[z]3[height]1.0[diam]1.0
*[name]herring[x]61[z]4[height]1.0[diam]1.0
*[name]herring[x]103[z]6[height]1.0[diam]1.0
*[name]herring[x]79[z]8[height]1.0[diam]1.0
*[name]herring[x]85[z]22[height]1.0[diam]1.0
*[name]herring[x]115[z]23[height]1.0[diam]1.0
*[name]herring[x]48[z]40[height]1.0[diam]1.0
*[name]herring[x]68[z]44[height]1.0[diam]1.0
*[name]herring[x]118[z]61[height]1.0[diam]1.0
*[name]herring[x]96[z]89[height]1.0[diam]1.0
*[name]herring[x]131[z]89[height]1.0[diam]1.0
*[name]herring[x]54[z]91[height]1.0[diam]1.0
*[name]herring[x]78[z]92[height]1.0[diam]1.0
*[name]herring[x]104[z]109[height]1.0[diam]1.0
*[name]herring[x]50[z]113[height]1.0[diam]1.0
*[name]herring[x]47[z]157[height]1.0[diam]1.0
*[name]herring[x]147[z]161[height]1.0[diam]1.0
*[name]herring[x]105[z]166[height]1.0[diam]1.0
*[name]herring[x]176[z]195[height]1.0[diam]1.0
*[name]herring[x]45[z]197[height]1.0[diam]1.0
*[name]herring[x]108[z]201[height]1.0[diam]1.0
*[name]herring[x]188[z]236[height]1.0[diam]1.0
*[name]herring[x]116[z]237[height]1.0[diam]1.0
*[name]herring[x]56[z]253[height]1.0[diam]1.0
*[name]herring[x]74[z]293[height]1.0[diam]1.0
*[name]herring[x]122[z]320[height]1.0[diam]1.0
*[name]herring[x]189[z]324[height]1.0[diam]1.0
*[name]herring[x]80[z]356[height]1.0[diam]1.0
*[name]herring[x]180[z]364[height]1.0[diam]1.0
*[name]herring[x]135[z]369[height]1.0[diam]1.0
*[name]herring[x]87[z]399[height]1.0[diam]1.0
*[name]herring[x]97[z]419[height]1.0[diam]1.0
*[name]herring[x]66[z]424[height]1.0[diam]1.0
*[name]herring[x]171[z]426[height]1.0[diam]1.0
*[name]herring[x]180[z]453[height]1.0[diam]1.0
*[name]herring[x]52[z]477[height]1.0[diam]1.0
*[name]herring[x]122[z]478[height]1.0[diam]1.0
*[name]herring[x]207[z]507[height]1.0[diam]1.0
*[name]herring[x]45[z]520[height]1.0[diam]1.0
*[name]herring[x]61[z]539[height]1.0[diam]1.0
*[name]herring[x]159[z]542[height]1.0[diam]1.0
*[name]herring[x]221[z]552[height]1.0[diam]1.0
*[name]herring[x]181[z]585[height]1.0[diam]1.0
*[name]herring[x]136[z]586[height]1.0[diam]1.0
*[name]herring[x]63[z]592[height]1.0[diam]1.0
*[name]herring[x]222[z]601[height]1.0[diam]1.0
*[name]herring[x]97[z]629[height]1.0[diam]1.0
*[name]herring[x]105[z]629[height]1.0[diam]1.0
*[name]herring[x]216[z]636[height]1.0[diam]1.0
*[name]herring[x]192[z]652[height]1.0[diam]1.0
*[name]herring[x]61[z]655[height]1.0[diam]1.0
*[name]herring[x]103[z]656[height]1.0[diam]1.0
*[name]herring[x]198[z]676[height]1.0[diam]1.0
*[name]herring[x]64[z]688[height]1.0[diam]1.0
*[name]herring[x]126[z]698[height]1.0[diam]1.0
*[name]herring[x]46[z]699[height]1.0[diam]1.0
*[name]herring[x]200[z]699[height]1.0[diam]1.0
*[name]herring[x]219[z]710[height]1.0[diam]1.0
*[name]herring[x]37[z]711[height]1.0[diam]1.0
*[name]herring[x]101[z]715[height]1.0[diam]1.0
*[name]herring[x]166[z]722[height]1.0[diam]1.0
*[name]herring[x]39[z]731[height]1.0[diam]1.0
*[name]herring[x]205[z]736[height]1.0[diam]1.0
*[name]herring[x]183[z]739[height]1.0[diam]1.0
*[name]herring[x]97[z]750[height]1.0[diam]1.0
*[name]herring[x]36[z]758[height]1.0[diam]1.0
*[name]herring[x]61[z]762[height]1.0[diam]1.0
*[name]herring[x]138[z]771[height]1.0[diam]1.0
*[name]herring[x]171[z]777[height]1.0[diam]1.0
*[name]herring[x]88[z]779[height]1.0[diam]1.0
*[name]herring[x]50[z]780[height]1.0[diam]1.0
*[name]herring[x]130[z]792[height]1.0[diam]1.0
*[name]herring[x]159[z]794[height]1.0[diam]1.0
*[name]herring[x]84[z]796[height]1.0[diam]1.0
*[name]herring[x]60[z]798[height]1.0[diam]1.0
*[name]herring[x]146[z]805[height]1.0[diam]1.0
*[name]herring[x]73[z]819[height]1.0[diam]1.0
*[name]herring[x]130[z]822[height]1.0[diam]1.0
*[name]herring[x]88[z]832[height]1.0[diam]1.0
*[name]herring[x]114[z]836[height]1.0[diam]1.0
*[name]herring[x]115[z]836[height]1.0[diam]1.0
*[name]herring[x]103[z]849[height]1.0[diam]1.0
*[name]herring[x]96[z]867[height]1.0[diam]1.0
*[name]herring[x]97[z]867[height]1.0[diam]1.0
*[name]herring[x]98[z]886[height]1.0[diam]1.0
*[name]herring[x]104[z]908[height]1.0[diam]1.0
*[name]herring[x]104[z]909[height]1.0[diam]1.0
*[name]herring[x]112[z]924[height]1.0[diam]1.0
*[name]herring[x]114[z]929[height]1.0[diam]1.0
*[name]herring[x]115[z]929[height]1.0[diam]1.0
*[name]herring[x]119[z]938[height]1.0[diam]1.0
*[name]herring[x]121[z]949[height]1.0[diam]1.0
*[name]herring[x]125[z]962[height]1.0[diam]1.0
*[name]herring[x]121[z]971[height]1.0[diam]1.0
*[name]herring[x]123[z]984[height]1.0[diam]1.0
